<html>
<body>
<pre>
<h1>�Vision Build Log</h1>
<h2>Tool Versions:</h2>
IDE-Version: ��Vision V5.38.0.0
Copyright (C) 2022 ARM Ltd and ARM Germany GmbH. All rights reserved.
License Information: rio Admin, rio, LIC=WHYH9-41S13-VE9HA-1P9V9-F08QJ-H7N6D
 
Tool Versions:
Toolchain:       MDK-ARM Plus  Version: 5.38.0.0
Toolchain Path:  C:\Keil_v5\ARM\ARMCC\Bin
C Compiler:      Armcc.exe V5.06 update 6 (build 750)
Assembler:       Armasm.exe V5.06 update 6 (build 750)
Linker/Locator:  ArmLink.exe V5.06 update 6 (build 750)
Library Manager: ArmAr.exe V5.06 update 6 (build 750)
Hex Converter:   FromElf.exe V5.06 update 6 (build 750)
CPU DLL:         SARMCM3.DLL V5.38.0.0
Dialog DLL:      DCM.DLL V1.17.5.0
Target DLL:      UL2CM3.DLL V1.164.8.0
Dialog DLL:      TCM.DLL V1.56.4.0
 
<h2>Project:</h2>
C:\Users\Admin\Desktop\xiangjinquan\smart-classroom\MDK-ARM\smart-classroom.uvprojx
Project File Date:  03/29/2026

<h2>Output:</h2>
*** Using Compiler 'V5.06 update 6 (build 750)', folder: 'C:\Keil_v5\ARM\ARMCC\Bin'
Build target 'smart-classroom'
assembling startup_stm32f103xb.s...
compiling adc.c...
compiling dma.c...
compiling stm32f1xx_hal_msp.c...
compiling stm32f1xx_hal_gpio_ex.c...
compiling tim.c...
compiling gpio.c...
compiling usart.c...
compiling stm32f1xx_it.c...
../App/esp8266.h(59): warning:  #1-D: last line of file ends without a newline
  #endif /* __ESP8266_H */
../Core/Src/stm32f1xx_it.c: 1 warning, 0 errors
compiling main.c...
../App/HC_SR04.h(14): warning:  #1-D: last line of file ends without a newline
  #endif
../App/esp8266.h(59): warning:  #1-D: last line of file ends without a newline
  #endif /* __ESP8266_H */
../Core/Src/main.c: 2 warnings, 0 errors
compiling stm32f1xx_hal_adc_ex.c...
compiling stm32f1xx_hal_adc.c...
compiling stm32f1xx_hal.c...
compiling stm32f1xx_hal_rcc_ex.c...
compiling stm32f1xx_hal_gpio.c...
compiling stm32f1xx_hal_cortex.c...
compiling stm32f1xx_hal_pwr.c...
compiling stm32f1xx_hal_dma.c...
compiling stm32f1xx_hal_exti.c...
compiling stm32f1xx_hal_flash.c...
compiling stm32f1xx_hal_flash_ex.c...
compiling stm32f1xx_hal_rcc.c...
compiling cJSON.c...
compiling stm32f1xx_hal_tim.c...
compiling system_stm32f1xx.c...
compiling stm32f1xx_hal_tim_ex.c...
compiling delay.c...
..\App\delay.c(4): warning:  #550-D: variable "fac_ms"  was set but never used
  static uint32_t fac_ms = 0;  // 毫秒延时系数
..\App\delay.c: 1 warning, 0 errors
compiling oled.c...
compiling mqtt_publisher.c...
..\App\mqtt_publisher.h(18): warning:  #1-D: last line of file ends without a newline
  #endif
..\App\esp8266.h(59): warning:  #1-D: last line of file ends without a newline
  #endif /* __ESP8266_H */
..\App\mqtt_publisher.c(117): warning:  #1-D: last line of file ends without a newline
  //}
..\App\mqtt_publisher.c: 3 warnings, 0 errors
compiling stm32f1xx_hal_uart.c...
compiling esp8266.c...
..\App\esp8266.h(59): warning:  #1-D: last line of file ends without a newline
  #endif /* __ESP8266_H */
..\App\esp8266.c(590): warning:  #1-D: last line of file ends without a newline
  }
..\App\esp8266.c: 2 warnings, 0 errors
linking...
Program Size: Code=14296 RO-data=7068 RW-data=44 ZI-data=2660  
FromELF: creating hex file...
"Design_and_Implementation_of_Smart_Table_Lamp\smart-classroom.axf" - 0 Error(s), 9 Warning(s).

<h2>Software Packages used:</h2>

Package Vendor: ARM
                http://www.keil.com/pack/ARM.CMSIS.5.9.0.pack
                ARM.CMSIS.5.9.0
                CMSIS (Common Microcontroller Software Interface Standard)
   * Component: CORE Version: 5.6.0

Package Vendor: Keil
                https://www.keil.com/pack/Keil.STM32F1xx_DFP.2.4.1.pack
                Keil.STM32F1xx_DFP.2.4.1
                STMicroelectronics STM32F1 Series Device Support, Drivers and Examples

<h2>Collection of Component include folders:</h2>
  ./RTE/_smart-classroom
  C:/Users/Admin/AppData/Local/Arm/Packs/ARM/CMSIS/5.9.0/CMSIS/Core/Include
  C:/Users/Admin/AppData/Local/Arm/Packs/Keil/STM32F1xx_DFP/2.4.1/Device/Include

<h2>Collection of Component Files used:</h2>

   * Component: ARM::CMSIS:CORE:5.6.0
      Include file:  CMSIS/Core/Include/tz_context.h
Build Time Elapsed:  00:00:04
</pre>
</body>
</html>
