Component: ARM Compiler 5.06 update 6 (build 750) Tool: armlink [4d35ed]

==============================================================================

Section Cross References

    startup_stm32f103xb.o(RESET) refers to startup_stm32f103xb.o(STACK) for __initial_sp
    startup_stm32f103xb.o(RESET) refers to startup_stm32f103xb.o(.text) for Reset_Handler
    startup_stm32f103xb.o(RESET) refers to stm32f1xx_it.o(i.NMI_Handler) for NMI_Handler
    startup_stm32f103xb.o(RESET) refers to stm32f1xx_it.o(i.HardFault_Handler) for HardFault_Handler
    startup_stm32f103xb.o(RESET) refers to stm32f1xx_it.o(i.MemManage_Handler) for MemManage_Handler
    startup_stm32f103xb.o(RESET) refers to stm32f1xx_it.o(i.BusFault_Handler) for BusFault_Handler
    startup_stm32f103xb.o(RESET) refers to stm32f1xx_it.o(i.UsageFault_Handler) for UsageFault_Handler
    startup_stm32f103xb.o(RESET) refers to stm32f1xx_it.o(i.SVC_Handler) for SVC_Handler
    startup_stm32f103xb.o(RESET) refers to stm32f1xx_it.o(i.DebugMon_Handler) for DebugMon_Handler
    startup_stm32f103xb.o(RESET) refers to stm32f1xx_it.o(i.PendSV_Handler) for PendSV_Handler
    startup_stm32f103xb.o(RESET) refers to stm32f1xx_it.o(i.SysTick_Handler) for SysTick_Handler
    startup_stm32f103xb.o(RESET) refers to stm32f1xx_it.o(i.DMA1_Channel5_IRQHandler) for DMA1_Channel5_IRQHandler
    startup_stm32f103xb.o(RESET) refers to stm32f1xx_it.o(i.TIM1_UP_IRQHandler) for TIM1_UP_IRQHandler
    startup_stm32f103xb.o(RESET) refers to stm32f1xx_it.o(i.TIM2_IRQHandler) for TIM2_IRQHandler
    startup_stm32f103xb.o(RESET) refers to stm32f1xx_it.o(i.USART1_IRQHandler) for USART1_IRQHandler
    startup_stm32f103xb.o(RESET) refers to stm32f1xx_it.o(i.EXTI15_10_IRQHandler) for EXTI15_10_IRQHandler
    startup_stm32f103xb.o(.text) refers to system_stm32f1xx.o(i.SystemInit) for SystemInit
    startup_stm32f103xb.o(.text) refers to entry.o(.ARM.Collect$$$$00000000) for __main
    main.o(i.HAL_GPIO_EXTI_Callback) refers to delay.o(i.delay_ms) for delay_ms
    main.o(i.HAL_GPIO_EXTI_Callback) refers to main.o(.data) for .data
    main.o(i.SettingInterface) refers to oled.o(i.OLED_Clear) for OLED_Clear
    main.o(i.SettingInterface) refers to oled.o(i.OLED_ShowString) for OLED_ShowString
    main.o(i.SettingInterface) refers to oled.o(i.OLED_ShowNum) for OLED_ShowNum
    main.o(i.SettingInterface) refers to oled.o(i.OLED_ShowChar) for OLED_ShowChar
    main.o(i.SettingInterface) refers to oled.o(i.OLED_Refresh) for OLED_Refresh
    main.o(i.SettingInterface) refers to delay.o(i.delay_ms) for delay_ms
    main.o(i.SettingInterface) refers to main.o(.data) for .data
    main.o(i.SystemClock_Config) refers to memseta.o(.text) for __aeabi_memclr4
    main.o(i.SystemClock_Config) refers to stm32f1xx_hal_rcc.o(i.HAL_RCC_OscConfig) for HAL_RCC_OscConfig
    main.o(i.SystemClock_Config) refers to stm32f1xx_hal_rcc.o(i.HAL_RCC_ClockConfig) for HAL_RCC_ClockConfig
    main.o(i.SystemClock_Config) refers to stm32f1xx_hal_rcc_ex.o(i.HAL_RCCEx_PeriphCLKConfig) for HAL_RCCEx_PeriphCLKConfig
    main.o(i.main) refers to stm32f1xx_hal.o(i.HAL_Init) for HAL_Init
    main.o(i.main) refers to main.o(i.SystemClock_Config) for SystemClock_Config
    main.o(i.main) refers to gpio.o(i.MX_GPIO_Init) for MX_GPIO_Init
    main.o(i.main) refers to dma.o(i.MX_DMA_Init) for MX_DMA_Init
    main.o(i.main) refers to tim.o(i.MX_TIM2_Init) for MX_TIM2_Init
    main.o(i.main) refers to usart.o(i.MX_USART1_UART_Init) for MX_USART1_UART_Init
    main.o(i.main) refers to tim.o(i.MX_TIM1_Init) for MX_TIM1_Init
    main.o(i.main) refers to usart.o(i.MX_USART3_UART_Init) for MX_USART3_UART_Init
    main.o(i.main) refers to adc.o(i.MX_ADC1_Init) for MX_ADC1_Init
    main.o(i.main) refers to adc.o(i.MX_ADC2_Init) for MX_ADC2_Init
    main.o(i.main) refers to oled.o(i.OLED_Init) for OLED_Init
    main.o(i.main) refers to delay.o(i.Delay_Init) for Delay_Init
    main.o(i.main) refers to printfa.o(i.__0printf) for __2printf
    main.o(i.main) refers to main.o(i.SettingInterface) for SettingInterface
    main.o(i.main) refers to adc.o(i.ADC1_Read) for ADC1_Read
    main.o(i.main) refers to adc.o(i.ADC2_Read) for ADC2_Read
    main.o(i.main) refers to dht11.o(i.DHT11_Read_Data) for DHT11_Read_Data
    main.o(i.main) refers to oled.o(i.OLED_Clear) for OLED_Clear
    main.o(i.main) refers to oled.o(i.OLED_ShowString) for OLED_ShowString
    main.o(i.main) refers to oled.o(i.OLED_ShowNum) for OLED_ShowNum
    main.o(i.main) refers to oled.o(i.OLED_ShowChar) for OLED_ShowChar
    main.o(i.main) refers to oled.o(i.OLED_Refresh) for OLED_Refresh
    main.o(i.main) refers to delay.o(i.delay_ms) for delay_ms
    main.o(i.main) refers to main.o(.data) for .data
    gpio.o(i.MX_GPIO_Init) refers to stm32f1xx_hal_gpio.o(i.HAL_GPIO_WritePin) for HAL_GPIO_WritePin
    gpio.o(i.MX_GPIO_Init) refers to stm32f1xx_hal_gpio.o(i.HAL_GPIO_Init) for HAL_GPIO_Init
[...]

==============================================================================

Image Symbol Table

    Local Symbols

    Symbol Name                              Value     Ov Type        Size  Object(Section)

    ../Core/Src/adc.c                        0x00000000   Number         0  adc.o ABSOLUTE
    ../Core/Src/dma.c                        0x00000000   Number         0  dma.o ABSOLUTE
    ../Core/Src/gpio.c                       0x00000000   Number         0  gpio.o ABSOLUTE
    ../Core/Src/main.c                       0x00000000   Number         0  main.o ABSOLUTE
    ../Core/Src/stm32f1xx_hal_msp.c          0x00000000   Number         0  stm32f1xx_hal_msp.o ABSOLUTE
    ../Core/Src/stm32f1xx_it.c               0x00000000   Number         0  stm32f1xx_it.o ABSOLUTE
    ../Core/Src/system_stm32f1xx.c           0x00000000   Number         0  system_stm32f1xx.o ABSOLUTE
    ../Core/Src/tim.c                        0x00000000   Number         0  tim.o ABSOLUTE
    ../Core/Src/usart.c                      0x00000000   Number         0  usart.o ABSOLUTE
    ../Drivers/STM32F1xx_HAL_Driver/Src/stm32f1xx_hal.c 0x00000000   Number         0  stm32f1xx_hal.o ABSOLUTE
    ../Drivers/STM32F1xx_HAL_Driver/Src/stm32f1xx_hal_adc.c 0x00000000   Number         0  stm32f1xx_hal_adc.o ABSOLUTE
    ../Drivers/STM32F1xx_HAL_Driver/Src/stm32f1xx_hal_adc_ex.c 0x00000000   Number         0  stm32f1xx_hal_adc_ex.o ABSOLUTE
    ../Drivers/STM32F1xx_HAL_Driver/Src/stm32f1xx_hal_cortex.c 0x00000000   Number         0  stm32f1xx_hal_cortex.o ABSOLUTE
    ../Drivers/STM32F1xx_HAL_Driver/Src/stm32f1xx_hal_dma.c 0x00000000   Number         0  stm32f1xx_hal_dma.o ABSOLUTE
    ../Drivers/STM32F1xx_HAL_Driver/Src/stm32f1xx_hal_exti.c 0x00000000   Number         0  stm32f1xx_hal_exti.o ABSOLUTE
    ../Drivers/STM32F1xx_HAL_Driver/Src/stm32f1xx_hal_flash.c 0x00000000   Number         0  stm32f1xx_hal_flash.o ABSOLUTE
    ../Drivers/STM32F1xx_HAL_Driver/Src/stm32f1xx_hal_flash_ex.c 0x00000000   Number         0  stm32f1xx_hal_flash_ex.o ABSOLUTE
    ../Drivers/STM32F1xx_HAL_Driver/Src/stm32f1xx_hal_gpio.c 0x00000000   Number         0  stm32f1xx_hal_gpio.o ABSOLUTE
    ../Drivers/STM32F1xx_HAL_Driver/Src/stm32f1xx_hal_gpio_ex.c 0x00000000   Number         0  stm32f1xx_hal_gpio_ex.o ABSOLUTE
    ../Drivers/STM32F1xx_HAL_Driver/Src/stm32f1xx_hal_pwr.c 0x00000000   Number         0  stm32f1xx_hal_pwr.o ABSOLUTE
    ../Drivers/STM32F1xx_HAL_Driver/Src/stm32f1xx_hal_rcc.c 0x00000000   Number         0  stm32f1xx_hal_rcc.o ABSOLUTE
    ../Drivers/STM32F1xx_HAL_Driver/Src/stm32f1xx_hal_rcc_ex.c 0x00000000   Number         0  stm32f1xx_hal_rcc_ex.o ABSOLUTE
    ../Drivers/STM32F1xx_HAL_Driver/Src/stm32f1xx_hal_tim.c 0x00000000   Number         0  stm32f1xx_hal_tim.o ABSOLUTE
    ../Drivers/STM32F1xx_HAL_Driver/Src/stm32f1xx_hal_tim_ex.c 0x00000000   Number         0  stm32f1xx_hal_tim_ex.o ABSOLUTE
    ../Drivers/STM32F1xx_HAL_Driver/Src/stm32f1xx_hal_uart.c 0x00000000   Number         0  stm32f1xx_hal_uart.o ABSOLUTE
    ../clib/microlib/ctype/ctype.c           0x00000000   Number         0  ctype_o.o ABSOLUTE
    ../clib/microlib/ctype/ctype.c           0x00000000   Number         0  ctype_c.o ABSOLUTE
    ../clib/microlib/ctype/ctype.c           0x00000000   Number         0  isxdigit_o.o ABSOLUTE
    ../clib/microlib/ctype/ctype.c           0x00000000   Number         0  isupper_o.o ABSOLUTE
    ../clib/microlib/ctype/ctype.c           0x00000000   Number         0  isspace_o.o ABSOLUTE
    ../clib/microlib/ctype/ctype.c           0x00000000   Number         0  isblank_o.o ABSOLUTE
    ../clib/microlib/ctype/ctype.c           0x00000000   Number         0  ispunct_o.o ABSOLUTE
    ../clib/microlib/ctype/ctype.c           0x00000000   Number         0  isprint_o.o ABSOLUTE
    ../clib/microlib/ctype/ctype.c           0x00000000   Number         0  islower_o.o ABSOLUTE
    ../clib/microlib/ctype/ctype.c           0x00000000   Number         0  isgraph_o.o ABSOLUTE
    ../clib/microlib/ctype/ctype.c           0x00000000   Number         0  isdigit_o.o ABSOLUTE
    ../clib/microlib/ctype/ctype.c           0x00000000   Number         0  iscntrl_o.o ABSOLUTE
    ../clib/microlib/ctype/ctype.c           0x00000000   Number         0  isalpha_o.o ABSOLUTE
    ../clib/microlib/ctype/ctype.c           0x00000000   Number         0  isalnum_o.o ABSOLUTE
    ../clib/microlib/ctype/ctype.c           0x00000000   Number         0  isspace_c.o ABSOLUTE
    ../clib/microlib/ctype/tolower.c         0x00000000   Number         0  tolower.o ABSOLUTE
    ../clib/microlib/division.c              0x00000000   Number         0  uidiv.o ABSOLUTE
    ../clib/microlib/division.c              0x00000000   Number         0  uldiv.o ABSOLUTE
    ../clib/microlib/errno.c                 0x00000000   Number         0  errno.o ABSOLUTE
    ../clib/microlib/init/entry.s            0x00000000   Number         0  entry11a.o ABSOLUTE
    ../clib/microlib/init/entry.s            0x00000000   Number         0  entry.o ABSOLUTE
    ../clib/microlib/init/entry.s            0x00000000   Number         0  entry8b.o ABSOLUTE
    ../clib/microlib/init/entry.s            0x00000000   Number         0  entry11b.o ABSOLUTE
    ../clib/microlib/init/entry.s            0x00000000   Number         0  entry7b.o ABSOLUTE
    ../clib/microlib/init/entry.s            0x00000000   Number         0  entry7a.o ABSOLUTE
    ../clib/microlib/init/entry.s            0x00000000   Number         0  entry8a.o ABSOLUTE
    ../clib/microlib/init/entry.s            0x00000000   Number         0  entry5.o ABSOLUTE
    ../clib/microlib/init/entry.s            0x00000000   Number         0  entry10a.o ABSOLUTE
    ../clib/microlib/init/entry.s            0x00000000   Number         0  entry9b.o ABSOLUTE
    ../clib/microlib/init/entry.s            0x00000000   Number         0  entry2.o ABSOLUTE
    ../clib/microlib/init/entry.s            0x00000000   Number         0  entry10b.o ABSOLUTE
    ../clib/microlib/init/entry.s            0x00000000   Number         0  entry9a.o ABSOLUTE
    ../clib/microlib/longlong.c              0x00000000   Number         0  llshl.o ABSOLUTE
    ../clib/microlib/longlong.c              0x00000000   Number         0  llushr.o ABSOLUTE
    ../clib/microlib/longlong.c              0x00000000   Number         0  llsshr.o ABSOLUTE
    ../clib/microlib/malloc/malloc.c         0x00000000   Number         0  mallocra.o ABSOLUTE
    ../clib/microlib/malloc/malloc.c         0x00000000   Number         0  malloca.o ABSOLUTE
    ../clib/microlib/malloc/malloc.c         0x00000000   Number         0  mallocr.o ABSOLUTE
    ../clib/microlib/malloc/malloc.c         0x00000000   Number         0  malloc.o ABSOLUTE
    ../clib/microlib/malloc/mvars.c          0x00000000   Number         0  mvars.o ABSOLUTE
    ../clib/microlib/printf/printf.c         0x00000000   Number         0  printf2.o ABSOLUTE
    ../clib/microlib/printf/printf.c         0x00000000   Number         0  printf1.o ABSOLUTE
    ../clib/microlib/printf/printf.c         0x00000000   Number         0  printf5.o ABSOLUTE
    ../clib/microlib/printf/printf.c         0x00000000   Number         0  printf4.o ABSOLUTE
    ../clib/microlib/printf/printf.c         0x00000000   Number         0  printf6.o ABSOLUTE
    ../clib/microlib/printf/printf.c         0x00000000   Number         0  printf7.o ABSOLUTE
    ../clib/microlib/printf/printf.c         0x00000000   Number         0  printf8.o ABSOLUTE
    ../clib/microlib/printf/printf.c         0x00000000   Number         0  printf3.o ABSOLUTE
    ../clib/microlib/printf/printf.c         0x00000000   Number         0  printfa.o ABSOLUTE
    ../clib/microlib/printf/printf.c         0x00000000   Number         0  printfb.o ABSOLUTE
    ../clib/microlib/printf/printf.c         0x00000000   Number         0  printf0.o ABSOLUTE
    ../clib/microlib/printf/stubs.s          0x00000000   Number         0  stubs.o ABSOLUTE
    ../clib/microlib/stdio/streams.c         0x00000000   Number         0  stdout.o ABSOLUTE
    ../clib/microlib/string/memcpy.c         0x00000000   Number         0  memcpyb.o ABSOLUTE
    ../clib/microlib/string/memcpy.c         0x00000000   Number         0  memcpya.o ABSOLUTE
    ../clib/microlib/string/memset.c         0x00000000   Number         0  memseta.o ABSOLUTE
    ../clib/microlib/string/strchr.c         0x00000000   Number         0  strchr.o ABSOLUTE
    ../clib/microlib/string/strcmp.c         0x00000000   Number         0  strcmp.o ABSOLUTE
    ../clib/microlib/string/strcpy.c         0x00000000   Number         0  strcpy.o ABSOLUTE
    ../clib/microlib/string/strlen.c         0x00000000   Number         0  strlen.o ABSOLUTE
    ../clib/microlib/string/strncmp.c        0x00000000   Number         0  strncmp.o ABSOLUTE
    ../clib/microlib/string/strstr.c         0x00000000   Number         0  strstr.o ABSOLUTE
    ../clib/microlib/stubs.s                 0x00000000   Number         0  iusefp.o ABSOLUTE
    ../clib/scanf.c                          0x00000000   Number         0  _scanf.o ABSOLUTE
    ../clib/scanf.c                          0x00000000   Number         0  _strtoul.o ABSOLUTE
    ../clib/scanf.c                          0x00000000   Number         0  atoi.o ABSOLUTE
    ../clib/scanf.c                          0x00000000   Number         0  scanf_fp.o ABSOLUTE
    ../clib/scanf.c                          0x00000000   Number         0  __0sscanf.o ABSOLUTE
    ../clib/scanf.c                          0x00000000   Number         0  _chval.o ABSOLUTE
    ../clib/scanf.c                          0x00000000   Number         0  scanf_char.o ABSOLUTE
    ../clib/scanf.c                          0x00000000   Number         0  _sgetc.o ABSOLUTE
    ../clib/scanf.c                          0x00000000   Number         0  strtod.o ABSOLUTE
    ../clib/scanf.c                          0x00000000   Number         0  strtol.o ABSOLUTE
    ../fplib/microlib/d2f.c                  0x00000000   Number         0  d2f.o ABSOLUTE
    ../fplib/microlib/f2d.c                  0x00000000   Number         0  f2d.o ABSOLUTE
    ../fplib/microlib/fpadd.c                0x00000000   Number         0  dadd.o ABSOLUTE
    ../fplib/microlib/fpdiv.c                0x00000000   Number         0  ddiv.o ABSOLUTE
    ../fplib/microlib/fpepilogue.c           0x00000000   Number         0  fepilogue.o ABSOLUTE
    ../fplib/microlib/fpepilogue.c           0x00000000   Number         0  depilogue.o ABSOLUTE
    ../fplib/microlib/fpfix.c                0x00000000   Number         0  dfixi.o ABSOLUTE
    ../fplib/microlib/fpfix.c                0x00000000   Number         0  dfixul.o ABSOLUTE
    ../fplib/microlib/fpflt.c                0x00000000   Number         0  dflti.o ABSOLUTE
    ../fplib/microlib/fpflt.c                0x00000000   Number         0  dfltul.o ABSOLUTE
    ../fplib/microlib/fpmul.c                0x00000000   Number         0  dmul.o ABSOLUTE
    ../fplib/microlib/fpscalb.c              0x00000000   Number         0  dscalb.o ABSOLUTE
    ../mathlib/strtod.c                      0x00000000   Number         0  strtod.o ABSOLUTE
    ..\App\cJSON.c                           0x00000000   Number         0  cjson.o ABSOLUTE
    ..\App\delay.c                           0x00000000   Number         0  delay.o ABSOLUTE
    ..\App\dht11.c                           0x00000000   Number         0  dht11.o ABSOLUTE
    ..\App\esp8266.c                         0x00000000   Number         0  esp8266.o ABSOLUTE
    ..\App\mqtt_publisher.c                  0x00000000   Number         0  mqtt_publisher.o ABSOLUTE
    ..\App\oled.c                            0x00000000   Number         0  oled.o ABSOLUTE
    ..\Core\Src\adc.c                        0x00000000   Number         0  adc.o ABSOLUTE
    ..\Core\Src\dma.c                        0x00000000   Number         0  dma.o ABSOLUTE
    ..\Core\Src\gpio.c                       0x00000000   Number         0  gpio.o ABSOLUTE
    ..\Core\Src\main.c                       0x00000000   Number         0  main.o ABSOLUTE
    ..\Core\Src\stm32f1xx_hal_msp.c          0x00000000   Number         0  stm32f1xx_hal_msp.o ABSOLUTE
    ..\Core\Src\stm32f1xx_it.c               0x00000000   Number         0  stm32f1xx_it.o ABSOLUTE
    ..\Core\Src\system_stm32f1xx.c           0x00000000   Number         0  system_stm32f1xx.o ABSOLUTE
    ..\Core\Src\tim.c                        0x00000000   Number         0  tim.o ABSOLUTE
    ..\Core\Src\usart.c                      0x00000000   Number         0  usart.o ABSOLUTE
    ..\Drivers\STM32F1xx_HAL_Driver\Src\stm32f1xx_hal.c 0x00000000   Number         0  stm32f1xx_hal.o ABSOLUTE
    ..\Drivers\STM32F1xx_HAL_Driver\Src\stm32f1xx_hal_adc.c 0x00000000   Number         0  stm32f1xx_hal_adc.o ABSOLUTE
    ..\Drivers\STM32F1xx_HAL_Driver\Src\stm32f1xx_hal_adc_ex.c 0x00000000   Number         0  stm32f1xx_hal_adc_ex.o ABSOLUTE
    ..\Drivers\STM32F1xx_HAL_Driver\Src\stm32f1xx_hal_cortex.c 0x00000000   Number         0  stm32f1xx_hal_cortex.o ABSOLUTE
    ..\Drivers\STM32F1xx_HAL_Driver\Src\stm32f1xx_hal_dma.c 0x00000000   Number         0  stm32f1xx_hal_dma.o ABSOLUTE
    ..\Drivers\STM32F1xx_HAL_Driver\Src\stm32f1xx_hal_exti.c 0x00000000   Number         0  stm32f1xx_hal_exti.o ABSOLUTE
    ..\Drivers\STM32F1xx_HAL_Driver\Src\stm32f1xx_hal_flash.c 0x00000000   Number         0  stm32f1xx_hal_flash.o ABSOLUTE
    ..\Drivers\STM32F1xx_HAL_Driver\Src\stm32f1xx_hal_flash_ex.c 0x00000000   Number         0  stm32f1xx_hal_flash_ex.o ABSOLUTE
    ..\Drivers\STM32F1xx_HAL_Driver\Src\stm32f1xx_hal_gpio.c 0x00000000   Number         0  stm32f1xx_hal_gpio.o ABSOLUTE
    ..\Drivers\STM32F1xx_HAL_Driver\Src\stm32f1xx_hal_gpio_ex.c 0x00000000   Number         0  stm32f1xx_hal_gpio_ex.o ABSOLUTE
    ..\Drivers\STM32F1xx_HAL_Driver\Src\stm32f1xx_hal_pwr.c 0x00000000   Number         0  stm32f1xx_hal_pwr.o ABSOLUTE
    ..\Drivers\STM32F1xx_HAL_Driver\Src\stm32f1xx_hal_rcc.c 0x00000000   Number         0  stm32f1xx_hal_rcc.o ABSOLUTE
    ..\Drivers\STM32F1xx_HAL_Driver\Src\stm32f1xx_hal_rcc_ex.c 0x00000000   Number         0  stm32f1xx_hal_rcc_ex.o ABSOLUTE
    ..\Drivers\STM32F1xx_HAL_Driver\Src\stm32f1xx_hal_tim.c 0x00000000   Number         0  stm32f1xx_hal_tim.o ABSOLUTE
    ..\Drivers\STM32F1xx_HAL_Driver\Src\stm32f1xx_hal_tim_ex.c 0x00000000   Number         0  stm32f1xx_hal_tim_ex.o ABSOLUTE
    ..\Drivers\STM32F1xx_HAL_Driver\Src\stm32f1xx_hal_uart.c 0x00000000   Number         0  stm32f1xx_hal_uart.o ABSOLUTE
    ..\\App\\delay.c                         0x00000000   Number         0  delay.o ABSOLUTE
    ..\\App\\dht11.c                         0x00000000   Number         0  dht11.o ABSOLUTE
    ..\\App\\esp8266.c                       0x00000000   Number         0  esp8266.o ABSOLUTE
    ..\\App\\mqtt_publisher.c                0x00000000   Number         0  mqtt_publisher.o ABSOLUTE
    ..\\App\\oled.c                          0x00000000   Number         0  oled.o ABSOLUTE
    cdcmple.s                                0x00000000   Number         0  cdcmple.o ABSOLUTE
    cdrcmple.s                               0x00000000   Number         0  cdrcmple.o ABSOLUTE
    dc.s                                     0x00000000   Number         0  dc.o ABSOLUTE
    handlers.s                               0x00000000   Number         0  handlers.o ABSOLUTE
    init.s                                   0x00000000   Number         0  init.o ABSOLUTE
    startup_stm32f103xb.s                    0x00000000   Number         0  startup_stm32f103xb.o ABSOLUTE
    RESET                                    0x08000000   Section      236  startup_stm32f103xb.o(RESET)
    .ARM.Collect$$$$00000000                 0x080000ec   Section        0  entry.o(.ARM.Collect$$$$00000000)
    .ARM.Collect$$$$00000001                 0x080000ec   Section        4  entry2.o(.ARM.Collect$$$$00000001)
    .ARM.Collect$$$$00000004                 0x080000f0   Section        4  entry5.o(.ARM.Collect$$$$00000004)
    .ARM.Collect$$$$00000008                 0x080000f4   Section        0  entry7b.o(.ARM.Collect$$$$00000008)
    .ARM.Collect$$$$0000000A                 0x080000f4   Section        0  entry8b.o(.ARM.Collect$$$$0000000A)
    .ARM.Collect$$$$0000000B                 0x080000f4   Section        8  entry9a.o(.ARM.Collect$$$$0000000B)
    .ARM.Collect$$$$0000000D                 0x080000fc   Section        0  entry10a.o(.ARM.Collect$$$$0000000D)
    .ARM.Collect$$$$0000000F                 0x080000fc   Section        0  entry11a.o(.ARM.Collect$$$$0000000F)
    .ARM.Collect$$$$00002712                 0x080000fc   Section        4  entry2.o(.ARM.Collect$$$$00002712)
    __lit__00000000                          0x080000fc   Data           4  entry2.o(.ARM.Collect$$$$00002712)
    .text                                    0x08000100   Section       36  startup_stm32f103xb.o(.text)
    .text                                    0x08000124   Section        0  llushr.o(.text)
    .text                                    0x08000144   Section        0  memseta.o(.text)
    .text                                    0x08000168   Section        0  dadd.o(.text)
    .text                                    0x080002b6   Section        0  dfixi.o(.text)
    .text                                    0x080002f4   Section       48  cdrcmple.o(.text)
    .text                                    0x08000324   Section        0  uidiv.o(.text)
    .text                                    0x08000350   Section        0  uldiv.o(.text)
    .text                                    0x080003b2   Section        0  llshl.o(.text)
    .text                                    0x080003d0   Section        0  llsshr.o(.text)
    .text                                    0x080003f4   Section        0  iusefp.o(.text)
    .text                                    0x080003f4   Section        0  depilogue.o(.text)
    .text                                    0x080004ae   Section        0  dmul.o(.text)
    .text                                    0x08000592   Section        0  ddiv.o(.text)
    .text                                    0x08000670   Section        0  dfixul.o(.text)
    .text                                    0x080006a0   Section       36  init.o(.text)
    i.ADC1_Read                              0x080006c4   Section        0  adc.o(i.ADC1_Read)
    i.ADC2_Read                              0x080006e4   Section        0  adc.o(i.ADC2_Read)
    i.ADC_ConversionStop_Disable             0x08000704   Section        0  stm32f1xx_hal_adc.o(i.ADC_ConversionStop_Disable)
    i.ADC_Enable                             0x0800075c   Section        0  stm32f1xx_hal_adc.o(i.ADC_Enable)
    i.BusFault_Handler                       0x080007d8   Section        0  stm32f1xx_it.o(i.BusFault_Handler)
    i.DHT11_Check                            0x080007dc   Section        0  dht11.o(i.DHT11_Check)
    DHT11_Check                              0x080007dd   Thumb Code   102  dht11.o(i.DHT11_Check)
    i.DHT11_Read_Byte                        0x08000848   Section        0  dht11.o(i.DHT11_Read_Byte)
    DHT11_Read_Byte                          0x08000849   Thumb Code   102  dht11.o(i.DHT11_Read_Byte)
    i.DHT11_Read_Data                        0x080008b4   Section        0  dht11.o(i.DHT11_Read_Data)
    i.DHT11_Rst                              0x08000908   Section        0  dht11.o(i.DHT11_Rst)
    DHT11_Rst                                0x08000909   Thumb Code    58  dht11.o(i.DHT11_Rst)
    i.DMA1_Channel5_IRQHandler               0x08000948   Section        0  stm32f1xx_it.o(i.DMA1_Channel5_IRQHandler)
    i.DMA_SetConfig                          0x08000954   Section        0  stm32f1xx_hal_dma.o(i.DMA_SetConfig)
    DMA_SetConfig                            0x08000955   Thumb Code    42  stm32f1xx_hal_dma.o(i.DMA_SetConfig)
    i.DebugMon_Handler                       0x0800097e   Section        0  stm32f1xx_it.o(i.DebugMon_Handler)
    i.Delay_Init                             0x08000980   Section        0  delay.o(i.Delay_Init)
    i.EXTI15_10_IRQHandler                   0x080009a4   Section        0  stm32f1xx_it.o(i.EXTI15_10_IRQHandler)
    i.Error_Handler                          0x080009c2   Section        0  main.o(i.Error_Handler)
    i.HAL_ADC_ConfigChannel                  0x080009c8   Section        0  stm32f1xx_hal_adc.o(i.HAL_ADC_ConfigChannel)
    i.HAL_ADC_GetValue                       0x08000ac4   Section        0  stm32f1xx_hal_adc.o(i.HAL_ADC_GetValue)
    i.HAL_ADC_Init                           0x08000acc   Section        0  stm32f1xx_hal_adc.o(i.HAL_ADC_Init)
    i.HAL_ADC_MspInit                        0x08000be8   Section        0  adc.o(i.HAL_ADC_MspInit)
    i.HAL_ADC_PollForConversion              0x08000c70   Section        0  stm32f1xx_hal_adc.o(i.HAL_ADC_PollForConversion)
    i.HAL_ADC_Start                          0x08000dac   Section        0  stm32f1xx_hal_adc.o(i.HAL_ADC_Start)
    i.HAL_DMA_Abort                          0x08000e6c   Section        0  stm32f1xx_hal_dma.o(i.HAL_DMA_Abort)
    i.HAL_DMA_Abort_IT                       0x08000eb4   Section        0  stm32f1xx_hal_dma.o(i.HAL_DMA_Abort_IT)
    i.HAL_DMA_IRQHandler                     0x08000f4c   Section        0  stm32f1xx_hal_dma.o(i.HAL_DMA_IRQHandler)
    i.HAL_DMA_Init                           0x080010a0   Section        0  stm32f1xx_hal_dma.o(i.HAL_DMA_Init)
    i.HAL_DMA_Start_IT                       0x080010fc   Section        0  stm32f1xx_hal_dma.o(i.HAL_DMA_Start_IT)
    i.HAL_GPIO_EXTI_Callback                 0x0800116c   Section        0  main.o(i.HAL_GPIO_EXTI_Callback)
    i.HAL_GPIO_EXTI_IRQHandler               0x08001240   Section        0  stm32f1xx_hal_gpio.o(i.HAL_GPIO_EXTI_IRQHandler)
    i.HAL_GPIO_Init                          0x08001258   Section        0  stm32f1xx_hal_gpio.o(i.HAL_GPIO_Init)
    i.HAL_GPIO_ReadPin                       0x08001438   Section        0  stm32f1xx_hal_gpio.o(i.HAL_GPIO_ReadPin)
    i.HAL_GPIO_WritePin                      0x08001442   Section        0  stm32f1xx_hal_gpio.o(i.HAL_GPIO_WritePin)
    i.HAL_GetTick                            0x0800144c   Section        0  stm32f1xx_hal.o(i.HAL_GetTick)
    i.HAL_IncTick                            0x08001458   Section        0  stm32f1xx_hal.o(i.HAL_IncTick)
    i.HAL_Init                               0x08001468   Section        0  stm32f1xx_hal.o(i.HAL_Init)
    i.HAL_InitTick                           0x0800148c   Section        0  stm32f1xx_hal.o(i.HAL_InitTick)
    i.HAL_MspInit                            0x080014cc   Section        0  stm32f1xx_hal_msp.o(i.HAL_MspInit)
    i.HAL_NVIC_EnableIRQ                     0x08001508   Section        0  stm32f1xx_hal_cortex.o(i.HAL_NVIC_EnableIRQ)
    i.HAL_NVIC_SetPriority                   0x08001524   Section        0  stm32f1xx_hal_cortex.o(i.HAL_NVIC_SetPriority)
    i.HAL_NVIC_SetPriorityGrouping           0x08001564   Section        0  stm32f1xx_hal_cortex.o(i.HAL_NVIC_SetPriorityGrouping)
    i.HAL_RCCEx_GetPeriphCLKFreq             0x08001588   Section        0  stm32f1xx_hal_rcc_ex.o(i.HAL_RCCEx_GetPeriphCLKFreq)
    i.HAL_RCCEx_PeriphCLKConfig              0x0800162c   Section        0  stm32f1xx_hal_rcc_ex.o(i.HAL_RCCEx_PeriphCLKConfig)
    i.HAL_RCC_ClockConfig                    0x08001718   Section        0  stm32f1xx_hal_rcc.o(i.HAL_RCC_ClockConfig)
    i.HAL_RCC_GetPCLK1Freq                   0x08001844   Section        0  stm32f1xx_hal_rcc.o(i.HAL_RCC_GetPCLK1Freq)
    i.HAL_RCC_GetPCLK2Freq                   0x08001864   Section        0  stm32f1xx_hal_rcc.o(i.HAL_RCC_GetPCLK2Freq)
    i.HAL_RCC_GetSysClockFreq                0x08001884   Section        0  stm32f1xx_hal_rcc.o(i.HAL_RCC_GetSysClockFreq)
    i.HAL_RCC_OscConfig                      0x080018d0   Section        0  stm32f1xx_hal_rcc.o(i.HAL_RCC_OscConfig)
    i.HAL_SYSTICK_Config                     0x08001bf0   Section        0  stm32f1xx_hal_cortex.o(i.HAL_SYSTICK_Config)
    i.HAL_TIMEx_BreakCallback                0x08001c18   Section        0  stm32f1xx_hal_tim_ex.o(i.HAL_TIMEx_BreakCallback)
    i.HAL_TIMEx_CommutCallback               0x08001c1a   Section        0  stm32f1xx_hal_tim_ex.o(i.HAL_TIMEx_CommutCallback)
    i.HAL_TIMEx_MasterConfigSynchronization  0x08001c1c   Section        0  stm32f1xx_hal_tim_ex.o(i.HAL_TIMEx_MasterConfigSynchronization)
    i.HAL_TIM_Base_Init                      0x08001c84   Section        0  stm32f1xx_hal_tim.o(i.HAL_TIM_Base_Init)
    i.HAL_TIM_Base_MspInit                   0x08001ce0   Section        0  tim.o(i.HAL_TIM_Base_MspInit)
    i.HAL_TIM_ConfigClockSource              0x08001d80   Section        0  stm32f1xx_hal_tim.o(i.HAL_TIM_ConfigClockSource)
    i.HAL_TIM_IC_CaptureCallback             0x08001e5c   Section        0  stm32f1xx_hal_tim.o(i.HAL_TIM_IC_CaptureCallback)
    i.HAL_TIM_IC_ConfigChannel               0x08001e5e   Section        0  stm32f1xx_hal_tim.o(i.HAL_TIM_IC_ConfigChannel)
    i.HAL_TIM_IC_Init                        0x08001f82   Section        0  stm32f1xx_hal_tim.o(i.HAL_TIM_IC_Init)
    i.HAL_TIM_IC_MspInit                     0x08001fdc   Section        0  stm32f1xx_hal_tim.o(i.HAL_TIM_IC_MspInit)
    i.HAL_TIM_IRQHandler                     0x08001fde   Section        0  stm32f1xx_hal_tim.o(i.HAL_TIM_IRQHandler)
    i.HAL_TIM_OC_DelayElapsedCallback        0x0800210e   Section        0  stm32f1xx_hal_tim.o(i.HAL_TIM_OC_DelayElapsedCallback)
    i.HAL_TIM_PWM_PulseFinishedCallback      0x08002110   Section        0  stm32f1xx_hal_tim.o(i.HAL_TIM_PWM_PulseFinishedCallback)
    i.HAL_TIM_PeriodElapsedCallback          0x08002112   Section        0  stm32f1xx_hal_tim.o(i.HAL_TIM_PeriodElapsedCallback)
    i.HAL_TIM_TriggerCallback                0x08002114   Section        0  stm32f1xx_hal_tim.o(i.HAL_TIM_TriggerCallback)
    i.HAL_UARTEx_RxEventCallback             0x08002116   Section        0  stm32f1xx_hal_uart.o(i.HAL_UARTEx_RxEventCallback)
    i.HAL_UART_DMAStop                       0x08002118   Section        0  stm32f1xx_hal_uart.o(i.HAL_UART_DMAStop)
    i.HAL_UART_ErrorCallback                 0x08002188   Section        0  stm32f1xx_hal_uart.o(i.HAL_UART_ErrorCallback)
    i.HAL_UART_IRQHandler                    0x0800218c   Section        0  stm32f1xx_hal_uart.o(i.HAL_UART_IRQHandler)
    i.HAL_UART_Init                          0x080023f8   Section        0  stm32f1xx_hal_uart.o(i.HAL_UART_Init)
    i.HAL_UART_MspInit                       0x0800245c   Section        0  usart.o(i.HAL_UART_MspInit)
    i.HAL_UART_Receive_DMA                   0x0800255c   Section        0  stm32f1xx_hal_uart.o(i.HAL_UART_Receive_DMA)
    i.HAL_UART_RxCpltCallback                0x08002578   Section        0  esp8266.o(i.HAL_UART_RxCpltCallback)
    i.HAL_UART_RxHalfCpltCallback            0x080025a4   Section        0  stm32f1xx_hal_uart.o(i.HAL_UART_RxHalfCpltCallback)
    i.HAL_UART_Transmit                      0x080025a6   Section        0  stm32f1xx_hal_uart.o(i.HAL_UART_Transmit)
    i.HAL_UART_TxCpltCallback                0x08002646   Section        0  stm32f1xx_hal_uart.o(i.HAL_UART_TxCpltCallback)
    i.HardFault_Handler                      0x08002648   Section        0  stm32f1xx_it.o(i.HardFault_Handler)
    i.I2C_Start                              0x0800264c   Section        0  oled.o(i.I2C_Start)
    i.I2C_Stop                               0x08002690   Section        0  oled.o(i.I2C_Stop)
    i.I2C_WaitAck                            0x080026c4   Section        0  oled.o(i.I2C_WaitAck)
    i.IIC_delay                              0x080026fc   Section        0  oled.o(i.IIC_delay)
    i.MX_ADC1_Init                           0x08002708   Section        0  adc.o(i.MX_ADC1_Init)
    i.MX_ADC2_Init                           0x08002758   Section        0  adc.o(i.MX_ADC2_Init)
    i.MX_DMA_Init                            0x080027a8   Section        0  dma.o(i.MX_DMA_Init)
    i.MX_GPIO_Init                           0x080027d4   Section        0  gpio.o(i.MX_GPIO_Init)
    i.MX_TIM1_Init                           0x080028a0   Section        0  tim.o(i.MX_TIM1_Init)
    i.MX_TIM2_Init                           0x0800290c   Section        0  tim.o(i.MX_TIM2_Init)
    i.MX_USART1_UART_Init                    0x080029a0   Section        0  usart.o(i.MX_USART1_UART_Init)
    i.MX_USART3_UART_Init                    0x080029e0   Section        0  usart.o(i.MX_USART3_UART_Init)
    i.MemManage_Handler                      0x08002a18   Section        0  stm32f1xx_it.o(i.MemManage_Handler)
    i.NMI_Handler                            0x08002a1a   Section        0  stm32f1xx_it.o(i.NMI_Handler)
    i.OLED_Clear                             0x08002a1c   Section        0  oled.o(i.OLED_Clear)
    i.OLED_DrawPoint                         0x08002a48   Section        0  oled.o(i.OLED_DrawPoint)
    i.OLED_Init                              0x08002a74   Section        0  oled.o(i.OLED_Init)
    i.OLED_Pow                               0x08002b4e   Section        0  oled.o(i.OLED_Pow)
    i.OLED_Refresh                           0x08002b60   Section        0  oled.o(i.OLED_Refresh)
    i.OLED_ShowChar                          0x08002bc8   Section        0  oled.o(i.OLED_ShowChar)
    i.OLED_ShowNum                           0x08002cac   Section        0  oled.o(i.OLED_ShowNum)
    i.OLED_ShowString                        0x08002d1a   Section        0  oled.o(i.OLED_ShowString)
    i.OLED_WR_Byte                           0x08002d56   Section        0  oled.o(i.OLED_WR_Byte)
    i.PendSV_Handler                         0x08002d8c   Section        0  stm32f1xx_it.o(i.PendSV_Handler)
    i.SVC_Handler                            0x08002d8e   Section        0  stm32f1xx_it.o(i.SVC_Handler)
    i.Send_Byte                              0x08002d90   Section        0  oled.o(i.Send_Byte)
    i.SettingInterface                       0x08002de4   Section        0  main.o(i.SettingInterface)
    i.SysTick_Handler                        0x08002f30   Section        0  stm32f1xx_it.o(i.SysTick_Handler)
    i.SystemClock_Config                     0x08002f34   Section        0  main.o(i.SystemClock_Config)
    i.SystemInit                             0x08002fac   Section        0  system_stm32f1xx.o(i.SystemInit)
    i.TIM1_UP_IRQHandler                     0x08002fb0   Section        0  stm32f1xx_it.o(i.TIM1_UP_IRQHandler)
    i.TIM2_IRQHandler                        0x08002fbc   Section        0  stm32f1xx_it.o(i.TIM2_IRQHandler)
    i.TIM_Base_SetConfig                     0x08002fc8   Section        0  stm32f1xx_hal_tim.o(i.TIM_Base_SetConfig)
    i.TIM_ETR_SetConfig                      0x08003040   Section        0  stm32f1xx_hal_tim.o(i.TIM_ETR_SetConfig)
    i.TIM_ITRx_SetConfig                     0x08003054   Section        0  stm32f1xx_hal_tim.o(i.TIM_ITRx_SetConfig)
    TIM_ITRx_SetConfig                       0x08003055   Thumb Code    16  stm32f1xx_hal_tim.o(i.TIM_ITRx_SetConfig)
    i.TIM_TI1_ConfigInputStage               0x08003064   Section        0  stm32f1xx_hal_tim.o(i.TIM_TI1_ConfigInputStage)
    TIM_TI1_ConfigInputStage                 0x08003065   Thumb Code    34  stm32f1xx_hal_tim.o(i.TIM_TI1_ConfigInputStage)
    i.TIM_TI1_SetConfig                      0x08003088   Section        0  stm32f1xx_hal_tim.o(i.TIM_TI1_SetConfig)
    i.TIM_TI2_ConfigInputStage               0x080030e0   Section        0  stm32f1xx_hal_tim.o(i.TIM_TI2_ConfigInputStage)
    TIM_TI2_ConfigInputStage                 0x080030e1   Thumb Code    36  stm32f1xx_hal_tim.o(i.TIM_TI2_ConfigInputStage)
    i.TIM_TI2_SetConfig                      0x08003104   Section        0  stm32f1xx_hal_tim.o(i.TIM_TI2_SetConfig)
    TIM_TI2_SetConfig                        0x08003105   Thumb Code    54  stm32f1xx_hal_tim.o(i.TIM_TI2_SetConfig)
    i.UART_DMAAbortOnError                   0x0800313a   Section        0  stm32f1xx_hal_uart.o(i.UART_DMAAbortOnError)
    UART_DMAAbortOnError                     0x0800313b   Thumb Code    16  stm32f1xx_hal_uart.o(i.UART_DMAAbortOnError)
    i.UART_DMAError                          0x0800314a   Section        0  stm32f1xx_hal_uart.o(i.UART_DMAError)
    UART_DMAError                            0x0800314b   Thumb Code    74  stm32f1xx_hal_uart.o(i.UART_DMAError)
    i.UART_DMAReceiveCplt                    0x08003194   Section        0  stm32f1xx_hal_uart.o(i.UART_DMAReceiveCplt)
    UART_DMAReceiveCplt                      0x08003195   Thumb Code   134  stm32f1xx_hal_uart.o(i.UART_DMAReceiveCplt)
    i.UART_DMARxHalfCplt                     0x0800321a   Section        0  stm32f1xx_hal_uart.o(i.UART_DMARxHalfCplt)
    UART_DMARxHalfCplt                       0x0800321b   Thumb Code    30  stm32f1xx_hal_uart.o(i.UART_DMARxHalfCplt)
    i.UART_EndRxTransfer                     0x08003238   Section        0  stm32f1xx_hal_uart.o(i.UART_EndRxTransfer)
    UART_EndRxTransfer                       0x08003239   Thumb Code    78  stm32f1xx_hal_uart.o(i.UART_EndRxTransfer)
    i.UART_EndTxTransfer                     0x08003286   Section        0  stm32f1xx_hal_uart.o(i.UART_EndTxTransfer)
    UART_EndTxTransfer                       0x08003287   Thumb Code    28  stm32f1xx_hal_uart.o(i.UART_EndTxTransfer)
    i.UART_Receive_IT                        0x080032a2   Section        0  stm32f1xx_hal_uart.o(i.UART_Receive_IT)
    UART_Receive_IT                          0x080032a3   Thumb Code   194  stm32f1xx_hal_uart.o(i.UART_Receive_IT)
    i.UART_SetConfig                         0x08003364   Section        0  stm32f1xx_hal_uart.o(i.UART_SetConfig)
    UART_SetConfig                           0x08003365   Thumb Code   178  stm32f1xx_hal_uart.o(i.UART_SetConfig)
    i.UART_Start_Receive_DMA                 0x0800341c   Section        0  stm32f1xx_hal_uart.o(i.UART_Start_Receive_DMA)
    i.UART_WaitOnFlagUntilTimeout            0x080034ac   Section        0  stm32f1xx_hal_uart.o(i.UART_WaitOnFlagUntilTimeout)
    UART_WaitOnFlagUntilTimeout              0x080034ad   Thumb Code   114  stm32f1xx_hal_uart.o(i.UART_WaitOnFlagUntilTimeout)
    i.USART1_IRQHandler                      0x08003520   Section        0  stm32f1xx_it.o(i.USART1_IRQHandler)
    i.UsageFault_Handler                     0x08003574   Section        0  stm32f1xx_it.o(i.UsageFault_Handler)
    i.__0printf                              0x08003578   Section        0  printfa.o(i.__0printf)
    i.__NVIC_SetPriority                     0x08003598   Section        0  stm32f1xx_hal_cortex.o(i.__NVIC_SetPriority)
    __NVIC_SetPriority                       0x08003599   Thumb Code    32  stm32f1xx_hal_cortex.o(i.__NVIC_SetPriority)
    i.__scatterload_copy                     0x080035b8   Section       14  handlers.o(i.__scatterload_copy)
    i.__scatterload_null                     0x080035c6   Section        2  handlers.o(i.__scatterload_null)
    i.__scatterload_zeroinit                 0x080035c8   Section       14  handlers.o(i.__scatterload_zeroinit)
    i._fp_digits                             0x080035d8   Section        0  printfa.o(i._fp_digits)
    _fp_digits                               0x080035d9   Thumb Code   366  printfa.o(i._fp_digits)
    i._printf_core                           0x0800375c   Section        0  printfa.o(i._printf_core)
    _printf_core                             0x0800375d   Thumb Code  1744  printfa.o(i._printf_core)
    i._printf_post_padding                   0x08003e38   Section        0  printfa.o(i._printf_post_padding)
    _printf_post_padding                     0x08003e39   Thumb Code    36  printfa.o(i._printf_post_padding)
    i._printf_pre_padding                    0x08003e5c   Section        0  printfa.o(i._printf_pre_padding)
    _printf_pre_padding                      0x08003e5d   Thumb Code    46  printfa.o(i._printf_pre_padding)
    i.delay_ms                               0x08003e8a   Section        0  delay.o(i.delay_ms)
    i.delay_us                               0x08003ea4   Section        0  delay.o(i.delay_us)
    i.fputc                                  0x08003ed8   Section        0  usart.o(i.fputc)
    i.main                                   0x08003ef0   Section        0  main.o(i.main)
    .constdata                               0x0800406c   Section       18  stm32f1xx_hal_rcc.o(.constdata)
    aPredivFactorTable                       0x0800406c   Data           2  stm32f1xx_hal_rcc.o(.constdata)
    aPLLMULFactorTable                       0x0800406e   Data          16  stm32f1xx_hal_rcc.o(.constdata)
    .constdata                               0x0800407e   Section       18  stm32f1xx_hal_rcc_ex.o(.constdata)
    aPredivFactorTable                       0x0800407e   Data           2  stm32f1xx_hal_rcc_ex.o(.constdata)
    aPLLMULFactorTable                       0x08004080   Data          16  stm32f1xx_hal_rcc_ex.o(.constdata)
    .constdata                               0x08004090   Section       16  system_stm32f1xx.o(.constdata)
    .constdata                               0x080040a0   Section        8  system_stm32f1xx.o(.constdata)
    .constdata                               0x080040a8   Section     6632  oled.o(.constdata)
    .data                                    0x20000000   Section        8  main.o(.data)
    .data                                    0x20000008   Section       12  stm32f1xx_hal.o(.data)
    .data                                    0x20000014   Section        4  system_stm32f1xx.o(.data)
    .data                                    0x20000018   Section        8  delay.o(.data)
    fac_us                                   0x20000018   Data           4  delay.o(.data)
    fac_ms                                   0x2000001c   Data           4  delay.o(.data)
    .data                                    0x20000020   Section        4  esp8266.o(.data)
    .data                                    0x20000024   Section        4  stdout.o(.data)
    .bss                                     0x20000028   Section       96  adc.o(.bss)
    .bss                                     0x20000088   Section      144  tim.o(.bss)
    .bss                                     0x20000118   Section      212  usart.o(.bss)
    .bss                                     0x200001ec   Section      512  oled.o(.bss)
    .bss                                     0x200003ec   Section      128  esp8266.o(.bss)
    STACK                                    0x20000470   Section     1024  startup_stm32f103xb.o(STACK)

    Global Symbols

    Symbol Name                              Value     Ov Type        Size  Object(Section)

    BuildAttributes$$THM_ISAv4$P$D$K$B$S$PE$A:L22UL41UL21$X:L11$S22US41US21$IEEE1$IW$USESV6$~STKCKD$USESV7$~SHL$OTIME$ROPI$IEEEJ$EBA8$MICROLIB$REQ8$PRES8$EABIv2 0x00000000   Number         0  anon$$obj.o ABSOLUTE
    __ARM_use_no_argv                        0x00000000   Number         0  main.o ABSOLUTE
    _printf_a                                0x00000000   Number         0  stubs.o ABSOLUTE
    _printf_c                                0x00000000   Number         0  stubs.o ABSOLUTE
    _printf_charcount                        0x00000000   Number         0  stubs.o ABSOLUTE
    _printf_d                                0x00000000   Number         0  stubs.o ABSOLUTE
    _printf_e                                0x00000000   Number         0  stubs.o ABSOLUTE
    _printf_f                                0x00000000   Number         0  stubs.o ABSOLUTE
    _printf_flags                            0x00000000   Number         0  stubs.o ABSOLUTE
    _printf_fp_dec                           0x00000000   Number         0  stubs.o ABSOLUTE
    _printf_fp_hex                           0x00000000   Number         0  stubs.o ABSOLUTE
    _printf_g                                0x00000000   Number         0  stubs.o ABSOLUTE
    _printf_i                                0x00000000   Number         0  stubs.o ABSOLUTE
    _printf_int_dec                          0x00000000   Number         0  stubs.o ABSOLUTE
    _printf_l                                0x00000000   Number         0  stubs.o ABSOLUTE
    _printf_lc                               0x00000000   Number         0  stubs.o ABSOLUTE
    _printf_ll                               0x00000000   Number         0  stubs.o ABSOLUTE
    _printf_lld                              0x00000000   Number         0  stubs.o ABSOLUTE
    _printf_lli                              0x00000000   Number         0  stubs.o ABSOLUTE
    _printf_llo                              0x00000000   Number         0  stubs.o ABSOLUTE
    _printf_llu                              0x00000000   Number         0  stubs.o ABSOLUTE
    _printf_llx                              0x00000000   Number         0  stubs.o ABSOLUTE
    _printf_longlong_dec                     0x00000000   Number         0  stubs.o ABSOLUTE
    _printf_longlong_hex                     0x00000000   Number         0  stubs.o ABSOLUTE
    _printf_longlong_oct                     0x00000000   Number         0  stubs.o ABSOLUTE
    _printf_ls                               0x00000000   Number         0  stubs.o ABSOLUTE
    _printf_mbtowc                           0x00000000   Number         0  stubs.o ABSOLUTE
    _printf_n                                0x00000000   Number         0  stubs.o ABSOLUTE
    _printf_o                                0x00000000   Number         0  stubs.o ABSOLUTE
    _printf_p                                0x00000000   Number         0  stubs.o ABSOLUTE
    _printf_percent                          0x00000000   Number         0  stubs.o ABSOLUTE
    _printf_pre_padding                      0x00000000   Number         0  stubs.o ABSOLUTE
    _printf_return_value                     0x00000000   Number         0  stubs.o ABSOLUTE
    _printf_s                                0x00000000   Number         0  stubs.o ABSOLUTE
    _printf_sizespec                         0x00000000   Number         0  stubs.o ABSOLUTE
    _printf_str                              0x00000000   Number         0  stubs.o ABSOLUTE
    _printf_truncate_signed                  0x00000000   Number         0  stubs.o ABSOLUTE
    _printf_truncate_unsigned                0x00000000   Number         0  stubs.o ABSOLUTE
    _printf_u                                0x00000000   Number         0  stubs.o ABSOLUTE
    _printf_wc                               0x00000000   Number         0  stubs.o ABSOLUTE
    _printf_wctomb                           0x00000000   Number         0  stubs.o ABSOLUTE
    _printf_widthprec                        0x00000000   Number         0  stubs.o ABSOLUTE
    _printf_x                                0x00000000   Number         0  stubs.o ABSOLUTE
    __cpp_initialize__aeabi_                  - Undefined Weak Reference
    __cxa_finalize                            - Undefined Weak Reference
    __decompress                              - Undefined Weak Reference
    _clock_init                               - Undefined Weak Reference
    _microlib_exit                            - Undefined Weak Reference
    _scanf_int                                - Undefined Weak Reference
    _scanf_longlong                           - Undefined Weak Reference
    _scanf_string                             - Undefined Weak Reference
    __Vectors_Size                           0x000000ec   Number         0  startup_stm32f103xb.o ABSOLUTE
    __Vectors                                0x08000000   Data           4  startup_stm32f103xb.o(RESET)
    __Vectors_End                            0x080000ec   Data           0  startup_stm32f103xb.o(RESET)
    __main                                   0x080000ed   Thumb Code     0  entry.o(.ARM.Collect$$$$00000000)
    _main_stk                                0x080000ed   Thumb Code     0  entry2.o(.ARM.Collect$$$$00000001)
    _main_scatterload                        0x080000f1   Thumb Code     0  entry5.o(.ARM.Collect$$$$00000004)
    __main_after_scatterload                 0x080000f5   Thumb Code     0  entry5.o(.ARM.Collect$$$$00000004)
    _main_clock                              0x080000f5   Thumb Code     0  entry7b.o(.ARM.Collect$$$$00000008)
    _main_cpp_init                           0x080000f5   Thumb Code     0  entry8b.o(.ARM.Collect$$$$0000000A)
    _main_init                               0x080000f5   Thumb Code     0  entry9a.o(.ARM.Collect$$$$0000000B)
    __rt_final_cpp                           0x080000fd   Thumb Code     0  entry10a.o(.ARM.Collect$$$$0000000D)
    __rt_final_exit                          0x080000fd   Thumb Code     0  entry11a.o(.ARM.Collect$$$$0000000F)
    Reset_Handler                            0x08000101   Thumb Code     8  startup_stm32f103xb.o(.text)
    ADC1_2_IRQHandler                        0x0800011b   Thumb Code     0  startup_stm32f103xb.o(.text)
    CAN1_RX1_IRQHandler                      0x0800011b   Thumb Code     0  startup_stm32f103xb.o(.text)
    CAN1_SCE_IRQHandler                      0x0800011b   Thumb Code     0  startup_stm32f103xb.o(.text)
    DMA1_Channel1_IRQHandler                 0x0800011b   Thumb Code     0  startup_stm32f103xb.o(.text)
    DMA1_Channel2_IRQHandler                 0x0800011b   Thumb Code     0  startup_stm32f103xb.o(.text)
    DMA1_Channel3_IRQHandler                 0x0800011b   Thumb Code     0  startup_stm32f103xb.o(.text)
    DMA1_Channel4_IRQHandler                 0x0800011b   Thumb Code     0  startup_stm32f103xb.o(.text)
    DMA1_Channel6_IRQHandler                 0x0800011b   Thumb Code     0  startup_stm32f103xb.o(.text)
    DMA1_Channel7_IRQHandler                 0x0800011b   Thumb Code     0  startup_stm32f103xb.o(.text)
    EXTI0_IRQHandler                         0x0800011b   Thumb Code     0  startup_stm32f103xb.o(.text)
    EXTI1_IRQHandler                         0x0800011b   Thumb Code     0  startup_stm32f103xb.o(.text)
    EXTI2_IRQHandler                         0x0800011b   Thumb Code     0  startup_stm32f103xb.o(.text)
    EXTI3_IRQHandler                         0x0800011b   Thumb Code     0  startup_stm32f103xb.o(.text)
    EXTI4_IRQHandler                         0x0800011b   Thumb Code     0  startup_stm32f103xb.o(.text)
    EXTI9_5_IRQHandler                       0x0800011b   Thumb Code     0  startup_stm32f103xb.o(.text)
    FLASH_IRQHandler                         0x0800011b   Thumb Code     0  startup_stm32f103xb.o(.text)
    I2C1_ER_IRQHandler                       0x0800011b   Thumb Code     0  startup_stm32f103xb.o(.text)
    I2C1_EV_IRQHandler                       0x0800011b   Thumb Code     0  startup_stm32f103xb.o(.text)
    I2C2_ER_IRQHandler                       0x0800011b   Thumb Code     0  startup_stm32f103xb.o(.text)
    I2C2_EV_IRQHandler                       0x0800011b   Thumb Code     0  startup_stm32f103xb.o(.text)
    PVD_IRQHandler                           0x0800011b   Thumb Code     0  startup_stm32f103xb.o(.text)
    RCC_IRQHandler                           0x0800011b   Thumb Code     0  startup_stm32f103xb.o(.text)
    RTC_Alarm_IRQHandler                     0x0800011b   Thumb Code     0  startup_stm32f103xb.o(.text)
    RTC_IRQHandler                           0x0800011b   Thumb Code     0  startup_stm32f103xb.o(.text)
    SPI1_IRQHandler                          0x0800011b   Thumb Code     0  startup_stm32f103xb.o(.text)
    SPI2_IRQHandler                          0x0800011b   Thumb Code     0  startup_stm32f103xb.o(.text)
    TAMPER_IRQHandler                        0x0800011b   Thumb Code     0  startup_stm32f103xb.o(.text)
    TIM1_BRK_IRQHandler                      0x0800011b   Thumb Code     0  startup_stm32f103xb.o(.text)
    TIM1_CC_IRQHandler                       0x0800011b   Thumb Code     0  startup_stm32f103xb.o(.text)
    TIM1_TRG_COM_IRQHandler                  0x0800011b   Thumb Code     0  startup_stm32f103xb.o(.text)
    TIM3_IRQHandler                          0x0800011b   Thumb Code     0  startup_stm32f103xb.o(.text)
    TIM4_IRQHandler                          0x0800011b   Thumb Code     0  startup_stm32f103xb.o(.text)
    USART2_IRQHandler                        0x0800011b   Thumb Code     0  startup_stm32f103xb.o(.text)
    USART3_IRQHandler                        0x0800011b   Thumb Code     0  startup_stm32f103xb.o(.text)
    USBWakeUp_IRQHandler                     0x0800011b   Thumb Code     0  startup_stm32f103xb.o(.text)
    USB_HP_CAN1_TX_IRQHandler                0x0800011b   Thumb Code     0  startup_stm32f103xb.o(.text)
    USB_LP_CAN1_RX0_IRQHandler               0x0800011b   Thumb Code     0  startup_stm32f103xb.o(.text)
    WWDG_IRQHandler                          0x0800011b   Thumb Code     0  startup_stm32f103xb.o(.text)
    __aeabi_llsr                             0x08000125   Thumb Code    32  llushr.o(.text)
    _ll_ushift_r                             0x08000125   Thumb Code     0  llushr.o(.text)
    __aeabi_memset                           0x08000145   Thumb Code    14  memseta.o(.text)
    __aeabi_memset4                          0x08000145   Thumb Code     0  memseta.o(.text)
    __aeabi_memset8                          0x08000145   Thumb Code     0  memseta.o(.text)
    __aeabi_memclr                           0x08000153   Thumb Code     4  memseta.o(.text)
    __aeabi_memclr4                          0x08000153   Thumb Code     0  memseta.o(.text)
    __aeabi_memclr8                          0x08000153   Thumb Code     0  memseta.o(.text)
    _memset$wrapper                          0x08000157   Thumb Code    18  memseta.o(.text)
    __aeabi_dadd                             0x08000169   Thumb Code   322  dadd.o(.text)
    __aeabi_dsub                             0x080002ab   Thumb Code     6  dadd.o(.text)
    __aeabi_drsub                            0x080002b1   Thumb Code     6  dadd.o(.text)
    __aeabi_d2iz                             0x080002b7   Thumb Code    62  dfixi.o(.text)
    __aeabi_cdrcmple                         0x080002f5   Thumb Code    48  cdrcmple.o(.text)
    __aeabi_uidiv                            0x08000325   Thumb Code     0  uidiv.o(.text)
    __aeabi_uidivmod                         0x08000325   Thumb Code    44  uidiv.o(.text)
    __aeabi_uldivmod                         0x08000351   Thumb Code    98  uldiv.o(.text)
    __aeabi_llsl                             0x080003b3   Thumb Code    30  llshl.o(.text)
    _ll_shift_l                              0x080003b3   Thumb Code     0  llshl.o(.text)
    __aeabi_lasr                             0x080003d1   Thumb Code    36  llsshr.o(.text)
    _ll_sshift_r                             0x080003d1   Thumb Code     0  llsshr.o(.text)
    __I$use$fp                               0x080003f5   Thumb Code     0  iusefp.o(.text)
    _double_round                            0x080003f5   Thumb Code    30  depilogue.o(.text)
    _double_epilogue                         0x08000413   Thumb Code   156  depilogue.o(.text)
    __aeabi_dmul                             0x080004af   Thumb Code   228  dmul.o(.text)
    __aeabi_ddiv                             0x08000593   Thumb Code   222  ddiv.o(.text)
    __aeabi_d2ulz                            0x08000671   Thumb Code    48  dfixul.o(.text)
    __scatterload                            0x080006a1   Thumb Code    28  init.o(.text)
    __scatterload_rt2                        0x080006a1   Thumb Code     0  init.o(.text)
    ADC1_Read                                0x080006c5   Thumb Code    26  adc.o(i.ADC1_Read)
    ADC2_Read                                0x080006e5   Thumb Code    26  adc.o(i.ADC2_Read)
    ADC_ConversionStop_Disable               0x08000705   Thumb Code    86  stm32f1xx_hal_adc.o(i.ADC_ConversionStop_Disable)
    ADC_Enable                               0x0800075d   Thumb Code   114  stm32f1xx_hal_adc.o(i.ADC_Enable)
    BusFault_Handler                         0x080007d9   Thumb Code     2  stm32f1xx_it.o(i.BusFault_Handler)
    DHT11_Read_Data                          0x080008b5   Thumb Code    82  dht11.o(i.DHT11_Read_Data)
    DMA1_Channel5_IRQHandler                 0x08000949   Thumb Code     6  stm32f1xx_it.o(i.DMA1_Channel5_IRQHandler)
    DebugMon_Handler                         0x0800097f   Thumb Code     2  stm32f1xx_it.o(i.DebugMon_Handler)
    Delay_Init                               0x08000981   Thumb Code    24  delay.o(i.Delay_Init)
    EXTI15_10_IRQHandler                     0x080009a5   Thumb Code    30  stm32f1xx_it.o(i.EXTI15_10_IRQHandler)
    Error_Handler                            0x080009c3   Thumb Code     4  main.o(i.Error_Handler)
    HAL_ADC_ConfigChannel                    0x080009c9   Thumb Code   240  stm32f1xx_hal_adc.o(i.HAL_ADC_ConfigChannel)
    HAL_ADC_GetValue                         0x08000ac5   Thumb Code     6  stm32f1xx_hal_adc.o(i.HAL_ADC_GetValue)
    HAL_ADC_Init                             0x08000acd   Thumb Code   272  stm32f1xx_hal_adc.o(i.HAL_ADC_Init)
    HAL_ADC_MspInit                          0x08000be9   Thumb Code   118  adc.o(i.HAL_ADC_MspInit)
    HAL_ADC_PollForConversion                0x08000c71   Thumb Code   304  stm32f1xx_hal_adc.o(i.HAL_ADC_PollForConversion)
    HAL_ADC_Start                            0x08000dad   Thumb Code   184  stm32f1xx_hal_adc.o(i.HAL_ADC_Start)
    HAL_DMA_Abort                            0x08000e6d   Thumb Code    70  stm32f1xx_hal_dma.o(i.HAL_DMA_Abort)
    HAL_DMA_Abort_IT                         0x08000eb5   Thumb Code   148  stm32f1xx_hal_dma.o(i.HAL_DMA_Abort_IT)
    HAL_DMA_IRQHandler                       0x08000f4d   Thumb Code   316  stm32f1xx_hal_dma.o(i.HAL_DMA_IRQHandler)
    HAL_DMA_Init                             0x080010a1   Thumb Code    84  stm32f1xx_hal_dma.o(i.HAL_DMA_Init)
    HAL_DMA_Start_IT                         0x080010fd   Thumb Code   112  stm32f1xx_hal_dma.o(i.HAL_DMA_Start_IT)
    HAL_GPIO_EXTI_Callback                   0x0800116d   Thumb Code   206  main.o(i.HAL_GPIO_EXTI_Callback)
    HAL_GPIO_EXTI_IRQHandler                 0x08001241   Thumb Code    18  stm32f1xx_hal_gpio.o(i.HAL_GPIO_EXTI_IRQHandler)
    HAL_GPIO_Init                            0x08001259   Thumb Code   446  stm32f1xx_hal_gpio.o(i.HAL_GPIO_Init)
    HAL_GPIO_ReadPin                         0x08001439   Thumb Code    10  stm32f1xx_hal_gpio.o(i.HAL_GPIO_ReadPin)
    HAL_GPIO_WritePin                        0x08001443   Thumb Code    10  stm32f1xx_hal_gpio.o(i.HAL_GPIO_WritePin)
    HAL_GetTick                              0x0800144d   Thumb Code     6  stm32f1xx_hal.o(i.HAL_GetTick)
    HAL_IncTick                              0x08001459   Thumb Code    12  stm32f1xx_hal.o(i.HAL_IncTick)
    HAL_Init                                 0x08001469   Thumb Code    32  stm32f1xx_hal.o(i.HAL_Init)
    HAL_InitTick                             0x0800148d   Thumb Code    54  stm32f1xx_hal.o(i.HAL_InitTick)
    HAL_MspInit                              0x080014cd   Thumb Code    52  stm32f1xx_hal_msp.o(i.HAL_MspInit)
    HAL_NVIC_EnableIRQ                       0x08001509   Thumb Code    26  stm32f1xx_hal_cortex.o(i.HAL_NVIC_EnableIRQ)
    HAL_NVIC_SetPriority                     0x08001525   Thumb Code    60  stm32f1xx_hal_cortex.o(i.HAL_NVIC_SetPriority)
    HAL_NVIC_SetPriorityGrouping             0x08001565   Thumb Code    26  stm32f1xx_hal_cortex.o(i.HAL_NVIC_SetPriorityGrouping)
    HAL_RCCEx_GetPeriphCLKFreq               0x08001589   Thumb Code   148  stm32f1xx_hal_rcc_ex.o(i.HAL_RCCEx_GetPeriphCLKFreq)
    HAL_RCCEx_PeriphCLKConfig                0x0800162d   Thumb Code   224  stm32f1xx_hal_rcc_ex.o(i.HAL_RCCEx_PeriphCLKConfig)
    HAL_RCC_ClockConfig                      0x08001719   Thumb Code   280  stm32f1xx_hal_rcc.o(i.HAL_RCC_ClockConfig)
    HAL_RCC_GetPCLK1Freq                     0x08001845   Thumb Code    20  stm32f1xx_hal_rcc.o(i.HAL_RCC_GetPCLK1Freq)
    HAL_RCC_GetPCLK2Freq                     0x08001865   Thumb Code    20  stm32f1xx_hal_rcc.o(i.HAL_RCC_GetPCLK2Freq)
    HAL_RCC_GetSysClockFreq                  0x08001885   Thumb Code    58  stm32f1xx_hal_rcc.o(i.HAL_RCC_GetSysClockFreq)
    HAL_RCC_OscConfig                        0x080018d1   Thumb Code   778  stm32f1xx_hal_rcc.o(i.HAL_RCC_OscConfig)
    HAL_SYSTICK_Config                       0x08001bf1   Thumb Code    40  stm32f1xx_hal_cortex.o(i.HAL_SYSTICK_Config)
    HAL_TIMEx_BreakCallback                  0x08001c19   Thumb Code     2  stm32f1xx_hal_tim_ex.o(i.HAL_TIMEx_BreakCallback)
    HAL_TIMEx_CommutCallback                 0x08001c1b   Thumb Code     2  stm32f1xx_hal_tim_ex.o(i.HAL_TIMEx_CommutCallback)
    HAL_TIMEx_MasterConfigSynchronization    0x08001c1d   Thumb Code    92  stm32f1xx_hal_tim_ex.o(i.HAL_TIMEx_MasterConfigSynchronization)
    HAL_TIM_Base_Init                        0x08001c85   Thumb Code    90  stm32f1xx_hal_tim.o(i.HAL_TIM_Base_Init)
    HAL_TIM_Base_MspInit                     0x08001ce1   Thumb Code   144  tim.o(i.HAL_TIM_Base_MspInit)
    HAL_TIM_ConfigClockSource                0x08001d81   Thumb Code   220  stm32f1xx_hal_tim.o(i.HAL_TIM_ConfigClockSource)
    HAL_TIM_IC_CaptureCallback               0x08001e5d   Thumb Code     2  stm32f1xx_hal_tim.o(i.HAL_TIM_IC_CaptureCallback)
    HAL_TIM_IC_ConfigChannel                 0x08001e5f   Thumb Code   292  stm32f1xx_hal_tim.o(i.HAL_TIM_IC_ConfigChannel)
    HAL_TIM_IC_Init                          0x08001f83   Thumb Code    90  stm32f1xx_hal_tim.o(i.HAL_TIM_IC_Init)
    HAL_TIM_IC_MspInit                       0x08001fdd   Thumb Code     2  stm32f1xx_hal_tim.o(i.HAL_TIM_IC_MspInit)
    HAL_TIM_IRQHandler                       0x08001fdf   Thumb Code   304  stm32f1xx_hal_tim.o(i.HAL_TIM_IRQHandler)
    HAL_TIM_OC_DelayElapsedCallback          0x0800210f   Thumb Code     2  stm32f1xx_hal_tim.o(i.HAL_TIM_OC_DelayElapsedCallback)
    HAL_TIM_PWM_PulseFinishedCallback        0x08002111   Thumb Code     2  stm32f1xx_hal_tim.o(i.HAL_TIM_PWM_PulseFinishedCallback)
    HAL_TIM_PeriodElapsedCallback            0x08002113   Thumb Code     2  stm32f1xx_hal_tim.o(i.HAL_TIM_PeriodElapsedCallback)
    HAL_TIM_TriggerCallback                  0x08002115   Thumb Code     2  stm32f1xx_hal_tim.o(i.HAL_TIM_TriggerCallback)
    HAL_UARTEx_RxEventCallback               0x08002117   Thumb Code     2  stm32f1xx_hal_uart.o(i.HAL_UARTEx_RxEventCallback)
    HAL_UART_DMAStop                         0x08002119   Thumb Code   112  stm32f1xx_hal_uart.o(i.HAL_UART_DMAStop)
    HAL_UART_ErrorCallback                   0x08002189   Thumb Code     2  stm32f1xx_hal_uart.o(i.HAL_UART_ErrorCallback)
    HAL_UART_IRQHandler                      0x0800218d   Thumb Code   616  stm32f1xx_hal_uart.o(i.HAL_UART_IRQHandler)
    HAL_UART_Init                            0x080023f9   Thumb Code   100  stm32f1xx_hal_uart.o(i.HAL_UART_Init)
    HAL_UART_MspInit                         0x0800245d   Thumb Code   226  usart.o(i.HAL_UART_MspInit)
    HAL_UART_Receive_DMA                     0x0800255d   Thumb Code    28  stm32f1xx_hal_uart.o(i.HAL_UART_Receive_DMA)
    HAL_UART_RxCpltCallback                  0x08002579   Thumb Code    32  esp8266.o(i.HAL_UART_RxCpltCallback)
    HAL_UART_RxHalfCpltCallback              0x080025a5   Thumb Code     2  stm32f1xx_hal_uart.o(i.HAL_UART_RxHalfCpltCallback)
    HAL_UART_Transmit                        0x080025a7   Thumb Code   160  stm32f1xx_hal_uart.o(i.HAL_UART_Transmit)
    HAL_UART_TxCpltCallback                  0x08002647   Thumb Code     2  stm32f1xx_hal_uart.o(i.HAL_UART_TxCpltCallback)
    HardFault_Handler                        0x08002649   Thumb Code     2  stm32f1xx_it.o(i.HardFault_Handler)
    I2C_Start                                0x0800264d   Thumb Code    64  oled.o(i.I2C_Start)
    I2C_Stop                                 0x08002691   Thumb Code    46  oled.o(i.I2C_Stop)
    I2C_WaitAck                              0x080026c5   Thumb Code    52  oled.o(i.I2C_WaitAck)
    IIC_delay                                0x080026fd   Thumb Code    10  oled.o(i.IIC_delay)
    MX_ADC1_Init                             0x08002709   Thumb Code    70  adc.o(i.MX_ADC1_Init)
    MX_ADC2_Init                             0x08002759   Thumb Code    70  adc.o(i.MX_ADC2_Init)
    MX_DMA_Init                              0x080027a9   Thumb Code    40  dma.o(i.MX_DMA_Init)
    MX_GPIO_Init                             0x080027d5   Thumb Code   186  gpio.o(i.MX_GPIO_Init)
    MX_TIM1_Init                             0x080028a1   Thumb Code    98  tim.o(i.MX_TIM1_Init)
    MX_TIM2_Init                             0x0800290d   Thumb Code   144  tim.o(i.MX_TIM2_Init)
    MX_USART1_UART_Init                      0x080029a1   Thumb Code    54  usart.o(i.MX_USART1_UART_Init)
    MX_USART3_UART_Init                      0x080029e1   Thumb Code    48  usart.o(i.MX_USART3_UART_Init)
    MemManage_Handler                        0x08002a19   Thumb Code     2  stm32f1xx_it.o(i.MemManage_Handler)
    NMI_Handler                              0x08002a1b   Thumb Code     2  stm32f1xx_it.o(i.NMI_Handler)
    OLED_Clear                               0x08002a1d   Thumb Code    40  oled.o(i.OLED_Clear)
    OLED_DrawPoint                           0x08002a49   Thumb Code    40  oled.o(i.OLED_DrawPoint)
    OLED_Init                                0x08002a75   Thumb Code   218  oled.o(i.OLED_Init)
    OLED_Pow                                 0x08002b4f   Thumb Code    16  oled.o(i.OLED_Pow)
    OLED_Refresh                             0x08002b61   Thumb Code   100  oled.o(i.OLED_Refresh)
    OLED_ShowChar                            0x08002bc9   Thumb Code   212  oled.o(i.OLED_ShowChar)
    OLED_ShowNum                             0x08002cad   Thumb Code   110  oled.o(i.OLED_ShowNum)
    OLED_ShowString                          0x08002d1b   Thumb Code    60  oled.o(i.OLED_ShowString)
    OLED_WR_Byte                             0x08002d57   Thumb Code    54  oled.o(i.OLED_WR_Byte)
    PendSV_Handler                           0x08002d8d   Thumb Code     2  stm32f1xx_it.o(i.PendSV_Handler)
    SVC_Handler                              0x08002d8f   Thumb Code     2  stm32f1xx_it.o(i.SVC_Handler)
    Send_Byte                                0x08002d91   Thumb Code    78  oled.o(i.Send_Byte)
    SettingInterface                         0x08002de5   Thumb Code   274  main.o(i.SettingInterface)
    SysTick_Handler                          0x08002f31   Thumb Code     4  stm32f1xx_it.o(i.SysTick_Handler)
    SystemClock_Config                       0x08002f35   Thumb Code   120  main.o(i.SystemClock_Config)
    SystemInit                               0x08002fad   Thumb Code     2  system_stm32f1xx.o(i.SystemInit)
    TIM1_UP_IRQHandler                       0x08002fb1   Thumb Code     6  stm32f1xx_it.o(i.TIM1_UP_IRQHandler)
    TIM2_IRQHandler                          0x08002fbd   Thumb Code     6  stm32f1xx_it.o(i.TIM2_IRQHandler)
    TIM_Base_SetConfig                       0x08002fc9   Thumb Code   108  stm32f1xx_hal_tim.o(i.TIM_Base_SetConfig)
    TIM_ETR_SetConfig                        0x08003041   Thumb Code    20  stm32f1xx_hal_tim.o(i.TIM_ETR_SetConfig)
    TIM_TI1_SetConfig                        0x08003089   Thumb Code    76  stm32f1xx_hal_tim.o(i.TIM_TI1_SetConfig)
    UART_Start_Receive_DMA                   0x0800341d   Thumb Code   130  stm32f1xx_hal_uart.o(i.UART_Start_Receive_DMA)
    USART1_IRQHandler                        0x08003521   Thumb Code    70  stm32f1xx_it.o(i.USART1_IRQHandler)
    UsageFault_Handler                       0x08003575   Thumb Code     2  stm32f1xx_it.o(i.UsageFault_Handler)
    __0printf                                0x08003579   Thumb Code    22  printfa.o(i.__0printf)
    __1printf                                0x08003579   Thumb Code     0  printfa.o(i.__0printf)
    __2printf                                0x08003579   Thumb Code     0  printfa.o(i.__0printf)
    __c89printf                              0x08003579   Thumb Code     0  printfa.o(i.__0printf)
    printf                                   0x08003579   Thumb Code     0  printfa.o(i.__0printf)
    __scatterload_copy                       0x080035b9   Thumb Code    14  handlers.o(i.__scatterload_copy)
    __scatterload_null                       0x080035c7   Thumb Code     2  handlers.o(i.__scatterload_null)
    __scatterload_zeroinit                   0x080035c9   Thumb Code    14  handlers.o(i.__scatterload_zeroinit)
    delay_ms                                 0x08003e8b   Thumb Code    26  delay.o(i.delay_ms)
    delay_us                                 0x08003ea5   Thumb Code    46  delay.o(i.delay_us)
    fputc                                    0x08003ed9   Thumb Code    20  usart.o(i.fputc)
    main                                     0x08003ef1   Thumb Code   328  main.o(i.main)
    AHBPrescTable                            0x08004090   Data          16  system_stm32f1xx.o(.constdata)
    APBPrescTable                            0x080040a0   Data           8  system_stm32f1xx.o(.constdata)
    asc2_0806                                0x080040a8   Data         552  oled.o(.constdata)
    asc2_1206                                0x080042d0   Data        1140  oled.o(.constdata)
    asc2_1608                                0x08004744   Data        1520  oled.o(.constdata)
    asc2_2412                                0x08004d34   Data        3420  oled.o(.constdata)
    Region$$Table$$Base                      0x08005a90   Number         0  anon$$obj.o(Region$$Table)
    Region$$Table$$Limit                     0x08005ab0   Number         0  anon$$obj.o(Region$$Table)
    temp_threshold                           0x20000000   Data           1  main.o(.data)
    hum_threshold                            0x20000001   Data           1  main.o(.data)
    setting_mode                             0x20000002   Data           1  main.o(.data)
    setting_index                            0x20000003   Data           1  main.o(.data)
    light_threshold                          0x20000004   Data           2  main.o(.data)
    mq2_threshold                            0x20000006   Data           2  main.o(.data)
    uwTickFreq                               0x20000008   Data           1  stm32f1xx_hal.o(.data)
    uwTickPrio                               0x2000000c   Data           4  stm32f1xx_hal.o(.data)
    uwTick                                   0x20000010   Data           4  stm32f1xx_hal.o(.data)
    SystemCoreClock                          0x20000014   Data           4  system_stm32f1xx.o(.data)
    esp8266_cnt                              0x20000020   Data           2  esp8266.o(.data)
    esp8266_cntPre                           0x20000022   Data           2  esp8266.o(.data)
    __stdout                                 0x20000024   Data           4  stdout.o(.data)
    hadc1                                    0x20000028   Data          48  adc.o(.bss)
    hadc2                                    0x20000058   Data          48  adc.o(.bss)
    htim1                                    0x20000088   Data          72  tim.o(.bss)
    htim2                                    0x200000d0   Data          72  tim.o(.bss)
    huart1                                   0x20000118   Data          72  usart.o(.bss)
    huart3                                   0x20000160   Data          72  usart.o(.bss)
    hdma_usart1_rx                           0x200001a8   Data          68  usart.o(.bss)
    OLED_GRAM                                0x200001ec   Data         512  oled.o(.bss)
    esp8266_buf                              0x200003ec   Data         128  esp8266.o(.bss)
    __initial_sp                             0x20000870   Data           0  startup_stm32f103xb.o(STACK)



==============================================================================

Memory Map of the image

  Image Entry point : 0x080000ed

  Load Region LR_IROM1 (Base: 0x08000000, Size: 0x00005ad8, Max: 0x00010000, ABSOLUTE)

    Execution Region ER_IROM1 (Exec base: 0x08000000, Load base: 0x08000000, Size: 0x00005ab0, Max: 0x00010000, ABSOLUTE)

    Exec Addr    Load Addr    Size         Type   Attr      Idx    E Section Name        Object

    0x08000000   0x08000000   0x000000ec   Data   RO            3    RESET               startup_stm32f103xb.o
    0x080000ec   0x080000ec   0x00000000   Code   RO         4218  * .ARM.Collect$$$$00000000  mc_w.l(entry.o)
    0x080000ec   0x080000ec   0x00000004   Code   RO         4554    .ARM.Collect$$$$00000001  mc_w.l(entry2.o)
    0x080000f0   0x080000f0   0x00000004   Code   RO         4557    .ARM.Collect$$$$00000004  mc_w.l(entry5.o)
    0x080000f4   0x080000f4   0x00000000   Code   RO         4559    .ARM.Collect$$$$00000008  mc_w.l(entry7b.o)
    0x080000f4   0x080000f4   0x00000000   Code   RO         4561    .ARM.Collect$$$$0000000A  mc_w.l(entry8b.o)
    0x080000f4   0x080000f4   0x00000008   Code   RO         4562    .ARM.Collect$$$$0000000B  mc_w.l(entry9a.o)
    0x080000fc   0x080000fc   0x00000000   Code   RO         4564    .ARM.Collect$$$$0000000D  mc_w.l(entry10a.o)
    0x080000fc   0x080000fc   0x00000000   Code   RO         4566    .ARM.Collect$$$$0000000F  mc_w.l(entry11a.o)
    0x080000fc   0x080000fc   0x00000004   Code   RO         4555    .ARM.Collect$$$$00002712  mc_w.l(entry2.o)
    0x08000100   0x08000100   0x00000024   Code   RO            4    .text               startup_stm32f103xb.o
    0x08000124   0x08000124   0x00000020   Code   RO         4221    .text               mc_w.l(llushr.o)
    0x08000144   0x08000144   0x00000024   Code   RO         4227    .text               mc_w.l(memseta.o)
    0x08000168   0x08000168   0x0000014e   Code   RO         4540    .text               mf_w.l(dadd.o)
    0x080002b6   0x080002b6   0x0000003e   Code   RO         4546    .text               mf_w.l(dfixi.o)
    0x080002f4   0x080002f4   0x00000030   Code   RO         4552    .text               mf_w.l(cdrcmple.o)
    0x08000324   0x08000324   0x0000002c   Code   RO         4569    .text               mc_w.l(uidiv.o)
    0x08000350   0x08000350   0x00000062   Code   RO         4571    .text               mc_w.l(uldiv.o)
    0x080003b2   0x080003b2   0x0000001e   Code   RO         4573    .text               mc_w.l(llshl.o)
    0x080003d0   0x080003d0   0x00000024   Code   RO         4575    .text               mc_w.l(llsshr.o)
    0x080003f4   0x080003f4   0x00000000   Code   RO         4594    .text               mc_w.l(iusefp.o)
    0x080003f4   0x080003f4   0x000000ba   Code   RO         4595    .text               mf_w.l(depilogue.o)
    0x080004ae   0x080004ae   0x000000e4   Code   RO         4597    .text               mf_w.l(dmul.o)
    0x08000592   0x08000592   0x000000de   Code   RO         4599    .text               mf_w.l(ddiv.o)
    0x08000670   0x08000670   0x00000030   Code   RO         4603    .text               mf_w.l(dfixul.o)
    0x080006a0   0x080006a0   0x00000024   Code   RO         4607    .text               mc_w.l(init.o)
    0x080006c4   0x080006c4   0x00000020   Code   RO          223    i.ADC1_Read         adc.o
    0x080006e4   0x080006e4   0x00000020   Code   RO          224    i.ADC2_Read         adc.o
    0x08000704   0x08000704   0x00000056   Code   RO          577    i.ADC_ConversionStop_Disable  stm32f1xx_hal_adc.o
    0x0800075a   0x0800075a   0x00000002   PAD
    0x0800075c   0x0800075c   0x0000007c   Code   RO          581    i.ADC_Enable        stm32f1xx_hal_adc.o
    0x080007d8   0x080007d8   0x00000002   Code   RO          411    i.BusFault_Handler  stm32f1xx_it.o
    0x080007da   0x080007da   0x00000002   PAD
    0x080007dc   0x080007dc   0x0000006c   Code   RO         4169    i.DHT11_Check       dht11.o
    0x08000848   0x08000848   0x0000006c   Code   RO         4171    i.DHT11_Read_Byte   dht11.o
    0x080008b4   0x080008b4   0x00000052   Code   RO         4172    i.DHT11_Read_Data   dht11.o
    0x08000906   0x08000906   0x00000002   PAD
    0x08000908   0x08000908   0x00000040   Code   RO         4173    i.DHT11_Rst         dht11.o
    0x08000948   0x08000948   0x0000000c   Code   RO          412    i.DMA1_Channel5_IRQHandler  stm32f1xx_it.o
    0x08000954   0x08000954   0x0000002a   Code   RO         1233    i.DMA_SetConfig     stm32f1xx_hal_dma.o
    0x0800097e   0x0800097e   0x00000002   Code   RO          413    i.DebugMon_Handler  stm32f1xx_it.o
    0x08000980   0x08000980   0x00000024   Code   RO         3981    i.Delay_Init        delay.o
    0x080009a4   0x080009a4   0x0000001e   Code   RO          414    i.EXTI15_10_IRQHandler  stm32f1xx_it.o
    0x080009c2   0x080009c2   0x00000004   Code   RO           13    i.Error_Handler     main.o
    0x080009c6   0x080009c6   0x00000002   PAD
    0x080009c8   0x080009c8   0x000000fc   Code   RO          583    i.HAL_ADC_ConfigChannel  stm32f1xx_hal_adc.o
    0x08000ac4   0x08000ac4   0x00000006   Code   RO          590    i.HAL_ADC_GetValue  stm32f1xx_hal_adc.o
    0x08000aca   0x08000aca   0x00000002   PAD
    0x08000acc   0x08000acc   0x0000011c   Code   RO          592    i.HAL_ADC_Init      stm32f1xx_hal_adc.o
    0x08000be8   0x08000be8   0x00000088   Code   RO          226    i.HAL_ADC_MspInit   adc.o
    0x08000c70   0x08000c70   0x0000013c   Code   RO          596    i.HAL_ADC_PollForConversion  stm32f1xx_hal_adc.o
    0x08000dac   0x08000dac   0x000000c0   Code   RO          598    i.HAL_ADC_Start     stm32f1xx_hal_adc.o
    0x08000e6c   0x08000e6c   0x00000046   Code   RO         1234    i.HAL_DMA_Abort     stm32f1xx_hal_dma.o
    0x08000eb2   0x08000eb2   0x00000002   PAD
    0x08000eb4   0x08000eb4   0x00000098   Code   RO         1235    i.HAL_DMA_Abort_IT  stm32f1xx_hal_dma.o
    0x08000f4c   0x08000f4c   0x00000154   Code   RO         1239    i.HAL_DMA_IRQHandler  stm32f1xx_hal_dma.o
    0x080010a0   0x080010a0   0x0000005c   Code   RO         1240    i.HAL_DMA_Init      stm32f1xx_hal_dma.o
    0x080010fc   0x080010fc   0x00000070   Code   RO         1244    i.HAL_DMA_Start_IT  stm32f1xx_hal_dma.o
    0x0800116c   0x0800116c   0x000000d4   Code   RO           14    i.HAL_GPIO_EXTI_Callback  main.o
    0x08001240   0x08001240   0x00000018   Code   RO         1169    i.HAL_GPIO_EXTI_IRQHandler  stm32f1xx_hal_gpio.o
    0x08001258   0x08001258   0x000001e0   Code   RO         1170    i.HAL_GPIO_Init     stm32f1xx_hal_gpio.o
    0x08001438   0x08001438   0x0000000a   Code   RO         1172    i.HAL_GPIO_ReadPin  stm32f1xx_hal_gpio.o
    0x08001442   0x08001442   0x0000000a   Code   RO         1174    i.HAL_GPIO_WritePin  stm32f1xx_hal_gpio.o
    0x0800144c   0x0800144c   0x0000000c   Code   RO          864    i.HAL_GetTick       stm32f1xx_hal.o
    0x08001458   0x08001458   0x00000010   Code   RO          870    i.HAL_IncTick       stm32f1xx_hal.o
    0x08001468   0x08001468   0x00000024   Code   RO          871    i.HAL_Init          stm32f1xx_hal.o
    0x0800148c   0x0800148c   0x00000040   Code   RO          872    i.HAL_InitTick      stm32f1xx_hal.o
    0x080014cc   0x080014cc   0x0000003c   Code   RO          517    i.HAL_MspInit       stm32f1xx_hal_msp.o
    0x08001508   0x08001508   0x0000001a   Code   RO         1330    i.HAL_NVIC_EnableIRQ  stm32f1xx_hal_cortex.o
    0x08001522   0x08001522   0x00000002   PAD
    0x08001524   0x08001524   0x00000040   Code   RO         1336    i.HAL_NVIC_SetPriority  stm32f1xx_hal_cortex.o
    0x08001564   0x08001564   0x00000024   Code   RO         1337    i.HAL_NVIC_SetPriorityGrouping  stm32f1xx_hal_cortex.o
    0x08001588   0x08001588   0x000000a4   Code   RO         1131    i.HAL_RCCEx_GetPeriphCLKFreq  stm32f1xx_hal_rcc_ex.o
    0x0800162c   0x0800162c   0x000000ec   Code   RO         1132    i.HAL_RCCEx_PeriphCLKConfig  stm32f1xx_hal_rcc_ex.o
    0x08001718   0x08001718   0x0000012c   Code   RO         1028    i.HAL_RCC_ClockConfig  stm32f1xx_hal_rcc.o
    0x08001844   0x08001844   0x00000020   Code   RO         1035    i.HAL_RCC_GetPCLK1Freq  stm32f1xx_hal_rcc.o
    0x08001864   0x08001864   0x00000020   Code   RO         1036    i.HAL_RCC_GetPCLK2Freq  stm32f1xx_hal_rcc.o
    0x08001884   0x08001884   0x0000004c   Code   RO         1037    i.HAL_RCC_GetSysClockFreq  stm32f1xx_hal_rcc.o
    0x080018d0   0x080018d0   0x00000320   Code   RO         1040    i.HAL_RCC_OscConfig  stm32f1xx_hal_rcc.o
    0x08001bf0   0x08001bf0   0x00000028   Code   RO         1341    i.HAL_SYSTICK_Config  stm32f1xx_hal_cortex.o
    0x08001c18   0x08001c18   0x00000002   Code   RO         2536    i.HAL_TIMEx_BreakCallback  stm32f1xx_hal_tim_ex.o
    0x08001c1a   0x08001c1a   0x00000002   Code   RO         2537    i.HAL_TIMEx_CommutCallback  stm32f1xx_hal_tim_ex.o
    0x08001c1c   0x08001c1c   0x00000068   Code   RO         2555    i.HAL_TIMEx_MasterConfigSynchronization  stm32f1xx_hal_tim_ex.o
    0x08001c84   0x08001c84   0x0000005a   Code   RO         1832    i.HAL_TIM_Base_Init  stm32f1xx_hal_tim.o
    0x08001cde   0x08001cde   0x00000002   PAD
    0x08001ce0   0x08001ce0   0x000000a0   Code   RO          308    i.HAL_TIM_Base_MspInit  tim.o
    0x08001d80   0x08001d80   0x000000dc   Code   RO         1841    i.HAL_TIM_ConfigClockSource  stm32f1xx_hal_tim.o
    0x08001e5c   0x08001e5c   0x00000002   Code   RO         1866    i.HAL_TIM_IC_CaptureCallback  stm32f1xx_hal_tim.o
    0x08001e5e   0x08001e5e   0x00000124   Code   RO         1868    i.HAL_TIM_IC_ConfigChannel  stm32f1xx_hal_tim.o
    0x08001f82   0x08001f82   0x0000005a   Code   RO         1871    i.HAL_TIM_IC_Init   stm32f1xx_hal_tim.o
    0x08001fdc   0x08001fdc   0x00000002   Code   RO         1873    i.HAL_TIM_IC_MspInit  stm32f1xx_hal_tim.o
    0x08001fde   0x08001fde   0x00000130   Code   RO         1880    i.HAL_TIM_IRQHandler  stm32f1xx_hal_tim.o
    0x0800210e   0x0800210e   0x00000002   Code   RO         1883    i.HAL_TIM_OC_DelayElapsedCallback  stm32f1xx_hal_tim.o
    0x08002110   0x08002110   0x00000002   Code   RO         1910    i.HAL_TIM_PWM_PulseFinishedCallback  stm32f1xx_hal_tim.o
    0x08002112   0x08002112   0x00000002   Code   RO         1918    i.HAL_TIM_PeriodElapsedCallback  stm32f1xx_hal_tim.o
    0x08002114   0x08002114   0x00000002   Code   RO         1923    i.HAL_TIM_TriggerCallback  stm32f1xx_hal_tim.o
    0x08002116   0x08002116   0x00000002   Code   RO         2815    i.HAL_UARTEx_RxEventCallback  stm32f1xx_hal_uart.o
    0x08002118   0x08002118   0x00000070   Code   RO         2827    i.HAL_UART_DMAStop  stm32f1xx_hal_uart.o
    0x08002188   0x08002188   0x00000002   Code   RO         2829    i.HAL_UART_ErrorCallback  stm32f1xx_hal_uart.o
    0x0800218a   0x0800218a   0x00000002   PAD
    0x0800218c   0x0800218c   0x0000026c   Code   RO         2832    i.HAL_UART_IRQHandler  stm32f1xx_hal_uart.o
    0x080023f8   0x080023f8   0x00000064   Code   RO         2833    i.HAL_UART_Init     stm32f1xx_hal_uart.o
    0x0800245c   0x0800245c   0x00000100   Code   RO          358    i.HAL_UART_MspInit  usart.o
    0x0800255c   0x0800255c   0x0000001c   Code   RO         2837    i.HAL_UART_Receive_DMA  stm32f1xx_hal_uart.o
    0x08002578   0x08002578   0x0000002c   Code   RO         4032    i.HAL_UART_RxCpltCallback  esp8266.o
    0x080025a4   0x080025a4   0x00000002   Code   RO         2840    i.HAL_UART_RxHalfCpltCallback  stm32f1xx_hal_uart.o
    0x080025a6   0x080025a6   0x000000a0   Code   RO         2841    i.HAL_UART_Transmit  stm32f1xx_hal_uart.o
    0x08002646   0x08002646   0x00000002   Code   RO         2844    i.HAL_UART_TxCpltCallback  stm32f1xx_hal_uart.o
    0x08002648   0x08002648   0x00000002   Code   RO          415    i.HardFault_Handler  stm32f1xx_it.o
    0x0800264a   0x0800264a   0x00000002   PAD
    0x0800264c   0x0800264c   0x00000044   Code   RO         3204    i.I2C_Start         oled.o
    0x08002690   0x08002690   0x00000034   Code   RO         3205    i.I2C_Stop          oled.o
    0x080026c4   0x080026c4   0x00000038   Code   RO         3206    i.I2C_WaitAck       oled.o
    0x080026fc   0x080026fc   0x0000000a   Code   RO         3207    i.IIC_delay         oled.o
    0x08002706   0x08002706   0x00000002   PAD
    0x08002708   0x08002708   0x00000050   Code   RO          227    i.MX_ADC1_Init      adc.o
    0x08002758   0x08002758   0x00000050   Code   RO          228    i.MX_ADC2_Init      adc.o
    0x080027a8   0x080027a8   0x0000002c   Code   RO          283    i.MX_DMA_Init       dma.o
    0x080027d4   0x080027d4   0x000000cc   Code   RO          199    i.MX_GPIO_Init      gpio.o
    0x080028a0   0x080028a0   0x0000006c   Code   RO          309    i.MX_TIM1_Init      tim.o
    0x0800290c   0x0800290c   0x00000094   Code   RO          310    i.MX_TIM2_Init      tim.o
    0x080029a0   0x080029a0   0x00000040   Code   RO          359    i.MX_USART1_UART_Init  usart.o
    0x080029e0   0x080029e0   0x00000038   Code   RO          360    i.MX_USART3_UART_Init  usart.o
    0x08002a18   0x08002a18   0x00000002   Code   RO          416    i.MemManage_Handler  stm32f1xx_it.o
    0x08002a1a   0x08002a1a   0x00000002   Code   RO          417    i.NMI_Handler       stm32f1xx_it.o
    0x08002a1c   0x08002a1c   0x0000002c   Code   RO         3208    i.OLED_Clear        oled.o
    0x08002a48   0x08002a48   0x0000002c   Code   RO         3215    i.OLED_DrawPoint    oled.o
    0x08002a74   0x08002a74   0x000000da   Code   RO         3216    i.OLED_Init         oled.o
    0x08002b4e   0x08002b4e   0x00000010   Code   RO         3217    i.OLED_Pow          oled.o
    0x08002b5e   0x08002b5e   0x00000002   PAD
    0x08002b60   0x08002b60   0x00000068   Code   RO         3218    i.OLED_Refresh      oled.o
    0x08002bc8   0x08002bc8   0x000000e4   Code   RO         3219    i.OLED_ShowChar     oled.o
    0x08002cac   0x08002cac   0x0000006e   Code   RO         3220    i.OLED_ShowNum      oled.o
    0x08002d1a   0x08002d1a   0x0000003c   Code   RO         3222    i.OLED_ShowString   oled.o
    0x08002d56   0x08002d56   0x00000036   Code   RO         3223    i.OLED_WR_Byte      oled.o
    0x08002d8c   0x08002d8c   0x00000002   Code   RO          418    i.PendSV_Handler    stm32f1xx_it.o
    0x08002d8e   0x08002d8e   0x00000002   Code   RO          419    i.SVC_Handler       stm32f1xx_it.o
    0x08002d90   0x08002d90   0x00000054   Code   RO         3224    i.Send_Byte         oled.o
    0x08002de4   0x08002de4   0x0000014c   Code   RO           15    i.SettingInterface  main.o
    0x08002f30   0x08002f30   0x00000004   Code   RO          420    i.SysTick_Handler   stm32f1xx_it.o
    0x08002f34   0x08002f34   0x00000078   Code   RO           16    i.SystemClock_Config  main.o
    0x08002fac   0x08002fac   0x00000002   Code   RO         3167    i.SystemInit        system_stm32f1xx.o
    0x08002fae   0x08002fae   0x00000002   PAD
    0x08002fb0   0x08002fb0   0x0000000c   Code   RO          421    i.TIM1_UP_IRQHandler  stm32f1xx_it.o
    0x08002fbc   0x08002fbc   0x0000000c   Code   RO          422    i.TIM2_IRQHandler   stm32f1xx_it.o
    0x08002fc8   0x08002fc8   0x00000078   Code   RO         1925    i.TIM_Base_SetConfig  stm32f1xx_hal_tim.o
    0x08003040   0x08003040   0x00000014   Code   RO         1936    i.TIM_ETR_SetConfig  stm32f1xx_hal_tim.o
    0x08003054   0x08003054   0x00000010   Code   RO         1937    i.TIM_ITRx_SetConfig  stm32f1xx_hal_tim.o
    0x08003064   0x08003064   0x00000022   Code   RO         1943    i.TIM_TI1_ConfigInputStage  stm32f1xx_hal_tim.o
    0x08003086   0x08003086   0x00000002   PAD
    0x08003088   0x08003088   0x00000058   Code   RO         1944    i.TIM_TI1_SetConfig  stm32f1xx_hal_tim.o
    0x080030e0   0x080030e0   0x00000024   Code   RO         1945    i.TIM_TI2_ConfigInputStage  stm32f1xx_hal_tim.o
    0x08003104   0x08003104   0x00000036   Code   RO         1946    i.TIM_TI2_SetConfig  stm32f1xx_hal_tim.o
    0x0800313a   0x0800313a   0x00000010   Code   RO         2846    i.UART_DMAAbortOnError  stm32f1xx_hal_uart.o
    0x0800314a   0x0800314a   0x0000004a   Code   RO         2847    i.UART_DMAError     stm32f1xx_hal_uart.o
    0x08003194   0x08003194   0x00000086   Code   RO         2848    i.UART_DMAReceiveCplt  stm32f1xx_hal_uart.o
    0x0800321a   0x0800321a   0x0000001e   Code   RO         2850    i.UART_DMARxHalfCplt  stm32f1xx_hal_uart.o
    0x08003238   0x08003238   0x0000004e   Code   RO         2856    i.UART_EndRxTransfer  stm32f1xx_hal_uart.o
    0x08003286   0x08003286   0x0000001c   Code   RO         2857    i.UART_EndTxTransfer  stm32f1xx_hal_uart.o
    0x080032a2   0x080032a2   0x000000c2   Code   RO         2858    i.UART_Receive_IT   stm32f1xx_hal_uart.o
    0x08003364   0x08003364   0x000000b8   Code   RO         2859    i.UART_SetConfig    stm32f1xx_hal_uart.o
    0x0800341c   0x0800341c   0x00000090   Code   RO         2860    i.UART_Start_Receive_DMA  stm32f1xx_hal_uart.o
    0x080034ac   0x080034ac   0x00000072   Code   RO         2862    i.UART_WaitOnFlagUntilTimeout  stm32f1xx_hal_uart.o
    0x0800351e   0x0800351e   0x00000002   PAD
    0x08003520   0x08003520   0x00000054   Code   RO          423    i.USART1_IRQHandler  stm32f1xx_it.o
    0x08003574   0x08003574   0x00000002   Code   RO          424    i.UsageFault_Handler  stm32f1xx_it.o
    0x08003576   0x08003576   0x00000002   PAD
    0x08003578   0x08003578   0x00000020   Code   RO         4476    i.__0printf         mc_w.l(printfa.o)
    0x08003598   0x08003598   0x00000020   Code   RO         1343    i.__NVIC_SetPriority  stm32f1xx_hal_cortex.o
    0x080035b8   0x080035b8   0x0000000e   Code   RO         4652    i.__scatterload_copy  mc_w.l(handlers.o)
    0x080035c6   0x080035c6   0x00000002   Code   RO         4653    i.__scatterload_null  mc_w.l(handlers.o)
    0x080035c8   0x080035c8   0x0000000e   Code   RO         4654    i.__scatterload_zeroinit  mc_w.l(handlers.o)
    0x080035d6   0x080035d6   0x00000002   PAD
    0x080035d8   0x080035d8   0x00000184   Code   RO         4483    i._fp_digits        mc_w.l(printfa.o)
    0x0800375c   0x0800375c   0x000006dc   Code   RO         4484    i._printf_core      mc_w.l(printfa.o)
    0x08003e38   0x08003e38   0x00000024   Code   RO         4485    i._printf_post_padding  mc_w.l(printfa.o)
    0x08003e5c   0x08003e5c   0x0000002e   Code   RO         4486    i._printf_pre_padding  mc_w.l(printfa.o)
    0x08003e8a   0x08003e8a   0x0000001a   Code   RO         3982    i.delay_ms          delay.o
    0x08003ea4   0x08003ea4   0x00000034   Code   RO         3983    i.delay_us          delay.o
    0x08003ed8   0x08003ed8   0x00000018   Code   RO          361    i.fputc             usart.o
    0x08003ef0   0x08003ef0   0x0000017c   Code   RO           17    i.main              main.o
    0x0800406c   0x0800406c   0x00000012   Data   RO         1041    .constdata          stm32f1xx_hal_rcc.o
    0x0800407e   0x0800407e   0x00000012   Data   RO         1133    .constdata          stm32f1xx_hal_rcc_ex.o
    0x08004090   0x08004090   0x00000010   Data   RO         3168    .constdata          system_stm32f1xx.o
    0x080040a0   0x080040a0   0x00000008   Data   RO         3169    .constdata          system_stm32f1xx.o
    0x080040a8   0x080040a8   0x000019e8   Data   RO         3226    .constdata          oled.o
    0x08005a90   0x08005a90   0x00000020   Data   RO         4650    Region$$Table       anon$$obj.o


    Execution Region RW_IRAM1 (Exec base: 0x20000000, Load base: 0x08005ab0, Size: 0x00000870, Max: 0x00005000, ABSOLUTE)

    Exec Addr    Load Addr    Size         Type   Attr      Idx    E Section Name        Object

    0x20000000   0x08005ab0   0x00000008   Data   RW           18    .data               main.o
    0x20000008   0x08005ab8   0x0000000c   Data   RW          878    .data               stm32f1xx_hal.o
    0x20000014   0x08005ac4   0x00000004   Data   RW         3170    .data               system_stm32f1xx.o
    0x20000018   0x08005ac8   0x00000008   Data   RW         3984    .data               delay.o
    0x20000020   0x08005ad0   0x00000004   Data   RW         4035    .data               esp8266.o
    0x20000024   0x08005ad4   0x00000004   Data   RW         4568    .data               mc_w.l(stdout.o)
    0x20000028        -       0x00000060   Zero   RW          229    .bss                adc.o
    0x20000088        -       0x00000090   Zero   RW          311    .bss                tim.o
    0x20000118        -       0x000000d4   Zero   RW          362    .bss                usart.o
    0x200001ec        -       0x00000200   Zero   RW         3225    .bss                oled.o
    0x200003ec        -       0x00000080   Zero   RW         4033    .bss                esp8266.o
    0x2000046c   0x08005ad8   0x00000004   PAD
    0x20000470        -       0x00000400   Zero   RW            1    STACK               startup_stm32f103xb.o


==============================================================================

Image component sizes


      Code (inc. data)   RO Data    RW Data    ZI Data      Debug   Object Name

       360         50          0          0         96       3234   adc.o
       114         18          0          8          0       1603   delay.o
       362         18          0          0          0       3882   dht11.o
        44          4          0          0          0        758   dma.o
        44         12          0          4        128       3155   esp8266.o
       204         18          0          0          0        971   gpio.o
      1048        116          0          8          0     446788   main.o
      1148         48       6632          0        512       9471   oled.o
        36          8        236          0       1024        804   startup_stm32f103xb.o
       128         24          0         12          0       5297   stm32f1xx_hal.o
      1260         54          0          0          0       6524   stm32f1xx_hal_adc.o
       198         14          0          0          0      28935   stm32f1xx_hal_cortex.o
       808         36          0          0          0       4986   stm32f1xx_hal_dma.o
       524         40          0          0          0       4114   stm32f1xx_hal_gpio.o
        60          8          0          0          0        874   stm32f1xx_hal_msp.o
      1240         84         18          0          0       5112   stm32f1xx_hal_rcc.o
       400         28         18          0          0       2465   stm32f1xx_hal_rcc_ex.o
      1376         24          0          0          0      13479   stm32f1xx_hal_tim.o
       108         12          0          0          0       2401   stm32f1xx_hal_tim_ex.o
      2024         24          0          0          0      14827   stm32f1xx_hal_uart.o
       170         32          0          0          0       6759   stm32f1xx_it.o
         2          0         24          4          0       1119   system_stm32f1xx.o
       416         30          0          0        144       2653   tim.o
       400         52          0          0        212       2926   usart.o

    ----------------------------------------------------------------------
     12506        754       6960         36       2120     573137   Object Totals
         0          0         32          0          0          0   (incl. Generated)
        32          0          0          0          4          0   (incl. Padding)

    ----------------------------------------------------------------------

      Code (inc. data)   RO Data    RW Data    ZI Data      Debug   Library Member Name

         0          0          0          0          0          0   entry.o
         0          0          0          0          0          0   entry10a.o
         0          0          0          0          0          0   entry11a.o
         8          4          0          0          0          0   entry2.o
         4          0          0          0          0          0   entry5.o
         0          0          0          0          0          0   entry7b.o
         0          0          0          0          0          0   entry8b.o
         8          4          0          0          0          0   entry9a.o
        30          0          0          0          0          0   handlers.o
        36          8          0          0          0         68   init.o
         0          0          0          0          0          0   iusefp.o
        30          0          0          0          0         68   llshl.o
        36          0          0          0          0         68   llsshr.o
        32          0          0          0          0         68   llushr.o
        36          0          0          0          0        108   memseta.o
      2258         90          0          0          0        452   printfa.o
         0          0          0          4          0          0   stdout.o
        44          0          0          0          0         80   uidiv.o
        98          0          0          0          0         92   uldiv.o
        48          0          0          0          0         68   cdrcmple.o
       334          0          0          0          0        148   dadd.o
       222          0          0          0          0        100   ddiv.o
       186          0          0          0          0        176   depilogue.o
        62          0          0          0          0         80   dfixi.o
        48          0          0          0          0         68   dfixul.o
       228          0          0          0          0         96   dmul.o

    ----------------------------------------------------------------------
      3750        106          0          4          0       1740   Library Totals
         2          0          0          0          0          0   (incl. Padding)

    ----------------------------------------------------------------------

      Code (inc. data)   RO Data    RW Data    ZI Data      Debug   Library Name

      2620        106          0          4          0       1004   mc_w.l
      1128          0          0          0          0        736   mf_w.l

    ----------------------------------------------------------------------
      3750        106          0          4          0       1740   Library Totals

    ----------------------------------------------------------------------

==============================================================================


      Code (inc. data)   RO Data    RW Data    ZI Data      Debug   

     16256        860       6960         40       2120     567645   Grand Totals
     16256        860       6960         40       2120     567645   ELF Image Totals
     16256        860       6960         40          0          0   ROM Totals

==============================================================================

    Total RO  Size (Code + RO Data)                23216 (  22.67kB)
    Total RW  Size (RW Data + ZI Data)              2160 (   2.11kB)
    Total ROM Size (Code + RO Data + RW Data)      23256 (  22.71kB)

==============================================================================

