Component: ARM Compiler 5.06 update 6 (build 750) Tool: armlink [4d35ed]

==============================================================================

Section Cross References

    startup_stm32f103xb.o(RESET) refers to startup_stm32f103xb.o(STACK) for __initial_sp
    startup_stm32f103xb.o(RESET) refers to startup_stm32f103xb.o(.text) for Reset_Handler
    startup_stm32f103xb.o(RESET) refers to stm32f1xx_it.o(i.NMI_Handler) for NMI_Handler
    startup_stm32f103xb.o(RESET) refers to stm32f1xx_it.o(i.HardFault_Handler) for HardFault_Handler
    startup_stm32f103xb.o(RESET) refers to stm32f1xx_it.o(i.MemManage_Handler) for MemManage_Handler
    startup_stm32f103xb.o(RESET) refers to stm32f1xx_it.o(i.BusFault_Handler) for BusFault_Handler
    startup_stm32f103xb.o(RESET) refers to stm32f1xx_it.o(i.UsageFault_Handler) for UsageFault_Handler
    startup_stm32f103xb.o(RESET) refers to stm32f1xx_it.o(i.SVC_Handler) for SVC_Handler
    startup_stm32f103xb.o(RESET) refers to stm32f1xx_it.o(i.DebugMon_Handler) for DebugMon_Handler
    startup_stm32f103xb.o(RESET) refers to stm32f1xx_it.o(i.PendSV_Handler) for PendSV_Handler
    startup_stm32f103xb.o(RESET) refers to stm32f1xx_it.o(i.SysTick_Handler) for SysTick_Handler
    startup_stm32f103xb.o(RESET) refers to stm32f1xx_it.o(i.DMA1_Channel5_IRQHandler) for DMA1_Channel5_IRQHandler
    startup_stm32f103xb.o(RESET) refers to stm32f1xx_it.o(i.TIM2_IRQHandler) for TIM2_IRQHandler
    startup_stm32f103xb.o(RESET) refers to stm32f1xx_it.o(i.USART1_IRQHandler) for USART1_IRQHandler
    startup_stm32f103xb.o(RESET) refers to stm32f1xx_it.o(i.EXTI15_10_IRQHandler) for EXTI15_10_IRQHandler
    startup_stm32f103xb.o(.text) refers to system_stm32f1xx.o(i.SystemInit) for SystemInit
    startup_stm32f103xb.o(.text) refers to entry.o(.ARM.Collect$$$$00000000) for __main
    main.o(i.Flash_Read_Threshold) refers to main.o(i.Flash_Write_Threshold) for Flash_Write_Threshold
    main.o(i.Flash_Read_Threshold) refers to main.o(.data) for .data
    main.o(i.Flash_Write_Threshold) refers to stm32f1xx_hal_flash.o(i.HAL_FLASH_Unlock) for HAL_FLASH_Unlock
    main.o(i.Flash_Write_Threshold) refers to stm32f1xx_hal_flash_ex.o(i.HAL_FLASHEx_Erase) for HAL_FLASHEx_Erase
    main.o(i.Flash_Write_Threshold) refers to stm32f1xx_hal_flash.o(i.HAL_FLASH_Program) for HAL_FLASH_Program
    main.o(i.Flash_Write_Threshold) refers to stm32f1xx_hal_flash.o(i.HAL_FLASH_Lock) for HAL_FLASH_Lock
    main.o(i.Flash_Write_Threshold) refers to main.o(.data) for .data
    main.o(i.HAL_GPIO_EXTI_Callback) refers to delay.o(i.delay_ms) for delay_ms
    main.o(i.HAL_GPIO_EXTI_Callback) refers to main.o(.data) for .data
    main.o(i.Servo_Control) refers to tim.o(.bss) for htim2
    main.o(i.SettingInterface) refers to oled.o(i.OLED_Clear) for OLED_Clear
    main.o(i.SettingInterface) refers to oled.o(i.OLED_ShowString) for OLED_ShowString
    main.o(i.SettingInterface) refers to oled.o(i.OLED_ShowNum) for OLED_ShowNum
    main.o(i.SettingInterface) refers to oled.o(i.OLED_ShowChar) for OLED_ShowChar
    main.o(i.SettingInterface) refers to oled.o(i.OLED_Refresh) for OLED_Refresh
    main.o(i.SettingInterface) refers to delay.o(i.delay_ms) for delay_ms
    main.o(i.SettingInterface) refers to main.o(i.Flash_Write_Threshold) for Flash_Write_Threshold
    main.o(i.SettingInterface) refers to main.o(.data) for .data
    main.o(i.SystemClock_Config) refers to memseta.o(.text) for __aeabi_memclr4
    main.o(i.SystemClock_Config) refers to stm32f1xx_hal_rcc.o(i.HAL_RCC_OscConfig) for HAL_RCC_OscConfig
    main.o(i.SystemClock_Config) refers to stm32f1xx_hal_rcc.o(i.HAL_RCC_ClockConfig) for HAL_RCC_ClockConfig
    main.o(i.SystemClock_Config) refers to stm32f1xx_hal_rcc_ex.o(i.HAL_RCCEx_PeriphCLKConfig) for HAL_RCCEx_PeriphCLKConfig
    main.o(i.main) refers to stm32f1xx_hal.o(i.HAL_Init) for HAL_Init
    main.o(i.main) refers to main.o(i.SystemClock_Config) for SystemClock_Config
    main.o(i.main) refers to gpio.o(i.MX_GPIO_Init) for MX_GPIO_Init
    main.o(i.main) refers to dma.o(i.MX_DMA_Init) for MX_DMA_Init
    main.o(i.main) refers to tim.o(i.MX_TIM2_Init) for MX_TIM2_Init
    main.o(i.main) refers to usart.o(i.MX_USART1_UART_Init) for MX_USART1_UART_Init
    main.o(i.main) refers to usart.o(i.MX_USART3_UART_Init) for MX_USART3_UART_Init
    main.o(i.main) refers to adc.o(i.MX_ADC1_Init) for MX_ADC1_Init
    main.o(i.main) refers to adc.o(i.MX_ADC2_Init) for MX_ADC2_Init
    main.o(i.main) refers to oled.o(i.OLED_Init) for OLED_Init
    main.o(i.main) refers to stm32f1xx_hal_gpio.o(i.HAL_GPIO_WritePin) for HAL_GPIO_WritePin
    main.o(i.main) refers to delay.o(i.Delay_Init) for Delay_Init
    main.o(i.main) refers to printfa.o(i.__0printf) for __2printf
    main.o(i.main) refers to delay.o(i.delay_ms) for delay_ms
    main.o(i.main) refers to esp8266.o(i.ESP8266_ConnectWiFi) for ESP8266_ConnectWiFi
    main.o(i.main) refers to oled.o(i.OLED_ShowString) for OLED_ShowString
[...]
    ../fplib/microlib/fpflt.c                0x00000000   Number         0  dfltul.o ABSOLUTE
    ../fplib/microlib/fpflt.c                0x00000000   Number         0  dflti.o ABSOLUTE
    ../fplib/microlib/fpmul.c                0x00000000   Number         0  dmul.o ABSOLUTE
    ../fplib/microlib/fpscalb.c              0x00000000   Number         0  dscalb.o ABSOLUTE
    ../mathlib/strtod.c                      0x00000000   Number         0  strtod.o ABSOLUTE
    ..\App\cJSON.c                           0x00000000   Number         0  cjson.o ABSOLUTE
    ..\App\delay.c                           0x00000000   Number         0  delay.o ABSOLUTE
    ..\App\dht11.c                           0x00000000   Number         0  dht11.o ABSOLUTE
    ..\App\esp8266.c                         0x00000000   Number         0  esp8266.o ABSOLUTE
    ..\App\mqtt_publisher.c                  0x00000000   Number         0  mqtt_publisher.o ABSOLUTE
    ..\App\oled.c                            0x00000000   Number         0  oled.o ABSOLUTE
    ..\Core\Src\adc.c                        0x00000000   Number         0  adc.o ABSOLUTE
    ..\Core\Src\dma.c                        0x00000000   Number         0  dma.o ABSOLUTE
    ..\Core\Src\gpio.c                       0x00000000   Number         0  gpio.o ABSOLUTE
    ..\Core\Src\main.c                       0x00000000   Number         0  main.o ABSOLUTE
    ..\Core\Src\stm32f1xx_hal_msp.c          0x00000000   Number         0  stm32f1xx_hal_msp.o ABSOLUTE
    ..\Core\Src\stm32f1xx_it.c               0x00000000   Number         0  stm32f1xx_it.o ABSOLUTE
    ..\Core\Src\system_stm32f1xx.c           0x00000000   Number         0  system_stm32f1xx.o ABSOLUTE
    ..\Core\Src\tim.c                        0x00000000   Number         0  tim.o ABSOLUTE
    ..\Core\Src\usart.c                      0x00000000   Number         0  usart.o ABSOLUTE
    ..\Drivers\STM32F1xx_HAL_Driver\Src\stm32f1xx_hal.c 0x00000000   Number         0  stm32f1xx_hal.o ABSOLUTE
    ..\Drivers\STM32F1xx_HAL_Driver\Src\stm32f1xx_hal_adc.c 0x00000000   Number         0  stm32f1xx_hal_adc.o ABSOLUTE
    ..\Drivers\STM32F1xx_HAL_Driver\Src\stm32f1xx_hal_adc_ex.c 0x00000000   Number         0  stm32f1xx_hal_adc_ex.o ABSOLUTE
    ..\Drivers\STM32F1xx_HAL_Driver\Src\stm32f1xx_hal_cortex.c 0x00000000   Number         0  stm32f1xx_hal_cortex.o ABSOLUTE
    ..\Drivers\STM32F1xx_HAL_Driver\Src\stm32f1xx_hal_dma.c 0x00000000   Number         0  stm32f1xx_hal_dma.o ABSOLUTE
    ..\Drivers\STM32F1xx_HAL_Driver\Src\stm32f1xx_hal_exti.c 0x00000000   Number         0  stm32f1xx_hal_exti.o ABSOLUTE
    ..\Drivers\STM32F1xx_HAL_Driver\Src\stm32f1xx_hal_flash.c 0x00000000   Number         0  stm32f1xx_hal_flash.o ABSOLUTE
    ..\Drivers\STM32F1xx_HAL_Driver\Src\stm32f1xx_hal_flash_ex.c 0x00000000   Number         0  stm32f1xx_hal_flash_ex.o ABSOLUTE
    ..\Drivers\STM32F1xx_HAL_Driver\Src\stm32f1xx_hal_gpio.c 0x00000000   Number         0  stm32f1xx_hal_gpio.o ABSOLUTE
    ..\Drivers\STM32F1xx_HAL_Driver\Src\stm32f1xx_hal_gpio_ex.c 0x00000000   Number         0  stm32f1xx_hal_gpio_ex.o ABSOLUTE
    ..\Drivers\STM32F1xx_HAL_Driver\Src\stm32f1xx_hal_pwr.c 0x00000000   Number         0  stm32f1xx_hal_pwr.o ABSOLUTE
    ..\Drivers\STM32F1xx_HAL_Driver\Src\stm32f1xx_hal_rcc.c 0x00000000   Number         0  stm32f1xx_hal_rcc.o ABSOLUTE
    ..\Drivers\STM32F1xx_HAL_Driver\Src\stm32f1xx_hal_rcc_ex.c 0x00000000   Number         0  stm32f1xx_hal_rcc_ex.o ABSOLUTE
    ..\Drivers\STM32F1xx_HAL_Driver\Src\stm32f1xx_hal_tim.c 0x00000000   Number         0  stm32f1xx_hal_tim.o ABSOLUTE
    ..\Drivers\STM32F1xx_HAL_Driver\Src\stm32f1xx_hal_tim_ex.c 0x00000000   Number         0  stm32f1xx_hal_tim_ex.o ABSOLUTE
    ..\Drivers\STM32F1xx_HAL_Driver\Src\stm32f1xx_hal_uart.c 0x00000000   Number         0  stm32f1xx_hal_uart.o ABSOLUTE
    ..\\App\\delay.c                         0x00000000   Number         0  delay.o ABSOLUTE
    ..\\App\\dht11.c                         0x00000000   Number         0  dht11.o ABSOLUTE
    ..\\App\\esp8266.c                       0x00000000   Number         0  esp8266.o ABSOLUTE
    ..\\App\\mqtt_publisher.c                0x00000000   Number         0  mqtt_publisher.o ABSOLUTE
    ..\\App\\oled.c                          0x00000000   Number         0  oled.o ABSOLUTE
    cdcmple.s                                0x00000000   Number         0  cdcmple.o ABSOLUTE
    cdrcmple.s                               0x00000000   Number         0  cdrcmple.o ABSOLUTE
    dc.s                                     0x00000000   Number         0  dc.o ABSOLUTE
    handlers.s                               0x00000000   Number         0  handlers.o ABSOLUTE
    init.s                                   0x00000000   Number         0  init.o ABSOLUTE
    startup_stm32f103xb.s                    0x00000000   Number         0  startup_stm32f103xb.o ABSOLUTE
    RESET                                    0x08000000   Section      236  startup_stm32f103xb.o(RESET)
    .ARM.Collect$$$$00000000                 0x080000ec   Section        0  entry.o(.ARM.Collect$$$$00000000)
    .ARM.Collect$$$$00000001                 0x080000ec   Section        4  entry2.o(.ARM.Collect$$$$00000001)
    .ARM.Collect$$$$00000004                 0x080000f0   Section        4  entry5.o(.ARM.Collect$$$$00000004)
    .ARM.Collect$$$$00000008                 0x080000f4   Section        0  entry7b.o(.ARM.Collect$$$$00000008)
    .ARM.Collect$$$$0000000A                 0x080000f4   Section        0  entry8b.o(.ARM.Collect$$$$0000000A)
    .ARM.Collect$$$$0000000B                 0x080000f4   Section        8  entry9a.o(.ARM.Collect$$$$0000000B)
    .ARM.Collect$$$$0000000D                 0x080000fc   Section        0  entry10a.o(.ARM.Collect$$$$0000000D)
    .ARM.Collect$$$$0000000F                 0x080000fc   Section        0  entry11a.o(.ARM.Collect$$$$0000000F)
    .ARM.Collect$$$$00002712                 0x080000fc   Section        4  entry2.o(.ARM.Collect$$$$00002712)
    __lit__00000000                          0x080000fc   Data           4  entry2.o(.ARM.Collect$$$$00002712)
    .text                                    0x08000100   Section       36  startup_stm32f103xb.o(.text)
    .text                                    0x08000124   Section        0  llushr.o(.text)
    .text                                    0x08000144   Section        0  memcpya.o(.text)
    .text                                    0x08000168   Section        0  memseta.o(.text)
    .text                                    0x0800018c   Section        0  strstr.o(.text)
    .text                                    0x080001b0   Section        0  strlen.o(.text)
    .text                                    0x080001be   Section        0  dadd.o(.text)
    .text                                    0x0800030c   Section        0  dfixi.o(.text)
    .text                                    0x0800034c   Section       48  cdrcmple.o(.text)
    .text                                    0x0800037c   Section        0  uidiv.o(.text)
    .text                                    0x080003a8   Section        0  uldiv.o(.text)
    .text                                    0x0800040a   Section        0  llshl.o(.text)
    .text                                    0x08000428   Section        0  llsshr.o(.text)
    .text                                    0x0800044c   Section        0  iusefp.o(.text)
    .text                                    0x0800044c   Section        0  depilogue.o(.text)
    .text                                    0x08000506   Section        0  dmul.o(.text)
    .text                                    0x080005ea   Section        0  ddiv.o(.text)
    .text                                    0x080006c8   Section        0  dfixul.o(.text)
    .text                                    0x080006f8   Section       36  init.o(.text)
    i.ADC1_Read                              0x0800071c   Section        0  adc.o(i.ADC1_Read)
    i.ADC2_Read                              0x0800073c   Section        0  adc.o(i.ADC2_Read)
    i.ADC_ConversionStop_Disable             0x0800075c   Section        0  stm32f1xx_hal_adc.o(i.ADC_ConversionStop_Disable)
    i.ADC_Enable                             0x080007b4   Section        0  stm32f1xx_hal_adc.o(i.ADC_Enable)
    i.BusFault_Handler                       0x08000830   Section        0  stm32f1xx_it.o(i.BusFault_Handler)
    i.DHT11_Check                            0x08000834   Section        0  dht11.o(i.DHT11_Check)
    DHT11_Check                              0x08000835   Thumb Code   102  dht11.o(i.DHT11_Check)
    i.DHT11_Read_Byte                        0x080008a0   Section        0  dht11.o(i.DHT11_Read_Byte)
    DHT11_Read_Byte                          0x080008a1   Thumb Code   102  dht11.o(i.DHT11_Read_Byte)
    i.DHT11_Read_Data                        0x0800090c   Section        0  dht11.o(i.DHT11_Read_Data)
    i.DHT11_Rst                              0x08000960   Section        0  dht11.o(i.DHT11_Rst)
    DHT11_Rst                                0x08000961   Thumb Code    58  dht11.o(i.DHT11_Rst)
    i.DMA1_Channel5_IRQHandler               0x080009a0   Section        0  stm32f1xx_it.o(i.DMA1_Channel5_IRQHandler)
    i.DMA_SetConfig                          0x080009ac   Section        0  stm32f1xx_hal_dma.o(i.DMA_SetConfig)
    DMA_SetConfig                            0x080009ad   Thumb Code    42  stm32f1xx_hal_dma.o(i.DMA_SetConfig)
    i.DebugMon_Handler                       0x080009d6   Section        0  stm32f1xx_it.o(i.DebugMon_Handler)
    i.Delay_Init                             0x080009d8   Section        0  delay.o(i.Delay_Init)
    i.ESP8266_Clear                          0x080009fc   Section        0  esp8266.o(i.ESP8266_Clear)
    i.ESP8266_ConnectCloud                   0x08000a18   Section        0  esp8266.o(i.ESP8266_ConnectCloud)
    i.ESP8266_ConnectWiFi                    0x08000acc   Section        0  esp8266.o(i.ESP8266_ConnectWiFi)
    i.ESP8266_MQTT_Publish                   0x08000b34   Section        0  esp8266.o(i.ESP8266_MQTT_Publish)
    i.ESP8266_MQTT_Subscribe                 0x08000bf4   Section        0  esp8266.o(i.ESP8266_MQTT_Subscribe)
    i.ESP8266_SendCmd                        0x08000c44   Section        0  esp8266.o(i.ESP8266_SendCmd)
    i.ESP8266_WaitForStr                     0x08000d00   Section        0  esp8266.o(i.ESP8266_WaitForStr)
    ESP8266_WaitForStr                       0x08000d01   Thumb Code    84  esp8266.o(i.ESP8266_WaitForStr)
    i.ESP8266_WaitRecive                     0x08000d5c   Section        0  esp8266.o(i.ESP8266_WaitRecive)
    i.EXTI15_10_IRQHandler                   0x08000d80   Section        0  stm32f1xx_it.o(i.EXTI15_10_IRQHandler)
    i.Error_Handler                          0x08000d9e   Section        0  main.o(i.Error_Handler)
    i.FLASH_MassErase                        0x08000da4   Section        0  stm32f1xx_hal_flash_ex.o(i.FLASH_MassErase)
    FLASH_MassErase                          0x08000da5   Thumb Code    26  stm32f1xx_hal_flash_ex.o(i.FLASH_MassErase)
    i.FLASH_PageErase                        0x08000dc8   Section        0  stm32f1xx_hal_flash_ex.o(i.FLASH_PageErase)
    i.FLASH_Program_HalfWord                 0x08000dec   Section        0  stm32f1xx_hal_flash.o(i.FLASH_Program_HalfWord)
    FLASH_Program_HalfWord                   0x08000ded   Thumb Code    20  stm32f1xx_hal_flash.o(i.FLASH_Program_HalfWord)
    i.FLASH_SetErrorCode                     0x08000e08   Section        0  stm32f1xx_hal_flash.o(i.FLASH_SetErrorCode)
    FLASH_SetErrorCode                       0x08000e09   Thumb Code    84  stm32f1xx_hal_flash.o(i.FLASH_SetErrorCode)
    i.FLASH_WaitForLastOperation             0x08000e64   Section        0  stm32f1xx_hal_flash.o(i.FLASH_WaitForLastOperation)
    i.Flash_Write_Threshold                  0x08000eb8   Section        0  main.o(i.Flash_Write_Threshold)
    i.HAL_ADC_ConfigChannel                  0x08000f24   Section        0  stm32f1xx_hal_adc.o(i.HAL_ADC_ConfigChannel)
    i.HAL_ADC_GetValue                       0x08001020   Section        0  stm32f1xx_hal_adc.o(i.HAL_ADC_GetValue)
    i.HAL_ADC_Init                           0x08001028   Section        0  stm32f1xx_hal_adc.o(i.HAL_ADC_Init)
    i.HAL_ADC_MspInit                        0x08001144   Section        0  adc.o(i.HAL_ADC_MspInit)
    i.HAL_ADC_PollForConversion              0x080011cc   Section        0  stm32f1xx_hal_adc.o(i.HAL_ADC_PollForConversion)
    i.HAL_ADC_Start                          0x08001308   Section        0  stm32f1xx_hal_adc.o(i.HAL_ADC_Start)
    i.HAL_DMA_Abort                          0x080013c8   Section        0  stm32f1xx_hal_dma.o(i.HAL_DMA_Abort)
    i.HAL_DMA_Abort_IT                       0x08001410   Section        0  stm32f1xx_hal_dma.o(i.HAL_DMA_Abort_IT)
    i.HAL_DMA_IRQHandler                     0x080014a8   Section        0  stm32f1xx_hal_dma.o(i.HAL_DMA_IRQHandler)
    i.HAL_DMA_Init                           0x080015fc   Section        0  stm32f1xx_hal_dma.o(i.HAL_DMA_Init)
    i.HAL_DMA_Start_IT                       0x08001658   Section        0  stm32f1xx_hal_dma.o(i.HAL_DMA_Start_IT)
    i.HAL_FLASHEx_Erase                      0x080016c8   Section        0  stm32f1xx_hal_flash_ex.o(i.HAL_FLASHEx_Erase)
    i.HAL_FLASH_Lock                         0x08001770   Section        0  stm32f1xx_hal_flash.o(i.HAL_FLASH_Lock)
    i.HAL_FLASH_Program                      0x08001784   Section        0  stm32f1xx_hal_flash.o(i.HAL_FLASH_Program)
    i.HAL_FLASH_Unlock                       0x08001804   Section        0  stm32f1xx_hal_flash.o(i.HAL_FLASH_Unlock)
    i.HAL_GPIO_EXTI_Callback                 0x0800182c   Section        0  main.o(i.HAL_GPIO_EXTI_Callback)
    i.HAL_GPIO_EXTI_IRQHandler               0x08001900   Section        0  stm32f1xx_hal_gpio.o(i.HAL_GPIO_EXTI_IRQHandler)
    i.HAL_GPIO_Init                          0x08001918   Section        0  stm32f1xx_hal_gpio.o(i.HAL_GPIO_Init)
    i.HAL_GPIO_ReadPin                       0x08001af8   Section        0  stm32f1xx_hal_gpio.o(i.HAL_GPIO_ReadPin)
    i.HAL_GPIO_WritePin                      0x08001b02   Section        0  stm32f1xx_hal_gpio.o(i.HAL_GPIO_WritePin)
    i.HAL_GetTick                            0x08001b0c   Section        0  stm32f1xx_hal.o(i.HAL_GetTick)
    i.HAL_IncTick                            0x08001b18   Section        0  stm32f1xx_hal.o(i.HAL_IncTick)
    i.HAL_Init                               0x08001b28   Section        0  stm32f1xx_hal.o(i.HAL_Init)
    i.HAL_InitTick                           0x08001b4c   Section        0  stm32f1xx_hal.o(i.HAL_InitTick)
    i.HAL_MspInit                            0x08001b8c   Section        0  stm32f1xx_hal_msp.o(i.HAL_MspInit)
    i.HAL_NVIC_EnableIRQ                     0x08001bc8   Section        0  stm32f1xx_hal_cortex.o(i.HAL_NVIC_EnableIRQ)
    i.HAL_NVIC_SetPriority                   0x08001be4   Section        0  stm32f1xx_hal_cortex.o(i.HAL_NVIC_SetPriority)
    i.HAL_NVIC_SetPriorityGrouping           0x08001c24   Section        0  stm32f1xx_hal_cortex.o(i.HAL_NVIC_SetPriorityGrouping)
    i.HAL_RCCEx_GetPeriphCLKFreq             0x08001c48   Section        0  stm32f1xx_hal_rcc_ex.o(i.HAL_RCCEx_GetPeriphCLKFreq)
    i.HAL_RCCEx_PeriphCLKConfig              0x08001cec   Section        0  stm32f1xx_hal_rcc_ex.o(i.HAL_RCCEx_PeriphCLKConfig)
    i.HAL_RCC_ClockConfig                    0x08001dd8   Section        0  stm32f1xx_hal_rcc.o(i.HAL_RCC_ClockConfig)
    i.HAL_RCC_GetPCLK1Freq                   0x08001f04   Section        0  stm32f1xx_hal_rcc.o(i.HAL_RCC_GetPCLK1Freq)
    i.HAL_RCC_GetPCLK2Freq                   0x08001f24   Section        0  stm32f1xx_hal_rcc.o(i.HAL_RCC_GetPCLK2Freq)
    i.HAL_RCC_GetSysClockFreq                0x08001f44   Section        0  stm32f1xx_hal_rcc.o(i.HAL_RCC_GetSysClockFreq)
    i.HAL_RCC_OscConfig                      0x08001f90   Section        0  stm32f1xx_hal_rcc.o(i.HAL_RCC_OscConfig)
    i.HAL_SYSTICK_Config                     0x080022b0   Section        0  stm32f1xx_hal_cortex.o(i.HAL_SYSTICK_Config)
    i.HAL_TIMEx_BreakCallback                0x080022d8   Section        0  stm32f1xx_hal_tim_ex.o(i.HAL_TIMEx_BreakCallback)
    i.HAL_TIMEx_CommutCallback               0x080022da   Section        0  stm32f1xx_hal_tim_ex.o(i.HAL_TIMEx_CommutCallback)
    i.HAL_TIMEx_MasterConfigSynchronization  0x080022dc   Section        0  stm32f1xx_hal_tim_ex.o(i.HAL_TIMEx_MasterConfigSynchronization)
    i.HAL_TIM_Base_Init                      0x08002344   Section        0  stm32f1xx_hal_tim.o(i.HAL_TIM_Base_Init)
    i.HAL_TIM_Base_MspInit                   0x080023a0   Section        0  tim.o(i.HAL_TIM_Base_MspInit)
    i.HAL_TIM_ConfigClockSource              0x080023d8   Section        0  stm32f1xx_hal_tim.o(i.HAL_TIM_ConfigClockSource)
    i.HAL_TIM_IC_CaptureCallback             0x080024b4   Section        0  stm32f1xx_hal_tim.o(i.HAL_TIM_IC_CaptureCallback)
    i.HAL_TIM_IRQHandler                     0x080024b6   Section        0  stm32f1xx_hal_tim.o(i.HAL_TIM_IRQHandler)
    i.HAL_TIM_MspPostInit                    0x080025e8   Section        0  tim.o(i.HAL_TIM_MspPostInit)
    i.HAL_TIM_OC_DelayElapsedCallback        0x08002644   Section        0  stm32f1xx_hal_tim.o(i.HAL_TIM_OC_DelayElapsedCallback)
    i.HAL_TIM_PWM_ConfigChannel              0x08002646   Section        0  stm32f1xx_hal_tim.o(i.HAL_TIM_PWM_ConfigChannel)
    i.HAL_TIM_PWM_Init                       0x08002712   Section        0  stm32f1xx_hal_tim.o(i.HAL_TIM_PWM_Init)
    i.HAL_TIM_PWM_MspInit                    0x0800276c   Section        0  stm32f1xx_hal_tim.o(i.HAL_TIM_PWM_MspInit)
    i.HAL_TIM_PWM_PulseFinishedCallback      0x0800276e   Section        0  stm32f1xx_hal_tim.o(i.HAL_TIM_PWM_PulseFinishedCallback)
    i.HAL_TIM_PeriodElapsedCallback          0x08002770   Section        0  stm32f1xx_hal_tim.o(i.HAL_TIM_PeriodElapsedCallback)
    i.HAL_TIM_TriggerCallback                0x08002772   Section        0  stm32f1xx_hal_tim.o(i.HAL_TIM_TriggerCallback)
    i.HAL_UARTEx_RxEventCallback             0x08002774   Section        0  stm32f1xx_hal_uart.o(i.HAL_UARTEx_RxEventCallback)
    i.HAL_UART_DMAStop                       0x08002776   Section        0  stm32f1xx_hal_uart.o(i.HAL_UART_DMAStop)
    i.HAL_UART_ErrorCallback                 0x080027e6   Section        0  stm32f1xx_hal_uart.o(i.HAL_UART_ErrorCallback)
    i.HAL_UART_IRQHandler                    0x080027e8   Section        0  stm32f1xx_hal_uart.o(i.HAL_UART_IRQHandler)
    i.HAL_UART_Init                          0x08002a54   Section        0  stm32f1xx_hal_uart.o(i.HAL_UART_Init)
    i.HAL_UART_MspInit                       0x08002ab8   Section        0  usart.o(i.HAL_UART_MspInit)
    i.HAL_UART_Receive_DMA                   0x08002bb8   Section        0  stm32f1xx_hal_uart.o(i.HAL_UART_Receive_DMA)
    i.HAL_UART_RxCpltCallback                0x08002bd4   Section        0  esp8266.o(i.HAL_UART_RxCpltCallback)
    i.HAL_UART_RxHalfCpltCallback            0x08002c00   Section        0  stm32f1xx_hal_uart.o(i.HAL_UART_RxHalfCpltCallback)
    i.HAL_UART_Transmit                      0x08002c02   Section        0  stm32f1xx_hal_uart.o(i.HAL_UART_Transmit)
    i.HAL_UART_TxCpltCallback                0x08002ca2   Section        0  stm32f1xx_hal_uart.o(i.HAL_UART_TxCpltCallback)
    i.HardFault_Handler                      0x08002ca4   Section        0  stm32f1xx_it.o(i.HardFault_Handler)
    i.I2C_Start                              0x08002ca8   Section        0  oled.o(i.I2C_Start)
    i.I2C_Stop                               0x08002cec   Section        0  oled.o(i.I2C_Stop)
    i.I2C_WaitAck                            0x08002d20   Section        0  oled.o(i.I2C_WaitAck)
    i.IIC_delay                              0x08002d58   Section        0  oled.o(i.IIC_delay)
    i.MQTT_Publish_Data                      0x08002d64   Section        0  mqtt_publisher.o(i.MQTT_Publish_Data)
    i.MX_ADC1_Init                           0x08002e6c   Section        0  adc.o(i.MX_ADC1_Init)
    i.MX_ADC2_Init                           0x08002ebc   Section        0  adc.o(i.MX_ADC2_Init)
    i.MX_DMA_Init                            0x08002f0c   Section        0  dma.o(i.MX_DMA_Init)
    i.MX_GPIO_Init                           0x08002f38   Section        0  gpio.o(i.MX_GPIO_Init)
    i.MX_TIM2_Init                           0x08003034   Section        0  tim.o(i.MX_TIM2_Init)
    i.MX_USART1_UART_Init                    0x080030cc   Section        0  usart.o(i.MX_USART1_UART_Init)
    i.MX_USART3_UART_Init                    0x0800310c   Section        0  usart.o(i.MX_USART3_UART_Init)
    i.MemManage_Handler                      0x08003144   Section        0  stm32f1xx_it.o(i.MemManage_Handler)
    i.NMI_Handler                            0x08003146   Section        0  stm32f1xx_it.o(i.NMI_Handler)
    i.OLED_Clear                             0x08003148   Section        0  oled.o(i.OLED_Clear)
    i.OLED_DrawPoint                         0x08003174   Section        0  oled.o(i.OLED_DrawPoint)
    i.OLED_Init                              0x080031a0   Section        0  oled.o(i.OLED_Init)
    i.OLED_Pow                               0x0800327a   Section        0  oled.o(i.OLED_Pow)
    i.OLED_Refresh                           0x0800328c   Section        0  oled.o(i.OLED_Refresh)
    i.OLED_ShowChar                          0x080032f4   Section        0  oled.o(i.OLED_ShowChar)
    i.OLED_ShowNum                           0x080033d8   Section        0  oled.o(i.OLED_ShowNum)
    i.OLED_ShowString                        0x08003446   Section        0  oled.o(i.OLED_ShowString)
    i.OLED_WR_Byte                           0x08003482   Section        0  oled.o(i.OLED_WR_Byte)
    i.PendSV_Handler                         0x080034b8   Section        0  stm32f1xx_it.o(i.PendSV_Handler)
    i.SVC_Handler                            0x080034ba   Section        0  stm32f1xx_it.o(i.SVC_Handler)
    i.Send_Byte                              0x080034bc   Section        0  oled.o(i.Send_Byte)
    i.SettingInterface                       0x08003510   Section        0  main.o(i.SettingInterface)
    i.SysTick_Handler                        0x08003648   Section        0  stm32f1xx_it.o(i.SysTick_Handler)
    i.SystemClock_Config                     0x0800364c   Section        0  main.o(i.SystemClock_Config)
    i.SystemInit                             0x080036c4   Section        0  system_stm32f1xx.o(i.SystemInit)
    i.TIM2_IRQHandler                        0x080036c8   Section        0  stm32f1xx_it.o(i.TIM2_IRQHandler)
    i.TIM_Base_SetConfig                     0x080036d4   Section        0  stm32f1xx_hal_tim.o(i.TIM_Base_SetConfig)
    i.TIM_ETR_SetConfig                      0x0800374c   Section        0  stm32f1xx_hal_tim.o(i.TIM_ETR_SetConfig)
    i.TIM_ITRx_SetConfig                     0x08003760   Section        0  stm32f1xx_hal_tim.o(i.TIM_ITRx_SetConfig)
    TIM_ITRx_SetConfig                       0x08003761   Thumb Code    16  stm32f1xx_hal_tim.o(i.TIM_ITRx_SetConfig)
    i.TIM_OC1_SetConfig                      0x08003770   Section        0  stm32f1xx_hal_tim.o(i.TIM_OC1_SetConfig)
    TIM_OC1_SetConfig                        0x08003771   Thumb Code    74  stm32f1xx_hal_tim.o(i.TIM_OC1_SetConfig)
    i.TIM_OC2_SetConfig                      0x080037c0   Section        0  stm32f1xx_hal_tim.o(i.TIM_OC2_SetConfig)
    i.TIM_OC3_SetConfig                      0x08003818   Section        0  stm32f1xx_hal_tim.o(i.TIM_OC3_SetConfig)
    TIM_OC3_SetConfig                        0x08003819   Thumb Code    82  stm32f1xx_hal_tim.o(i.TIM_OC3_SetConfig)
    i.TIM_OC4_SetConfig                      0x08003870   Section        0  stm32f1xx_hal_tim.o(i.TIM_OC4_SetConfig)
    TIM_OC4_SetConfig                        0x08003871   Thumb Code    64  stm32f1xx_hal_tim.o(i.TIM_OC4_SetConfig)
    i.TIM_TI1_ConfigInputStage               0x080038b4   Section        0  stm32f1xx_hal_tim.o(i.TIM_TI1_ConfigInputStage)
    TIM_TI1_ConfigInputStage                 0x080038b5   Thumb Code    34  stm32f1xx_hal_tim.o(i.TIM_TI1_ConfigInputStage)
    i.TIM_TI2_ConfigInputStage               0x080038d6   Section        0  stm32f1xx_hal_tim.o(i.TIM_TI2_ConfigInputStage)
    TIM_TI2_ConfigInputStage                 0x080038d7   Thumb Code    36  stm32f1xx_hal_tim.o(i.TIM_TI2_ConfigInputStage)
    i.UART_DMAAbortOnError                   0x080038fa   Section        0  stm32f1xx_hal_uart.o(i.UART_DMAAbortOnError)
    UART_DMAAbortOnError                     0x080038fb   Thumb Code    16  stm32f1xx_hal_uart.o(i.UART_DMAAbortOnError)
    i.UART_DMAError                          0x0800390a   Section        0  stm32f1xx_hal_uart.o(i.UART_DMAError)
    UART_DMAError                            0x0800390b   Thumb Code    74  stm32f1xx_hal_uart.o(i.UART_DMAError)
    i.UART_DMAReceiveCplt                    0x08003954   Section        0  stm32f1xx_hal_uart.o(i.UART_DMAReceiveCplt)
    UART_DMAReceiveCplt                      0x08003955   Thumb Code   134  stm32f1xx_hal_uart.o(i.UART_DMAReceiveCplt)
    i.UART_DMARxHalfCplt                     0x080039da   Section        0  stm32f1xx_hal_uart.o(i.UART_DMARxHalfCplt)
    UART_DMARxHalfCplt                       0x080039db   Thumb Code    30  stm32f1xx_hal_uart.o(i.UART_DMARxHalfCplt)
    i.UART_EndRxTransfer                     0x080039f8   Section        0  stm32f1xx_hal_uart.o(i.UART_EndRxTransfer)
    UART_EndRxTransfer                       0x080039f9   Thumb Code    78  stm32f1xx_hal_uart.o(i.UART_EndRxTransfer)
    i.UART_EndTxTransfer                     0x08003a46   Section        0  stm32f1xx_hal_uart.o(i.UART_EndTxTransfer)
    UART_EndTxTransfer                       0x08003a47   Thumb Code    28  stm32f1xx_hal_uart.o(i.UART_EndTxTransfer)
    i.UART_Receive_IT                        0x08003a62   Section        0  stm32f1xx_hal_uart.o(i.UART_Receive_IT)
    UART_Receive_IT                          0x08003a63   Thumb Code   194  stm32f1xx_hal_uart.o(i.UART_Receive_IT)
    i.UART_SetConfig                         0x08003b24   Section        0  stm32f1xx_hal_uart.o(i.UART_SetConfig)
    UART_SetConfig                           0x08003b25   Thumb Code   178  stm32f1xx_hal_uart.o(i.UART_SetConfig)
    i.UART_Start_Receive_DMA                 0x08003bdc   Section        0  stm32f1xx_hal_uart.o(i.UART_Start_Receive_DMA)
    i.UART_WaitOnFlagUntilTimeout            0x08003c6c   Section        0  stm32f1xx_hal_uart.o(i.UART_WaitOnFlagUntilTimeout)
    UART_WaitOnFlagUntilTimeout              0x08003c6d   Thumb Code   114  stm32f1xx_hal_uart.o(i.UART_WaitOnFlagUntilTimeout)
    i.USART1_IRQHandler                      0x08003ce0   Section        0  stm32f1xx_it.o(i.USART1_IRQHandler)
    i.UsageFault_Handler                     0x08003d34   Section        0  stm32f1xx_it.o(i.UsageFault_Handler)
    i.__0printf                              0x08003d38   Section        0  printfa.o(i.__0printf)
    i.__0snprintf                            0x08003d58   Section        0  printfa.o(i.__0snprintf)
    i.__NVIC_SetPriority                     0x08003d88   Section        0  stm32f1xx_hal_cortex.o(i.__NVIC_SetPriority)
    __NVIC_SetPriority                       0x08003d89   Thumb Code    32  stm32f1xx_hal_cortex.o(i.__NVIC_SetPriority)
    i.__scatterload_copy                     0x08003da8   Section       14  handlers.o(i.__scatterload_copy)
    i.__scatterload_null                     0x08003db6   Section        2  handlers.o(i.__scatterload_null)
    i.__scatterload_zeroinit                 0x08003db8   Section       14  handlers.o(i.__scatterload_zeroinit)
    i._fp_digits                             0x08003dc8   Section        0  printfa.o(i._fp_digits)
    _fp_digits                               0x08003dc9   Thumb Code   366  printfa.o(i._fp_digits)
    i._printf_core                           0x08003f4c   Section        0  printfa.o(i._printf_core)
    _printf_core                             0x08003f4d   Thumb Code  1744  printfa.o(i._printf_core)
    i._printf_post_padding                   0x08004628   Section        0  printfa.o(i._printf_post_padding)
    _printf_post_padding                     0x08004629   Thumb Code    36  printfa.o(i._printf_post_padding)
    i._printf_pre_padding                    0x0800464c   Section        0  printfa.o(i._printf_pre_padding)
    _printf_pre_padding                      0x0800464d   Thumb Code    46  printfa.o(i._printf_pre_padding)
    i._snputc                                0x0800467a   Section        0  printfa.o(i._snputc)
    _snputc                                  0x0800467b   Thumb Code    22  printfa.o(i._snputc)
    i.delay_ms                               0x08004690   Section        0  delay.o(i.delay_ms)
    i.delay_us                               0x080046ac   Section        0  delay.o(i.delay_us)
    i.fputc                                  0x080046e0   Section        0  usart.o(i.fputc)
    i.main                                   0x080046f8   Section        0  main.o(i.main)
    .constdata                               0x08004d5c   Section       18  stm32f1xx_hal_rcc.o(.constdata)
    aPredivFactorTable                       0x08004d5c   Data           2  stm32f1xx_hal_rcc.o(.constdata)
    aPLLMULFactorTable                       0x08004d5e   Data          16  stm32f1xx_hal_rcc.o(.constdata)
    .constdata                               0x08004d6e   Section       18  stm32f1xx_hal_rcc_ex.o(.constdata)
    aPredivFactorTable                       0x08004d6e   Data           2  stm32f1xx_hal_rcc_ex.o(.constdata)
    aPLLMULFactorTable                       0x08004d70   Data          16  stm32f1xx_hal_rcc_ex.o(.constdata)
    .constdata                               0x08004d80   Section       16  system_stm32f1xx.o(.constdata)
    .constdata                               0x08004d90   Section        8  system_stm32f1xx.o(.constdata)
    .constdata                               0x08004d98   Section     6632  oled.o(.constdata)
    .conststring                             0x08006780   Section      121  esp8266.o(.conststring)
    .data                                    0x20000000   Section       16  main.o(.data)
    beep_flag                                0x20000005   Data           1  main.o(.data)
    beep_start_time                          0x2000000c   Data           4  main.o(.data)
    .data                                    0x20000010   Section       12  stm32f1xx_hal.o(.data)
    .data                                    0x2000001c   Section        4  system_stm32f1xx.o(.data)
    .data                                    0x20000020   Section        8  delay.o(.data)
    fac_us                                   0x20000020   Data           4  delay.o(.data)
    fac_ms                                   0x20000024   Data           4  delay.o(.data)
    .data                                    0x20000028   Section        4  esp8266.o(.data)
    .data                                    0x2000002c   Section        8  mqtt_publisher.o(.data)
    last_pub                                 0x2000002c   Data           4  mqtt_publisher.o(.data)
    .data                                    0x20000034   Section        4  stdout.o(.data)
    .bss                                     0x20000038   Section       96  adc.o(.bss)
    .bss                                     0x20000098   Section       72  tim.o(.bss)
    .bss                                     0x200000e0   Section      212  usart.o(.bss)
    .bss                                     0x200001b8   Section       32  stm32f1xx_hal_flash.o(.bss)
    .bss                                     0x200001d8   Section      512  oled.o(.bss)
    .bss                                     0x200003d8   Section      128  esp8266.o(.bss)
    STACK                                    0x20000458   Section     1024  startup_stm32f103xb.o(STACK)

    Global Symbols

    Symbol Name                              Value     Ov Type        Size  Object(Section)

    BuildAttributes$$THM_ISAv4$P$D$K$B$S$PE$A:L22UL41UL21$X:L11$S22US41US21$IEEE1$IW$USESV6$~STKCKD$USESV7$~SHL$OTIME$ROPI$IEEEJ$EBA8$MICROLIB$REQ8$PRES8$EABIv2 0x00000000   Number         0  anon$$obj.o ABSOLUTE
    __ARM_use_no_argv                        0x00000000   Number         0  main.o ABSOLUTE
    _printf_a                                0x00000000   Number         0  stubs.o ABSOLUTE
    _printf_c                                0x00000000   Number         0  stubs.o ABSOLUTE
    _printf_charcount                        0x00000000   Number         0  stubs.o ABSOLUTE
    _printf_d                                0x00000000   Number         0  stubs.o ABSOLUTE
    _printf_e                                0x00000000   Number         0  stubs.o ABSOLUTE
    _printf_f                                0x00000000   Number         0  stubs.o ABSOLUTE
    _printf_flags                            0x00000000   Number         0  stubs.o ABSOLUTE
    _printf_fp_dec                           0x00000000   Number         0  stubs.o ABSOLUTE
    _printf_fp_hex                           0x00000000   Number         0  stubs.o ABSOLUTE
    _printf_g                                0x00000000   Number         0  stubs.o ABSOLUTE
    _printf_i                                0x00000000   Number         0  stubs.o ABSOLUTE
    _printf_int_dec                          0x00000000   Number         0  stubs.o ABSOLUTE
    _printf_l                                0x00000000   Number         0  stubs.o ABSOLUTE
    _printf_lc                               0x00000000   Number         0  stubs.o ABSOLUTE
    _printf_ll                               0x00000000   Number         0  stubs.o ABSOLUTE
    _printf_lld                              0x00000000   Number         0  stubs.o ABSOLUTE
    _printf_lli                              0x00000000   Number         0  stubs.o ABSOLUTE
    _printf_llo                              0x00000000   Number         0  stubs.o ABSOLUTE
    _printf_llu                              0x00000000   Number         0  stubs.o ABSOLUTE
    _printf_llx                              0x00000000   Number         0  stubs.o ABSOLUTE
    _printf_longlong_dec                     0x00000000   Number         0  stubs.o ABSOLUTE
    _printf_longlong_hex                     0x00000000   Number         0  stubs.o ABSOLUTE
    _printf_longlong_oct                     0x00000000   Number         0  stubs.o ABSOLUTE
    _printf_ls                               0x00000000   Number         0  stubs.o ABSOLUTE
    _printf_mbtowc                           0x00000000   Number         0  stubs.o ABSOLUTE
    _printf_n                                0x00000000   Number         0  stubs.o ABSOLUTE
    _printf_o                                0x00000000   Number         0  stubs.o ABSOLUTE
    _printf_p                                0x00000000   Number         0  stubs.o ABSOLUTE
    _printf_percent                          0x00000000   Number         0  stubs.o ABSOLUTE
    _printf_pre_padding                      0x00000000   Number         0  stubs.o ABSOLUTE
    _printf_return_value                     0x00000000   Number         0  stubs.o ABSOLUTE
    _printf_s                                0x00000000   Number         0  stubs.o ABSOLUTE
    _printf_sizespec                         0x00000000   Number         0  stubs.o ABSOLUTE
    _printf_str                              0x00000000   Number         0  stubs.o ABSOLUTE
    _printf_truncate_signed                  0x00000000   Number         0  stubs.o ABSOLUTE
    _printf_truncate_unsigned                0x00000000   Number         0  stubs.o ABSOLUTE
    _printf_u                                0x00000000   Number         0  stubs.o ABSOLUTE
    _printf_wc                               0x00000000   Number         0  stubs.o ABSOLUTE
    _printf_wctomb                           0x00000000   Number         0  stubs.o ABSOLUTE
    _printf_widthprec                        0x00000000   Number         0  stubs.o ABSOLUTE
    _printf_x                                0x00000000   Number         0  stubs.o ABSOLUTE
    __cpp_initialize__aeabi_                  - Undefined Weak Reference
    __cxa_finalize                            - Undefined Weak Reference
    __decompress                              - Undefined Weak Reference
    _clock_init                               - Undefined Weak Reference
    _microlib_exit                            - Undefined Weak Reference
    _scanf_int                                - Undefined Weak Reference
    _scanf_longlong                           - Undefined Weak Reference
    _scanf_string                             - Undefined Weak Reference
    __Vectors_Size                           0x000000ec   Number         0  startup_stm32f103xb.o ABSOLUTE
    __Vectors                                0x08000000   Data           4  startup_stm32f103xb.o(RESET)
    __Vectors_End                            0x080000ec   Data           0  startup_stm32f103xb.o(RESET)
    __main                                   0x080000ed   Thumb Code     0  entry.o(.ARM.Collect$$$$00000000)
    _main_stk                                0x080000ed   Thumb Code     0  entry2.o(.ARM.Collect$$$$00000001)
    _main_scatterload                        0x080000f1   Thumb Code     0  entry5.o(.ARM.Collect$$$$00000004)
    __main_after_scatterload                 0x080000f5   Thumb Code     0  entry5.o(.ARM.Collect$$$$00000004)
    _main_clock                              0x080000f5   Thumb Code     0  entry7b.o(.ARM.Collect$$$$00000008)
    _main_cpp_init                           0x080000f5   Thumb Code     0  entry8b.o(.ARM.Collect$$$$0000000A)
    _main_init                               0x080000f5   Thumb Code     0  entry9a.o(.ARM.Collect$$$$0000000B)
    __rt_final_cpp                           0x080000fd   Thumb Code     0  entry10a.o(.ARM.Collect$$$$0000000D)
    __rt_final_exit                          0x080000fd   Thumb Code     0  entry11a.o(.ARM.Collect$$$$0000000F)
    Reset_Handler                            0x08000101   Thumb Code     8  startup_stm32f103xb.o(.text)
    ADC1_2_IRQHandler                        0x0800011b   Thumb Code     0  startup_stm32f103xb.o(.text)
    CAN1_RX1_IRQHandler                      0x0800011b   Thumb Code     0  startup_stm32f103xb.o(.text)
    CAN1_SCE_IRQHandler                      0x0800011b   Thumb Code     0  startup_stm32f103xb.o(.text)
    DMA1_Channel1_IRQHandler                 0x0800011b   Thumb Code     0  startup_stm32f103xb.o(.text)
    DMA1_Channel2_IRQHandler                 0x0800011b   Thumb Code     0  startup_stm32f103xb.o(.text)
    DMA1_Channel3_IRQHandler                 0x0800011b   Thumb Code     0  startup_stm32f103xb.o(.text)
    DMA1_Channel4_IRQHandler                 0x0800011b   Thumb Code     0  startup_stm32f103xb.o(.text)
    DMA1_Channel6_IRQHandler                 0x0800011b   Thumb Code     0  startup_stm32f103xb.o(.text)
    DMA1_Channel7_IRQHandler                 0x0800011b   Thumb Code     0  startup_stm32f103xb.o(.text)
    EXTI0_IRQHandler                         0x0800011b   Thumb Code     0  startup_stm32f103xb.o(.text)
    EXTI1_IRQHandler                         0x0800011b   Thumb Code     0  startup_stm32f103xb.o(.text)
    EXTI2_IRQHandler                         0x0800011b   Thumb Code     0  startup_stm32f103xb.o(.text)
    EXTI3_IRQHandler                         0x0800011b   Thumb Code     0  startup_stm32f103xb.o(.text)
    EXTI4_IRQHandler                         0x0800011b   Thumb Code     0  startup_stm32f103xb.o(.text)
    EXTI9_5_IRQHandler                       0x0800011b   Thumb Code     0  startup_stm32f103xb.o(.text)
    FLASH_IRQHandler                         0x0800011b   Thumb Code     0  startup_stm32f103xb.o(.text)
    I2C1_ER_IRQHandler                       0x0800011b   Thumb Code     0  startup_stm32f103xb.o(.text)
    I2C1_EV_IRQHandler                       0x0800011b   Thumb Code     0  startup_stm32f103xb.o(.text)
    I2C2_ER_IRQHandler                       0x0800011b   Thumb Code     0  startup_stm32f103xb.o(.text)
    I2C2_EV_IRQHandler                       0x0800011b   Thumb Code     0  startup_stm32f103xb.o(.text)
    PVD_IRQHandler                           0x0800011b   Thumb Code     0  startup_stm32f103xb.o(.text)
    RCC_IRQHandler                           0x0800011b   Thumb Code     0  startup_stm32f103xb.o(.text)
    RTC_Alarm_IRQHandler                     0x0800011b   Thumb Code     0  startup_stm32f103xb.o(.text)
    RTC_IRQHandler                           0x0800011b   Thumb Code     0  startup_stm32f103xb.o(.text)
    SPI1_IRQHandler                          0x0800011b   Thumb Code     0  startup_stm32f103xb.o(.text)
    SPI2_IRQHandler                          0x0800011b   Thumb Code     0  startup_stm32f103xb.o(.text)
    TAMPER_IRQHandler                        0x0800011b   Thumb Code     0  startup_stm32f103xb.o(.text)
    TIM1_BRK_IRQHandler                      0x0800011b   Thumb Code     0  startup_stm32f103xb.o(.text)
    TIM1_CC_IRQHandler                       0x0800011b   Thumb Code     0  startup_stm32f103xb.o(.text)
    TIM1_TRG_COM_IRQHandler                  0x0800011b   Thumb Code     0  startup_stm32f103xb.o(.text)
    TIM1_UP_IRQHandler                       0x0800011b   Thumb Code     0  startup_stm32f103xb.o(.text)
    TIM3_IRQHandler                          0x0800011b   Thumb Code     0  startup_stm32f103xb.o(.text)
    TIM4_IRQHandler                          0x0800011b   Thumb Code     0  startup_stm32f103xb.o(.text)
    USART2_IRQHandler                        0x0800011b   Thumb Code     0  startup_stm32f103xb.o(.text)
    USART3_IRQHandler                        0x0800011b   Thumb Code     0  startup_stm32f103xb.o(.text)
    USBWakeUp_IRQHandler                     0x0800011b   Thumb Code     0  startup_stm32f103xb.o(.text)
    USB_HP_CAN1_TX_IRQHandler                0x0800011b   Thumb Code     0  startup_stm32f103xb.o(.text)
    USB_LP_CAN1_RX0_IRQHandler               0x0800011b   Thumb Code     0  startup_stm32f103xb.o(.text)
    WWDG_IRQHandler                          0x0800011b   Thumb Code     0  startup_stm32f103xb.o(.text)
    __aeabi_llsr                             0x08000125   Thumb Code    32  llushr.o(.text)
    _ll_ushift_r                             0x08000125   Thumb Code     0  llushr.o(.text)
    __aeabi_memcpy                           0x08000145   Thumb Code    36  memcpya.o(.text)
    __aeabi_memcpy4                          0x08000145   Thumb Code     0  memcpya.o(.text)
    __aeabi_memcpy8                          0x08000145   Thumb Code     0  memcpya.o(.text)
    __aeabi_memset                           0x08000169   Thumb Code    14  memseta.o(.text)
    __aeabi_memset4                          0x08000169   Thumb Code     0  memseta.o(.text)
    __aeabi_memset8                          0x08000169   Thumb Code     0  memseta.o(.text)
    __aeabi_memclr                           0x08000177   Thumb Code     4  memseta.o(.text)
    __aeabi_memclr4                          0x08000177   Thumb Code     0  memseta.o(.text)
    __aeabi_memclr8                          0x08000177   Thumb Code     0  memseta.o(.text)
    _memset$wrapper                          0x0800017b   Thumb Code    18  memseta.o(.text)
    strstr                                   0x0800018d   Thumb Code    36  strstr.o(.text)
    strlen                                   0x080001b1   Thumb Code    14  strlen.o(.text)
    __aeabi_dadd                             0x080001bf   Thumb Code   322  dadd.o(.text)
    __aeabi_dsub                             0x08000301   Thumb Code     6  dadd.o(.text)
    __aeabi_drsub                            0x08000307   Thumb Code     6  dadd.o(.text)
    __aeabi_d2iz                             0x0800030d   Thumb Code    62  dfixi.o(.text)
    __aeabi_cdrcmple                         0x0800034d   Thumb Code    48  cdrcmple.o(.text)
    __aeabi_uidiv                            0x0800037d   Thumb Code     0  uidiv.o(.text)
    __aeabi_uidivmod                         0x0800037d   Thumb Code    44  uidiv.o(.text)
    __aeabi_uldivmod                         0x080003a9   Thumb Code    98  uldiv.o(.text)
    __aeabi_llsl                             0x0800040b   Thumb Code    30  llshl.o(.text)
    _ll_shift_l                              0x0800040b   Thumb Code     0  llshl.o(.text)
    __aeabi_lasr                             0x08000429   Thumb Code    36  llsshr.o(.text)
    _ll_sshift_r                             0x08000429   Thumb Code     0  llsshr.o(.text)
    __I$use$fp                               0x0800044d   Thumb Code     0  iusefp.o(.text)
    _double_round                            0x0800044d   Thumb Code    30  depilogue.o(.text)
    _double_epilogue                         0x0800046b   Thumb Code   156  depilogue.o(.text)
    __aeabi_dmul                             0x08000507   Thumb Code   228  dmul.o(.text)
    __aeabi_ddiv                             0x080005eb   Thumb Code   222  ddiv.o(.text)
    __aeabi_d2ulz                            0x080006c9   Thumb Code    48  dfixul.o(.text)
    __scatterload                            0x080006f9   Thumb Code    28  init.o(.text)
    __scatterload_rt2                        0x080006f9   Thumb Code     0  init.o(.text)
    ADC1_Read                                0x0800071d   Thumb Code    26  adc.o(i.ADC1_Read)
    ADC2_Read                                0x0800073d   Thumb Code    26  adc.o(i.ADC2_Read)
    ADC_ConversionStop_Disable               0x0800075d   Thumb Code    86  stm32f1xx_hal_adc.o(i.ADC_ConversionStop_Disable)
    ADC_Enable                               0x080007b5   Thumb Code   114  stm32f1xx_hal_adc.o(i.ADC_Enable)
    BusFault_Handler                         0x08000831   Thumb Code     2  stm32f1xx_it.o(i.BusFault_Handler)
    DHT11_Read_Data                          0x0800090d   Thumb Code    82  dht11.o(i.DHT11_Read_Data)
    DMA1_Channel5_IRQHandler                 0x080009a1   Thumb Code     6  stm32f1xx_it.o(i.DMA1_Channel5_IRQHandler)
    DebugMon_Handler                         0x080009d7   Thumb Code     2  stm32f1xx_it.o(i.DebugMon_Handler)
    Delay_Init                               0x080009d9   Thumb Code    24  delay.o(i.Delay_Init)
    ESP8266_Clear                            0x080009fd   Thumb Code    18  esp8266.o(i.ESP8266_Clear)
    ESP8266_ConnectCloud                     0x08000a19   Thumb Code    62  esp8266.o(i.ESP8266_ConnectCloud)
    ESP8266_ConnectWiFi                      0x08000acd   Thumb Code    38  esp8266.o(i.ESP8266_ConnectWiFi)
    ESP8266_MQTT_Publish                     0x08000b35   Thumb Code   134  esp8266.o(i.ESP8266_MQTT_Publish)
    ESP8266_MQTT_Subscribe                   0x08000bf5   Thumb Code    52  esp8266.o(i.ESP8266_MQTT_Subscribe)
    ESP8266_SendCmd                          0x08000c45   Thumb Code   168  esp8266.o(i.ESP8266_SendCmd)
    ESP8266_WaitRecive                       0x08000d5d   Thumb Code    32  esp8266.o(i.ESP8266_WaitRecive)
    EXTI15_10_IRQHandler                     0x08000d81   Thumb Code    30  stm32f1xx_it.o(i.EXTI15_10_IRQHandler)
    Error_Handler                            0x08000d9f   Thumb Code     4  main.o(i.Error_Handler)
    FLASH_PageErase                          0x08000dc9   Thumb Code    28  stm32f1xx_hal_flash_ex.o(i.FLASH_PageErase)
    FLASH_WaitForLastOperation               0x08000e65   Thumb Code    80  stm32f1xx_hal_flash.o(i.FLASH_WaitForLastOperation)
    Flash_Write_Threshold                    0x08000eb9   Thumb Code    96  main.o(i.Flash_Write_Threshold)
    HAL_ADC_ConfigChannel                    0x08000f25   Thumb Code   240  stm32f1xx_hal_adc.o(i.HAL_ADC_ConfigChannel)
    HAL_ADC_GetValue                         0x08001021   Thumb Code     6  stm32f1xx_hal_adc.o(i.HAL_ADC_GetValue)
    HAL_ADC_Init                             0x08001029   Thumb Code   272  stm32f1xx_hal_adc.o(i.HAL_ADC_Init)
    HAL_ADC_MspInit                          0x08001145   Thumb Code   118  adc.o(i.HAL_ADC_MspInit)
    HAL_ADC_PollForConversion                0x080011cd   Thumb Code   304  stm32f1xx_hal_adc.o(i.HAL_ADC_PollForConversion)
    HAL_ADC_Start                            0x08001309   Thumb Code   184  stm32f1xx_hal_adc.o(i.HAL_ADC_Start)
    HAL_DMA_Abort                            0x080013c9   Thumb Code    70  stm32f1xx_hal_dma.o(i.HAL_DMA_Abort)
    HAL_DMA_Abort_IT                         0x08001411   Thumb Code   148  stm32f1xx_hal_dma.o(i.HAL_DMA_Abort_IT)
    HAL_DMA_IRQHandler                       0x080014a9   Thumb Code   316  stm32f1xx_hal_dma.o(i.HAL_DMA_IRQHandler)
    HAL_DMA_Init                             0x080015fd   Thumb Code    84  stm32f1xx_hal_dma.o(i.HAL_DMA_Init)
    HAL_DMA_Start_IT                         0x08001659   Thumb Code   112  stm32f1xx_hal_dma.o(i.HAL_DMA_Start_IT)
    HAL_FLASHEx_Erase                        0x080016c9   Thumb Code   160  stm32f1xx_hal_flash_ex.o(i.HAL_FLASHEx_Erase)
    HAL_FLASH_Lock                           0x08001771   Thumb Code    14  stm32f1xx_hal_flash.o(i.HAL_FLASH_Lock)
    HAL_FLASH_Program                        0x08001785   Thumb Code   120  stm32f1xx_hal_flash.o(i.HAL_FLASH_Program)
    HAL_FLASH_Unlock                         0x08001805   Thumb Code    28  stm32f1xx_hal_flash.o(i.HAL_FLASH_Unlock)
    HAL_GPIO_EXTI_Callback                   0x0800182d   Thumb Code   206  main.o(i.HAL_GPIO_EXTI_Callback)
    HAL_GPIO_EXTI_IRQHandler                 0x08001901   Thumb Code    18  stm32f1xx_hal_gpio.o(i.HAL_GPIO_EXTI_IRQHandler)
    HAL_GPIO_Init                            0x08001919   Thumb Code   446  stm32f1xx_hal_gpio.o(i.HAL_GPIO_Init)
    HAL_GPIO_ReadPin                         0x08001af9   Thumb Code    10  stm32f1xx_hal_gpio.o(i.HAL_GPIO_ReadPin)
    HAL_GPIO_WritePin                        0x08001b03   Thumb Code    10  stm32f1xx_hal_gpio.o(i.HAL_GPIO_WritePin)
    HAL_GetTick                              0x08001b0d   Thumb Code     6  stm32f1xx_hal.o(i.HAL_GetTick)
    HAL_IncTick                              0x08001b19   Thumb Code    12  stm32f1xx_hal.o(i.HAL_IncTick)
    HAL_Init                                 0x08001b29   Thumb Code    32  stm32f1xx_hal.o(i.HAL_Init)
    HAL_InitTick                             0x08001b4d   Thumb Code    54  stm32f1xx_hal.o(i.HAL_InitTick)
    HAL_MspInit                              0x08001b8d   Thumb Code    52  stm32f1xx_hal_msp.o(i.HAL_MspInit)
    HAL_NVIC_EnableIRQ                       0x08001bc9   Thumb Code    26  stm32f1xx_hal_cortex.o(i.HAL_NVIC_EnableIRQ)
    HAL_NVIC_SetPriority                     0x08001be5   Thumb Code    60  stm32f1xx_hal_cortex.o(i.HAL_NVIC_SetPriority)
    HAL_NVIC_SetPriorityGrouping             0x08001c25   Thumb Code    26  stm32f1xx_hal_cortex.o(i.HAL_NVIC_SetPriorityGrouping)
    HAL_RCCEx_GetPeriphCLKFreq               0x08001c49   Thumb Code   148  stm32f1xx_hal_rcc_ex.o(i.HAL_RCCEx_GetPeriphCLKFreq)
    HAL_RCCEx_PeriphCLKConfig                0x08001ced   Thumb Code   224  stm32f1xx_hal_rcc_ex.o(i.HAL_RCCEx_PeriphCLKConfig)
    HAL_RCC_ClockConfig                      0x08001dd9   Thumb Code   280  stm32f1xx_hal_rcc.o(i.HAL_RCC_ClockConfig)
    HAL_RCC_GetPCLK1Freq                     0x08001f05   Thumb Code    20  stm32f1xx_hal_rcc.o(i.HAL_RCC_GetPCLK1Freq)
    HAL_RCC_GetPCLK2Freq                     0x08001f25   Thumb Code    20  stm32f1xx_hal_rcc.o(i.HAL_RCC_GetPCLK2Freq)
    HAL_RCC_GetSysClockFreq                  0x08001f45   Thumb Code    58  stm32f1xx_hal_rcc.o(i.HAL_RCC_GetSysClockFreq)
    HAL_RCC_OscConfig                        0x08001f91   Thumb Code   778  stm32f1xx_hal_rcc.o(i.HAL_RCC_OscConfig)
    HAL_SYSTICK_Config                       0x080022b1   Thumb Code    40  stm32f1xx_hal_cortex.o(i.HAL_SYSTICK_Config)
    HAL_TIMEx_BreakCallback                  0x080022d9   Thumb Code     2  stm32f1xx_hal_tim_ex.o(i.HAL_TIMEx_BreakCallback)
    HAL_TIMEx_CommutCallback                 0x080022db   Thumb Code     2  stm32f1xx_hal_tim_ex.o(i.HAL_TIMEx_CommutCallback)
    HAL_TIMEx_MasterConfigSynchronization    0x080022dd   Thumb Code    92  stm32f1xx_hal_tim_ex.o(i.HAL_TIMEx_MasterConfigSynchronization)
    HAL_TIM_Base_Init                        0x08002345   Thumb Code    90  stm32f1xx_hal_tim.o(i.HAL_TIM_Base_Init)
    HAL_TIM_Base_MspInit                     0x080023a1   Thumb Code    50  tim.o(i.HAL_TIM_Base_MspInit)
    HAL_TIM_ConfigClockSource                0x080023d9   Thumb Code   220  stm32f1xx_hal_tim.o(i.HAL_TIM_ConfigClockSource)
    HAL_TIM_IC_CaptureCallback               0x080024b5   Thumb Code     2  stm32f1xx_hal_tim.o(i.HAL_TIM_IC_CaptureCallback)
    HAL_TIM_IRQHandler                       0x080024b7   Thumb Code   304  stm32f1xx_hal_tim.o(i.HAL_TIM_IRQHandler)
    HAL_TIM_MspPostInit                      0x080025e9   Thumb Code    80  tim.o(i.HAL_TIM_MspPostInit)
    HAL_TIM_OC_DelayElapsedCallback          0x08002645   Thumb Code     2  stm32f1xx_hal_tim.o(i.HAL_TIM_OC_DelayElapsedCallback)
    HAL_TIM_PWM_ConfigChannel                0x08002647   Thumb Code   204  stm32f1xx_hal_tim.o(i.HAL_TIM_PWM_ConfigChannel)
    HAL_TIM_PWM_Init                         0x08002713   Thumb Code    90  stm32f1xx_hal_tim.o(i.HAL_TIM_PWM_Init)
    HAL_TIM_PWM_MspInit                      0x0800276d   Thumb Code     2  stm32f1xx_hal_tim.o(i.HAL_TIM_PWM_MspInit)
    HAL_TIM_PWM_PulseFinishedCallback        0x0800276f   Thumb Code     2  stm32f1xx_hal_tim.o(i.HAL_TIM_PWM_PulseFinishedCallback)
    HAL_TIM_PeriodElapsedCallback            0x08002771   Thumb Code     2  stm32f1xx_hal_tim.o(i.HAL_TIM_PeriodElapsedCallback)
    HAL_TIM_TriggerCallback                  0x08002773   Thumb Code     2  stm32f1xx_hal_tim.o(i.HAL_TIM_TriggerCallback)
    HAL_UARTEx_RxEventCallback               0x08002775   Thumb Code     2  stm32f1xx_hal_uart.o(i.HAL_UARTEx_RxEventCallback)
    HAL_UART_DMAStop                         0x08002777   Thumb Code   112  stm32f1xx_hal_uart.o(i.HAL_UART_DMAStop)
    HAL_UART_ErrorCallback                   0x080027e7   Thumb Code     2  stm32f1xx_hal_uart.o(i.HAL_UART_ErrorCallback)
    HAL_UART_IRQHandler                      0x080027e9   Thumb Code   616  stm32f1xx_hal_uart.o(i.HAL_UART_IRQHandler)
    HAL_UART_Init                            0x08002a55   Thumb Code   100  stm32f1xx_hal_uart.o(i.HAL_UART_Init)
    HAL_UART_MspInit                         0x08002ab9   Thumb Code   226  usart.o(i.HAL_UART_MspInit)
    HAL_UART_Receive_DMA                     0x08002bb9   Thumb Code    28  stm32f1xx_hal_uart.o(i.HAL_UART_Receive_DMA)
    HAL_UART_RxCpltCallback                  0x08002bd5   Thumb Code    32  esp8266.o(i.HAL_UART_RxCpltCallback)
    HAL_UART_RxHalfCpltCallback              0x08002c01   Thumb Code     2  stm32f1xx_hal_uart.o(i.HAL_UART_RxHalfCpltCallback)
    HAL_UART_Transmit                        0x08002c03   Thumb Code   160  stm32f1xx_hal_uart.o(i.HAL_UART_Transmit)
    HAL_UART_TxCpltCallback                  0x08002ca3   Thumb Code     2  stm32f1xx_hal_uart.o(i.HAL_UART_TxCpltCallback)
    HardFault_Handler                        0x08002ca5   Thumb Code     2  stm32f1xx_it.o(i.HardFault_Handler)
    I2C_Start                                0x08002ca9   Thumb Code    64  oled.o(i.I2C_Start)
    I2C_Stop                                 0x08002ced   Thumb Code    46  oled.o(i.I2C_Stop)
    I2C_WaitAck                              0x08002d21   Thumb Code    52  oled.o(i.I2C_WaitAck)
    IIC_delay                                0x08002d59   Thumb Code    10  oled.o(i.IIC_delay)
    MQTT_Publish_Data                        0x08002d65   Thumb Code    92  mqtt_publisher.o(i.MQTT_Publish_Data)
    MX_ADC1_Init                             0x08002e6d   Thumb Code    70  adc.o(i.MX_ADC1_Init)
    MX_ADC2_Init                             0x08002ebd   Thumb Code    70  adc.o(i.MX_ADC2_Init)
    MX_DMA_Init                              0x08002f0d   Thumb Code    40  dma.o(i.MX_DMA_Init)
    MX_GPIO_Init                             0x08002f39   Thumb Code   230  gpio.o(i.MX_GPIO_Init)
    MX_TIM2_Init                             0x08003035   Thumb Code   146  tim.o(i.MX_TIM2_Init)
    MX_USART1_UART_Init                      0x080030cd   Thumb Code    54  usart.o(i.MX_USART1_UART_Init)
    MX_USART3_UART_Init                      0x0800310d   Thumb Code    48  usart.o(i.MX_USART3_UART_Init)
    MemManage_Handler                        0x08003145   Thumb Code     2  stm32f1xx_it.o(i.MemManage_Handler)
    NMI_Handler                              0x08003147   Thumb Code     2  stm32f1xx_it.o(i.NMI_Handler)
    OLED_Clear                               0x08003149   Thumb Code    40  oled.o(i.OLED_Clear)
    OLED_DrawPoint                           0x08003175   Thumb Code    40  oled.o(i.OLED_DrawPoint)
    OLED_Init                                0x080031a1   Thumb Code   218  oled.o(i.OLED_Init)
    OLED_Pow                                 0x0800327b   Thumb Code    16  oled.o(i.OLED_Pow)
    OLED_Refresh                             0x0800328d   Thumb Code   100  oled.o(i.OLED_Refresh)
    OLED_ShowChar                            0x080032f5   Thumb Code   212  oled.o(i.OLED_ShowChar)
    OLED_ShowNum                             0x080033d9   Thumb Code   110  oled.o(i.OLED_ShowNum)
    OLED_ShowString                          0x08003447   Thumb Code    60  oled.o(i.OLED_ShowString)
    OLED_WR_Byte                             0x08003483   Thumb Code    54  oled.o(i.OLED_WR_Byte)
    PendSV_Handler                           0x080034b9   Thumb Code     2  stm32f1xx_it.o(i.PendSV_Handler)
    SVC_Handler                              0x080034bb   Thumb Code     2  stm32f1xx_it.o(i.SVC_Handler)
    Send_Byte                                0x080034bd   Thumb Code    78  oled.o(i.Send_Byte)
    SettingInterface                         0x08003511   Thumb Code   266  main.o(i.SettingInterface)
    SysTick_Handler                          0x08003649   Thumb Code     4  stm32f1xx_it.o(i.SysTick_Handler)
    SystemClock_Config                       0x0800364d   Thumb Code   120  main.o(i.SystemClock_Config)
    SystemInit                               0x080036c5   Thumb Code     2  system_stm32f1xx.o(i.SystemInit)
    TIM2_IRQHandler                          0x080036c9   Thumb Code     6  stm32f1xx_it.o(i.TIM2_IRQHandler)
    TIM_Base_SetConfig                       0x080036d5   Thumb Code   108  stm32f1xx_hal_tim.o(i.TIM_Base_SetConfig)
    TIM_ETR_SetConfig                        0x0800374d   Thumb Code    20  stm32f1xx_hal_tim.o(i.TIM_ETR_SetConfig)
    TIM_OC2_SetConfig                        0x080037c1   Thumb Code    84  stm32f1xx_hal_tim.o(i.TIM_OC2_SetConfig)
    UART_Start_Receive_DMA                   0x08003bdd   Thumb Code   130  stm32f1xx_hal_uart.o(i.UART_Start_Receive_DMA)
    USART1_IRQHandler                        0x08003ce1   Thumb Code    70  stm32f1xx_it.o(i.USART1_IRQHandler)
    UsageFault_Handler                       0x08003d35   Thumb Code     2  stm32f1xx_it.o(i.UsageFault_Handler)
    __0printf                                0x08003d39   Thumb Code    22  printfa.o(i.__0printf)
    __1printf                                0x08003d39   Thumb Code     0  printfa.o(i.__0printf)
    __2printf                                0x08003d39   Thumb Code     0  printfa.o(i.__0printf)
    __c89printf                              0x08003d39   Thumb Code     0  printfa.o(i.__0printf)
    printf                                   0x08003d39   Thumb Code     0  printfa.o(i.__0printf)
    __0snprintf                              0x08003d59   Thumb Code    44  printfa.o(i.__0snprintf)
    __1snprintf                              0x08003d59   Thumb Code     0  printfa.o(i.__0snprintf)
    __2snprintf                              0x08003d59   Thumb Code     0  printfa.o(i.__0snprintf)
    __c89snprintf                            0x08003d59   Thumb Code     0  printfa.o(i.__0snprintf)
    snprintf                                 0x08003d59   Thumb Code     0  printfa.o(i.__0snprintf)
    __scatterload_copy                       0x08003da9   Thumb Code    14  handlers.o(i.__scatterload_copy)
    __scatterload_null                       0x08003db7   Thumb Code     2  handlers.o(i.__scatterload_null)
    __scatterload_zeroinit                   0x08003db9   Thumb Code    14  handlers.o(i.__scatterload_zeroinit)
    delay_ms                                 0x08004691   Thumb Code    26  delay.o(i.delay_ms)
    delay_us                                 0x080046ad   Thumb Code    46  delay.o(i.delay_us)
    fputc                                    0x080046e1   Thumb Code    20  usart.o(i.fputc)
    main                                     0x080046f9   Thumb Code   860  main.o(i.main)
    AHBPrescTable                            0x08004d80   Data          16  system_stm32f1xx.o(.constdata)
    APBPrescTable                            0x08004d90   Data           8  system_stm32f1xx.o(.constdata)
    asc2_0806                                0x08004d98   Data         552  oled.o(.constdata)
    asc2_1206                                0x08004fc0   Data        1140  oled.o(.constdata)
    asc2_1608                                0x08005434   Data        1520  oled.o(.constdata)
    asc2_2412                                0x08005a24   Data        3420  oled.o(.constdata)
    Region$$Table$$Base                      0x080067fc   Number         0  anon$$obj.o(Region$$Table)
    Region$$Table$$Limit                     0x0800681c   Number         0  anon$$obj.o(Region$$Table)
    temp_threshold                           0x20000000   Data           1  main.o(.data)
    hum_threshold                            0x20000001   Data           1  main.o(.data)
    setting_mode                             0x20000002   Data           1  main.o(.data)
    setting_index                            0x20000003   Data           1  main.o(.data)
    servo_flag                               0x20000004   Data           1  main.o(.data)
    light_threshold                          0x20000006   Data           2  main.o(.data)
    mq2_threshold                            0x20000008   Data           2  main.o(.data)
    uwTickFreq                               0x20000010   Data           1  stm32f1xx_hal.o(.data)
    uwTickPrio                               0x20000014   Data           4  stm32f1xx_hal.o(.data)
    uwTick                                   0x20000018   Data           4  stm32f1xx_hal.o(.data)
    SystemCoreClock                          0x2000001c   Data           4  system_stm32f1xx.o(.data)
    esp8266_cnt                              0x20000028   Data           2  esp8266.o(.data)
    esp8266_cntPre                           0x2000002a   Data           2  esp8266.o(.data)
    msg_id                                   0x20000030   Data           4  mqtt_publisher.o(.data)
    __stdout                                 0x20000034   Data           4  stdout.o(.data)
    hadc1                                    0x20000038   Data          48  adc.o(.bss)
    hadc2                                    0x20000068   Data          48  adc.o(.bss)
    htim2                                    0x20000098   Data          72  tim.o(.bss)
    huart1                                   0x200000e0   Data          72  usart.o(.bss)
    huart3                                   0x20000128   Data          72  usart.o(.bss)
    hdma_usart1_rx                           0x20000170   Data          68  usart.o(.bss)
    pFlash                                   0x200001b8   Data          32  stm32f1xx_hal_flash.o(.bss)
    OLED_GRAM                                0x200001d8   Data         512  oled.o(.bss)
    esp8266_buf                              0x200003d8   Data         128  esp8266.o(.bss)
    __initial_sp                             0x20000858   Data           0  startup_stm32f103xb.o(STACK)



==============================================================================

Memory Map of the image

  Image Entry point : 0x080000ed

  Load Region LR_IROM1 (Base: 0x08000000, Size: 0x00006854, Max: 0x00010000, ABSOLUTE)

    Execution Region ER_IROM1 (Exec base: 0x08000000, Load base: 0x08000000, Size: 0x0000681c, Max: 0x00010000, ABSOLUTE)

    Exec Addr    Load Addr    Size         Type   Attr      Idx    E Section Name        Object

    0x08000000   0x08000000   0x000000ec   Data   RO            3    RESET               startup_stm32f103xb.o
    0x080000ec   0x080000ec   0x00000000   Code   RO         4245  * .ARM.Collect$$$$00000000  mc_w.l(entry.o)
    0x080000ec   0x080000ec   0x00000004   Code   RO         4581    .ARM.Collect$$$$00000001  mc_w.l(entry2.o)
    0x080000f0   0x080000f0   0x00000004   Code   RO         4584    .ARM.Collect$$$$00000004  mc_w.l(entry5.o)
    0x080000f4   0x080000f4   0x00000000   Code   RO         4586    .ARM.Collect$$$$00000008  mc_w.l(entry7b.o)
    0x080000f4   0x080000f4   0x00000000   Code   RO         4588    .ARM.Collect$$$$0000000A  mc_w.l(entry8b.o)
    0x080000f4   0x080000f4   0x00000008   Code   RO         4589    .ARM.Collect$$$$0000000B  mc_w.l(entry9a.o)
    0x080000fc   0x080000fc   0x00000000   Code   RO         4591    .ARM.Collect$$$$0000000D  mc_w.l(entry10a.o)
    0x080000fc   0x080000fc   0x00000000   Code   RO         4593    .ARM.Collect$$$$0000000F  mc_w.l(entry11a.o)
    0x080000fc   0x080000fc   0x00000004   Code   RO         4582    .ARM.Collect$$$$00002712  mc_w.l(entry2.o)
    0x08000100   0x08000100   0x00000024   Code   RO            4    .text               startup_stm32f103xb.o
    0x08000124   0x08000124   0x00000020   Code   RO         4248    .text               mc_w.l(llushr.o)
    0x08000144   0x08000144   0x00000024   Code   RO         4252    .text               mc_w.l(memcpya.o)
    0x08000168   0x08000168   0x00000024   Code   RO         4254    .text               mc_w.l(memseta.o)
    0x0800018c   0x0800018c   0x00000024   Code   RO         4256    .text               mc_w.l(strstr.o)
    0x080001b0   0x080001b0   0x0000000e   Code   RO         4260    .text               mc_w.l(strlen.o)
    0x080001be   0x080001be   0x0000014e   Code   RO         4567    .text               mf_w.l(dadd.o)
    0x0800030c   0x0800030c   0x0000003e   Code   RO         4573    .text               mf_w.l(dfixi.o)
    0x0800034a   0x0800034a   0x00000002   PAD
    0x0800034c   0x0800034c   0x00000030   Code   RO         4579    .text               mf_w.l(cdrcmple.o)
    0x0800037c   0x0800037c   0x0000002c   Code   RO         4596    .text               mc_w.l(uidiv.o)
    0x080003a8   0x080003a8   0x00000062   Code   RO         4598    .text               mc_w.l(uldiv.o)
    0x0800040a   0x0800040a   0x0000001e   Code   RO         4600    .text               mc_w.l(llshl.o)
    0x08000428   0x08000428   0x00000024   Code   RO         4602    .text               mc_w.l(llsshr.o)
    0x0800044c   0x0800044c   0x00000000   Code   RO         4621    .text               mc_w.l(iusefp.o)
    0x0800044c   0x0800044c   0x000000ba   Code   RO         4622    .text               mf_w.l(depilogue.o)
    0x08000506   0x08000506   0x000000e4   Code   RO         4624    .text               mf_w.l(dmul.o)
    0x080005ea   0x080005ea   0x000000de   Code   RO         4626    .text               mf_w.l(ddiv.o)
    0x080006c8   0x080006c8   0x00000030   Code   RO         4630    .text               mf_w.l(dfixul.o)
    0x080006f8   0x080006f8   0x00000024   Code   RO         4634    .text               mc_w.l(init.o)
    0x0800071c   0x0800071c   0x00000020   Code   RO          245    i.ADC1_Read         adc.o
    0x0800073c   0x0800073c   0x00000020   Code   RO          246    i.ADC2_Read         adc.o
    0x0800075c   0x0800075c   0x00000056   Code   RO          605    i.ADC_ConversionStop_Disable  stm32f1xx_hal_adc.o
    0x080007b2   0x080007b2   0x00000002   PAD
    0x080007b4   0x080007b4   0x0000007c   Code   RO          609    i.ADC_Enable        stm32f1xx_hal_adc.o
    0x08000830   0x08000830   0x00000002   Code   RO          445    i.BusFault_Handler  stm32f1xx_it.o
    0x08000832   0x08000832   0x00000002   PAD
    0x08000834   0x08000834   0x0000006c   Code   RO         4196    i.DHT11_Check       dht11.o
    0x080008a0   0x080008a0   0x0000006c   Code   RO         4198    i.DHT11_Read_Byte   dht11.o
    0x0800090c   0x0800090c   0x00000052   Code   RO         4199    i.DHT11_Read_Data   dht11.o
    0x0800095e   0x0800095e   0x00000002   PAD
    0x08000960   0x08000960   0x00000040   Code   RO         4200    i.DHT11_Rst         dht11.o
    0x080009a0   0x080009a0   0x0000000c   Code   RO          446    i.DMA1_Channel5_IRQHandler  stm32f1xx_it.o
    0x080009ac   0x080009ac   0x0000002a   Code   RO         1261    i.DMA_SetConfig     stm32f1xx_hal_dma.o
    0x080009d6   0x080009d6   0x00000002   Code   RO          447    i.DebugMon_Handler  stm32f1xx_it.o
    0x080009d8   0x080009d8   0x00000024   Code   RO         4009    i.Delay_Init        delay.o
    0x080009fc   0x080009fc   0x0000001c   Code   RO         4050    i.ESP8266_Clear     esp8266.o
    0x08000a18   0x08000a18   0x000000b4   Code   RO         4051    i.ESP8266_ConnectCloud  esp8266.o
    0x08000acc   0x08000acc   0x00000068   Code   RO         4052    i.ESP8266_ConnectWiFi  esp8266.o
    0x08000b34   0x08000b34   0x000000c0   Code   RO         4054    i.ESP8266_MQTT_Publish  esp8266.o
    0x08000bf4   0x08000bf4   0x00000050   Code   RO         4055    i.ESP8266_MQTT_Subscribe  esp8266.o
    0x08000c44   0x08000c44   0x000000bc   Code   RO         4057    i.ESP8266_SendCmd   esp8266.o
    0x08000d00   0x08000d00   0x0000005c   Code   RO         4058    i.ESP8266_WaitForStr  esp8266.o
    0x08000d5c   0x08000d5c   0x00000024   Code   RO         4059    i.ESP8266_WaitRecive  esp8266.o
    0x08000d80   0x08000d80   0x0000001e   Code   RO          448    i.EXTI15_10_IRQHandler  stm32f1xx_it.o
    0x08000d9e   0x08000d9e   0x00000004   Code   RO           13    i.Error_Handler     main.o
    0x08000da2   0x08000da2   0x00000002   PAD
    0x08000da4   0x08000da4   0x00000024   Code   RO         1701    i.FLASH_MassErase   stm32f1xx_hal_flash_ex.o
    0x08000dc8   0x08000dc8   0x00000024   Code   RO         1706    i.FLASH_PageErase   stm32f1xx_hal_flash_ex.o
    0x08000dec   0x08000dec   0x0000001c   Code   RO         1598    i.FLASH_Program_HalfWord  stm32f1xx_hal_flash.o
    0x08000e08   0x08000e08   0x0000005c   Code   RO         1599    i.FLASH_SetErrorCode  stm32f1xx_hal_flash.o
    0x08000e64   0x08000e64   0x00000054   Code   RO         1600    i.FLASH_WaitForLastOperation  stm32f1xx_hal_flash.o
    0x08000eb8   0x08000eb8   0x0000006c   Code   RO           15    i.Flash_Write_Threshold  main.o
    0x08000f24   0x08000f24   0x000000fc   Code   RO          611    i.HAL_ADC_ConfigChannel  stm32f1xx_hal_adc.o
    0x08001020   0x08001020   0x00000006   Code   RO          618    i.HAL_ADC_GetValue  stm32f1xx_hal_adc.o
    0x08001026   0x08001026   0x00000002   PAD
    0x08001028   0x08001028   0x0000011c   Code   RO          620    i.HAL_ADC_Init      stm32f1xx_hal_adc.o
    0x08001144   0x08001144   0x00000088   Code   RO          248    i.HAL_ADC_MspInit   adc.o
    0x080011cc   0x080011cc   0x0000013c   Code   RO          624    i.HAL_ADC_PollForConversion  stm32f1xx_hal_adc.o
    0x08001308   0x08001308   0x000000c0   Code   RO          626    i.HAL_ADC_Start     stm32f1xx_hal_adc.o
    0x080013c8   0x080013c8   0x00000046   Code   RO         1262    i.HAL_DMA_Abort     stm32f1xx_hal_dma.o
    0x0800140e   0x0800140e   0x00000002   PAD
    0x08001410   0x08001410   0x00000098   Code   RO         1263    i.HAL_DMA_Abort_IT  stm32f1xx_hal_dma.o
    0x080014a8   0x080014a8   0x00000154   Code   RO         1267    i.HAL_DMA_IRQHandler  stm32f1xx_hal_dma.o
    0x080015fc   0x080015fc   0x0000005c   Code   RO         1268    i.HAL_DMA_Init      stm32f1xx_hal_dma.o
    0x08001658   0x08001658   0x00000070   Code   RO         1272    i.HAL_DMA_Start_IT  stm32f1xx_hal_dma.o
    0x080016c8   0x080016c8   0x000000a8   Code   RO         1707    i.HAL_FLASHEx_Erase  stm32f1xx_hal_flash_ex.o
    0x08001770   0x08001770   0x00000014   Code   RO         1604    i.HAL_FLASH_Lock    stm32f1xx_hal_flash.o
    0x08001784   0x08001784   0x00000080   Code   RO         1609    i.HAL_FLASH_Program  stm32f1xx_hal_flash.o
    0x08001804   0x08001804   0x00000028   Code   RO         1611    i.HAL_FLASH_Unlock  stm32f1xx_hal_flash.o
    0x0800182c   0x0800182c   0x000000d4   Code   RO           16    i.HAL_GPIO_EXTI_Callback  main.o
    0x08001900   0x08001900   0x00000018   Code   RO         1197    i.HAL_GPIO_EXTI_IRQHandler  stm32f1xx_hal_gpio.o
    0x08001918   0x08001918   0x000001e0   Code   RO         1198    i.HAL_GPIO_Init     stm32f1xx_hal_gpio.o
    0x08001af8   0x08001af8   0x0000000a   Code   RO         1200    i.HAL_GPIO_ReadPin  stm32f1xx_hal_gpio.o
    0x08001b02   0x08001b02   0x0000000a   Code   RO         1202    i.HAL_GPIO_WritePin  stm32f1xx_hal_gpio.o
    0x08001b0c   0x08001b0c   0x0000000c   Code   RO          892    i.HAL_GetTick       stm32f1xx_hal.o
    0x08001b18   0x08001b18   0x00000010   Code   RO          898    i.HAL_IncTick       stm32f1xx_hal.o
    0x08001b28   0x08001b28   0x00000024   Code   RO          899    i.HAL_Init          stm32f1xx_hal.o
    0x08001b4c   0x08001b4c   0x00000040   Code   RO          900    i.HAL_InitTick      stm32f1xx_hal.o
    0x08001b8c   0x08001b8c   0x0000003c   Code   RO          545    i.HAL_MspInit       stm32f1xx_hal_msp.o
    0x08001bc8   0x08001bc8   0x0000001a   Code   RO         1358    i.HAL_NVIC_EnableIRQ  stm32f1xx_hal_cortex.o
    0x08001be2   0x08001be2   0x00000002   PAD
    0x08001be4   0x08001be4   0x00000040   Code   RO         1364    i.HAL_NVIC_SetPriority  stm32f1xx_hal_cortex.o
    0x08001c24   0x08001c24   0x00000024   Code   RO         1365    i.HAL_NVIC_SetPriorityGrouping  stm32f1xx_hal_cortex.o
    0x08001c48   0x08001c48   0x000000a4   Code   RO         1159    i.HAL_RCCEx_GetPeriphCLKFreq  stm32f1xx_hal_rcc_ex.o
    0x08001cec   0x08001cec   0x000000ec   Code   RO         1160    i.HAL_RCCEx_PeriphCLKConfig  stm32f1xx_hal_rcc_ex.o
    0x08001dd8   0x08001dd8   0x0000012c   Code   RO         1056    i.HAL_RCC_ClockConfig  stm32f1xx_hal_rcc.o
    0x08001f04   0x08001f04   0x00000020   Code   RO         1063    i.HAL_RCC_GetPCLK1Freq  stm32f1xx_hal_rcc.o
    0x08001f24   0x08001f24   0x00000020   Code   RO         1064    i.HAL_RCC_GetPCLK2Freq  stm32f1xx_hal_rcc.o
    0x08001f44   0x08001f44   0x0000004c   Code   RO         1065    i.HAL_RCC_GetSysClockFreq  stm32f1xx_hal_rcc.o
    0x08001f90   0x08001f90   0x00000320   Code   RO         1068    i.HAL_RCC_OscConfig  stm32f1xx_hal_rcc.o
    0x080022b0   0x080022b0   0x00000028   Code   RO         1369    i.HAL_SYSTICK_Config  stm32f1xx_hal_cortex.o
    0x080022d8   0x080022d8   0x00000002   Code   RO         2564    i.HAL_TIMEx_BreakCallback  stm32f1xx_hal_tim_ex.o
    0x080022da   0x080022da   0x00000002   Code   RO         2565    i.HAL_TIMEx_CommutCallback  stm32f1xx_hal_tim_ex.o
    0x080022dc   0x080022dc   0x00000068   Code   RO         2583    i.HAL_TIMEx_MasterConfigSynchronization  stm32f1xx_hal_tim_ex.o
    0x08002344   0x08002344   0x0000005a   Code   RO         1860    i.HAL_TIM_Base_Init  stm32f1xx_hal_tim.o
    0x0800239e   0x0800239e   0x00000002   PAD
    0x080023a0   0x080023a0   0x00000038   Code   RO          330    i.HAL_TIM_Base_MspInit  tim.o
    0x080023d8   0x080023d8   0x000000dc   Code   RO         1869    i.HAL_TIM_ConfigClockSource  stm32f1xx_hal_tim.o
    0x080024b4   0x080024b4   0x00000002   Code   RO         1894    i.HAL_TIM_IC_CaptureCallback  stm32f1xx_hal_tim.o
    0x080024b6   0x080024b6   0x00000130   Code   RO         1908    i.HAL_TIM_IRQHandler  stm32f1xx_hal_tim.o
    0x080025e6   0x080025e6   0x00000002   PAD
    0x080025e8   0x080025e8   0x0000005c   Code   RO          331    i.HAL_TIM_MspPostInit  tim.o
    0x08002644   0x08002644   0x00000002   Code   RO         1911    i.HAL_TIM_OC_DelayElapsedCallback  stm32f1xx_hal_tim.o
    0x08002646   0x08002646   0x000000cc   Code   RO         1932    i.HAL_TIM_PWM_ConfigChannel  stm32f1xx_hal_tim.o
    0x08002712   0x08002712   0x0000005a   Code   RO         1935    i.HAL_TIM_PWM_Init  stm32f1xx_hal_tim.o
    0x0800276c   0x0800276c   0x00000002   Code   RO         1937    i.HAL_TIM_PWM_MspInit  stm32f1xx_hal_tim.o
    0x0800276e   0x0800276e   0x00000002   Code   RO         1938    i.HAL_TIM_PWM_PulseFinishedCallback  stm32f1xx_hal_tim.o
    0x08002770   0x08002770   0x00000002   Code   RO         1946    i.HAL_TIM_PeriodElapsedCallback  stm32f1xx_hal_tim.o
    0x08002772   0x08002772   0x00000002   Code   RO         1951    i.HAL_TIM_TriggerCallback  stm32f1xx_hal_tim.o
    0x08002774   0x08002774   0x00000002   Code   RO         2843    i.HAL_UARTEx_RxEventCallback  stm32f1xx_hal_uart.o
    0x08002776   0x08002776   0x00000070   Code   RO         2855    i.HAL_UART_DMAStop  stm32f1xx_hal_uart.o
    0x080027e6   0x080027e6   0x00000002   Code   RO         2857    i.HAL_UART_ErrorCallback  stm32f1xx_hal_uart.o
    0x080027e8   0x080027e8   0x0000026c   Code   RO         2860    i.HAL_UART_IRQHandler  stm32f1xx_hal_uart.o
    0x08002a54   0x08002a54   0x00000064   Code   RO         2861    i.HAL_UART_Init     stm32f1xx_hal_uart.o
    0x08002ab8   0x08002ab8   0x00000100   Code   RO          392    i.HAL_UART_MspInit  usart.o
    0x08002bb8   0x08002bb8   0x0000001c   Code   RO         2865    i.HAL_UART_Receive_DMA  stm32f1xx_hal_uart.o
    0x08002bd4   0x08002bd4   0x0000002c   Code   RO         4060    i.HAL_UART_RxCpltCallback  esp8266.o
    0x08002c00   0x08002c00   0x00000002   Code   RO         2868    i.HAL_UART_RxHalfCpltCallback  stm32f1xx_hal_uart.o
    0x08002c02   0x08002c02   0x000000a0   Code   RO         2869    i.HAL_UART_Transmit  stm32f1xx_hal_uart.o
    0x08002ca2   0x08002ca2   0x00000002   Code   RO         2872    i.HAL_UART_TxCpltCallback  stm32f1xx_hal_uart.o
    0x08002ca4   0x08002ca4   0x00000002   Code   RO          449    i.HardFault_Handler  stm32f1xx_it.o
    0x08002ca6   0x08002ca6   0x00000002   PAD
    0x08002ca8   0x08002ca8   0x00000044   Code   RO         3232    i.I2C_Start         oled.o
    0x08002cec   0x08002cec   0x00000034   Code   RO         3233    i.I2C_Stop          oled.o
    0x08002d20   0x08002d20   0x00000038   Code   RO         3234    i.I2C_WaitAck       oled.o
    0x08002d58   0x08002d58   0x0000000a   Code   RO         3235    i.IIC_delay         oled.o
    0x08002d62   0x08002d62   0x00000002   PAD
    0x08002d64   0x08002d64   0x00000108   Code   RO         4156    i.MQTT_Publish_Data  mqtt_publisher.o
    0x08002e6c   0x08002e6c   0x00000050   Code   RO          249    i.MX_ADC1_Init      adc.o
    0x08002ebc   0x08002ebc   0x00000050   Code   RO          250    i.MX_ADC2_Init      adc.o
    0x08002f0c   0x08002f0c   0x0000002c   Code   RO          305    i.MX_DMA_Init       dma.o
    0x08002f38   0x08002f38   0x000000fc   Code   RO          221    i.MX_GPIO_Init      gpio.o
    0x08003034   0x08003034   0x00000098   Code   RO          332    i.MX_TIM2_Init      tim.o
    0x080030cc   0x080030cc   0x00000040   Code   RO          393    i.MX_USART1_UART_Init  usart.o
    0x0800310c   0x0800310c   0x00000038   Code   RO          394    i.MX_USART3_UART_Init  usart.o
    0x08003144   0x08003144   0x00000002   Code   RO          450    i.MemManage_Handler  stm32f1xx_it.o
    0x08003146   0x08003146   0x00000002   Code   RO          451    i.NMI_Handler       stm32f1xx_it.o
    0x08003148   0x08003148   0x0000002c   Code   RO         3236    i.OLED_Clear        oled.o
    0x08003174   0x08003174   0x0000002c   Code   RO         3243    i.OLED_DrawPoint    oled.o
    0x080031a0   0x080031a0   0x000000da   Code   RO         3244    i.OLED_Init         oled.o
    0x0800327a   0x0800327a   0x00000010   Code   RO         3245    i.OLED_Pow          oled.o
    0x0800328a   0x0800328a   0x00000002   PAD
    0x0800328c   0x0800328c   0x00000068   Code   RO         3246    i.OLED_Refresh      oled.o
    0x080032f4   0x080032f4   0x000000e4   Code   RO         3247    i.OLED_ShowChar     oled.o
    0x080033d8   0x080033d8   0x0000006e   Code   RO         3248    i.OLED_ShowNum      oled.o
    0x08003446   0x08003446   0x0000003c   Code   RO         3250    i.OLED_ShowString   oled.o
    0x08003482   0x08003482   0x00000036   Code   RO         3251    i.OLED_WR_Byte      oled.o
    0x080034b8   0x080034b8   0x00000002   Code   RO          452    i.PendSV_Handler    stm32f1xx_it.o
    0x080034ba   0x080034ba   0x00000002   Code   RO          453    i.SVC_Handler       stm32f1xx_it.o
    0x080034bc   0x080034bc   0x00000054   Code   RO         3252    i.Send_Byte         oled.o
    0x08003510   0x08003510   0x00000138   Code   RO           18    i.SettingInterface  main.o
    0x08003648   0x08003648   0x00000004   Code   RO          454    i.SysTick_Handler   stm32f1xx_it.o
    0x0800364c   0x0800364c   0x00000078   Code   RO           19    i.SystemClock_Config  main.o
    0x080036c4   0x080036c4   0x00000002   Code   RO         3195    i.SystemInit        system_stm32f1xx.o
    0x080036c6   0x080036c6   0x00000002   PAD
    0x080036c8   0x080036c8   0x0000000c   Code   RO          455    i.TIM2_IRQHandler   stm32f1xx_it.o
    0x080036d4   0x080036d4   0x00000078   Code   RO         1953    i.TIM_Base_SetConfig  stm32f1xx_hal_tim.o
    0x0800374c   0x0800374c   0x00000014   Code   RO         1964    i.TIM_ETR_SetConfig  stm32f1xx_hal_tim.o
    0x08003760   0x08003760   0x00000010   Code   RO         1965    i.TIM_ITRx_SetConfig  stm32f1xx_hal_tim.o
    0x08003770   0x08003770   0x00000050   Code   RO         1966    i.TIM_OC1_SetConfig  stm32f1xx_hal_tim.o
    0x080037c0   0x080037c0   0x00000058   Code   RO         1967    i.TIM_OC2_SetConfig  stm32f1xx_hal_tim.o
    0x08003818   0x08003818   0x00000058   Code   RO         1968    i.TIM_OC3_SetConfig  stm32f1xx_hal_tim.o
    0x08003870   0x08003870   0x00000044   Code   RO         1969    i.TIM_OC4_SetConfig  stm32f1xx_hal_tim.o
    0x080038b4   0x080038b4   0x00000022   Code   RO         1971    i.TIM_TI1_ConfigInputStage  stm32f1xx_hal_tim.o
    0x080038d6   0x080038d6   0x00000024   Code   RO         1973    i.TIM_TI2_ConfigInputStage  stm32f1xx_hal_tim.o
    0x080038fa   0x080038fa   0x00000010   Code   RO         2874    i.UART_DMAAbortOnError  stm32f1xx_hal_uart.o
    0x0800390a   0x0800390a   0x0000004a   Code   RO         2875    i.UART_DMAError     stm32f1xx_hal_uart.o
    0x08003954   0x08003954   0x00000086   Code   RO         2876    i.UART_DMAReceiveCplt  stm32f1xx_hal_uart.o
    0x080039da   0x080039da   0x0000001e   Code   RO         2878    i.UART_DMARxHalfCplt  stm32f1xx_hal_uart.o
    0x080039f8   0x080039f8   0x0000004e   Code   RO         2884    i.UART_EndRxTransfer  stm32f1xx_hal_uart.o
    0x08003a46   0x08003a46   0x0000001c   Code   RO         2885    i.UART_EndTxTransfer  stm32f1xx_hal_uart.o
    0x08003a62   0x08003a62   0x000000c2   Code   RO         2886    i.UART_Receive_IT   stm32f1xx_hal_uart.o
    0x08003b24   0x08003b24   0x000000b8   Code   RO         2887    i.UART_SetConfig    stm32f1xx_hal_uart.o
    0x08003bdc   0x08003bdc   0x00000090   Code   RO         2888    i.UART_Start_Receive_DMA  stm32f1xx_hal_uart.o
    0x08003c6c   0x08003c6c   0x00000072   Code   RO         2890    i.UART_WaitOnFlagUntilTimeout  stm32f1xx_hal_uart.o
    0x08003cde   0x08003cde   0x00000002   PAD
    0x08003ce0   0x08003ce0   0x00000054   Code   RO          456    i.USART1_IRQHandler  stm32f1xx_it.o
    0x08003d34   0x08003d34   0x00000002   Code   RO          457    i.UsageFault_Handler  stm32f1xx_it.o
    0x08003d36   0x08003d36   0x00000002   PAD
    0x08003d38   0x08003d38   0x00000020   Code   RO         4503    i.__0printf         mc_w.l(printfa.o)
    0x08003d58   0x08003d58   0x00000030   Code   RO         4504    i.__0snprintf       mc_w.l(printfa.o)
    0x08003d88   0x08003d88   0x00000020   Code   RO         1371    i.__NVIC_SetPriority  stm32f1xx_hal_cortex.o
    0x08003da8   0x08003da8   0x0000000e   Code   RO         4679    i.__scatterload_copy  mc_w.l(handlers.o)
    0x08003db6   0x08003db6   0x00000002   Code   RO         4680    i.__scatterload_null  mc_w.l(handlers.o)
    0x08003db8   0x08003db8   0x0000000e   Code   RO         4681    i.__scatterload_zeroinit  mc_w.l(handlers.o)
    0x08003dc6   0x08003dc6   0x00000002   PAD
    0x08003dc8   0x08003dc8   0x00000184   Code   RO         4510    i._fp_digits        mc_w.l(printfa.o)
    0x08003f4c   0x08003f4c   0x000006dc   Code   RO         4511    i._printf_core      mc_w.l(printfa.o)
    0x08004628   0x08004628   0x00000024   Code   RO         4512    i._printf_post_padding  mc_w.l(printfa.o)
    0x0800464c   0x0800464c   0x0000002e   Code   RO         4513    i._printf_pre_padding  mc_w.l(printfa.o)
    0x0800467a   0x0800467a   0x00000016   Code   RO         4514    i._snputc           mc_w.l(printfa.o)
    0x08004690   0x08004690   0x0000001a   Code   RO         4010    i.delay_ms          delay.o
    0x080046aa   0x080046aa   0x00000002   PAD
    0x080046ac   0x080046ac   0x00000034   Code   RO         4011    i.delay_us          delay.o
    0x080046e0   0x080046e0   0x00000018   Code   RO          395    i.fputc             usart.o
    0x080046f8   0x080046f8   0x00000664   Code   RO           20    i.main              main.o
    0x08004d5c   0x08004d5c   0x00000012   Data   RO         1069    .constdata          stm32f1xx_hal_rcc.o
    0x08004d6e   0x08004d6e   0x00000012   Data   RO         1161    .constdata          stm32f1xx_hal_rcc_ex.o
    0x08004d80   0x08004d80   0x00000010   Data   RO         3196    .constdata          system_stm32f1xx.o
    0x08004d90   0x08004d90   0x00000008   Data   RO         3197    .constdata          system_stm32f1xx.o
    0x08004d98   0x08004d98   0x000019e8   Data   RO         3254    .constdata          oled.o
    0x08006780   0x08006780   0x00000079   Data   RO         4062    .conststring        esp8266.o
    0x080067f9   0x080067f9   0x00000003   PAD
    0x080067fc   0x080067fc   0x00000020   Data   RO         4677    Region$$Table       anon$$obj.o


    Execution Region RW_IRAM1 (Exec base: 0x20000000, Load base: 0x0800681c, Size: 0x00000858, Max: 0x00005000, ABSOLUTE)

    Exec Addr    Load Addr    Size         Type   Attr      Idx    E Section Name        Object

    0x20000000   0x0800681c   0x00000010   Data   RW           21    .data               main.o
    0x20000010   0x0800682c   0x0000000c   Data   RW          906    .data               stm32f1xx_hal.o
    0x2000001c   0x08006838   0x00000004   Data   RW         3198    .data               system_stm32f1xx.o
    0x20000020   0x0800683c   0x00000008   Data   RW         4012    .data               delay.o
    0x20000028   0x08006844   0x00000004   Data   RW         4063    .data               esp8266.o
    0x2000002c   0x08006848   0x00000008   Data   RW         4158    .data               mqtt_publisher.o
    0x20000034   0x08006850   0x00000004   Data   RW         4595    .data               mc_w.l(stdout.o)
    0x20000038        -       0x00000060   Zero   RW          251    .bss                adc.o
    0x20000098        -       0x00000048   Zero   RW          335    .bss                tim.o
    0x200000e0        -       0x000000d4   Zero   RW          396    .bss                usart.o
    0x200001b4   0x08006854   0x00000004   PAD
    0x200001b8        -       0x00000020   Zero   RW         1612    .bss                stm32f1xx_hal_flash.o
    0x200001d8        -       0x00000200   Zero   RW         3253    .bss                oled.o
    0x200003d8        -       0x00000080   Zero   RW         4061    .bss                esp8266.o
    0x20000458        -       0x00000400   Zero   RW            1    STACK               startup_stm32f103xb.o


==============================================================================

Image component sizes


      Code (inc. data)   RO Data    RW Data    ZI Data      Debug   Object Name

       360         50          0          0         96       3234   adc.o
       114         18          0          8          0       1603   delay.o
       362         18          0          0          0       3882   dht11.o
        44          4          0          0          0        758   dma.o
       944        324        121          4        128       8627   esp8266.o
       252         22          0          0          0        991   gpio.o
      2392        840          0         16          0     455547   main.o
       264        172          0          8          0       1005   mqtt_publisher.o
      1148         48       6632          0        512       9471   oled.o
        36          8        236          0       1024        804   startup_stm32f103xb.o
       128         24          0         12          0       5297   stm32f1xx_hal.o
      1260         54          0          0          0       6524   stm32f1xx_hal_adc.o
       198         14          0          0          0      28935   stm32f1xx_hal_cortex.o
       808         36          0          0          0       4986   stm32f1xx_hal_dma.o
       392         46          0          0         32       4726   stm32f1xx_hal_flash.o
       240         26          0          0          0       3245   stm32f1xx_hal_flash_ex.o
       524         40          0          0          0       4114   stm32f1xx_hal_gpio.o
        60          8          0          0          0        874   stm32f1xx_hal_msp.o
      1240         84         18          0          0       5112   stm32f1xx_hal_rcc.o
       400         28         18          0          0       2465   stm32f1xx_hal_rcc_ex.o
      1470         32          0          0          0      14578   stm32f1xx_hal_tim.o
       108         12          0          0          0       2401   stm32f1xx_hal_tim_ex.o
      2024         24          0          0          0      14827   stm32f1xx_hal_uart.o
       158         26          0          0          0       6296   stm32f1xx_it.o
         2          0         24          4          0       1119   system_stm32f1xx.o
       300         24          0          0         72       2571   tim.o
       400         52          0          0        212       2926   usart.o

    ----------------------------------------------------------------------
     15660       2034       7084         52       2080     596918   Object Totals
         0          0         32          0          0          0   (incl. Generated)
        32          0          3          0          4          0   (incl. Padding)

    ----------------------------------------------------------------------

      Code (inc. data)   RO Data    RW Data    ZI Data      Debug   Library Member Name

         0          0          0          0          0          0   entry.o
         0          0          0          0          0          0   entry10a.o
         0          0          0          0          0          0   entry11a.o
         8          4          0          0          0          0   entry2.o
         4          0          0          0          0          0   entry5.o
         0          0          0          0          0          0   entry7b.o
         0          0          0          0          0          0   entry8b.o
         8          4          0          0          0          0   entry9a.o
        30          0          0          0          0          0   handlers.o
        36          8          0          0          0         68   init.o
         0          0          0          0          0          0   iusefp.o
        30          0          0          0          0         68   llshl.o
        36          0          0          0          0         68   llsshr.o
        32          0          0          0          0         68   llushr.o
        36          0          0          0          0         68   memcpya.o
        36          0          0          0          0        108   memseta.o
      2328         94          0          0          0        604   printfa.o
         0          0          0          4          0          0   stdout.o
        14          0          0          0          0         68   strlen.o
        36          0          0          0          0         80   strstr.o
        44          0          0          0          0         80   uidiv.o
        98          0          0          0          0         92   uldiv.o
        48          0          0          0          0         68   cdrcmple.o
       334          0          0          0          0        148   dadd.o
       222          0          0          0          0        100   ddiv.o
       186          0          0          0          0        176   depilogue.o
        62          0          0          0          0         80   dfixi.o
        48          0          0          0          0         68   dfixul.o
       228          0          0          0          0         96   dmul.o

    ----------------------------------------------------------------------
      3908        110          0          4          0       2108   Library Totals
         4          0          0          0          0          0   (incl. Padding)

    ----------------------------------------------------------------------

      Code (inc. data)   RO Data    RW Data    ZI Data      Debug   Library Name

      2776        110          0          4          0       1372   mc_w.l
      1128          0          0          0          0        736   mf_w.l

    ----------------------------------------------------------------------
      3908        110          0          4          0       2108   Library Totals

    ----------------------------------------------------------------------

==============================================================================


      Code (inc. data)   RO Data    RW Data    ZI Data      Debug   

     19568       2144       7084         56       2080     590494   Grand Totals
     19568       2144       7084         56       2080     590494   ELF Image Totals
     19568       2144       7084         56          0          0   ROM Totals

==============================================================================

    Total RO  Size (Code + RO Data)                26652 (  26.03kB)
    Total RW  Size (RW Data + ZI Data)              2136 (   2.09kB)
    Total ROM Size (Code + RO Data + RW Data)      26708 (  26.08kB)

==============================================================================

